Archive member included to satisfy reference by file (symbol)

c:/arm/gcc-arm-none-eabi-7-2018-q2-update-win32/bin/../lib/gcc/arm-none-eabi/7.3.1/thumb/v6-m\libgcc.a(unwind-arm.o)
                              C:\Users\paul\AppData\Local\Temp\ccA8zOw8.o (__aeabi_unwind_cpp_pr0)
c:/arm/gcc-arm-none-eabi-7-2018-q2-update-win32/bin/../lib/gcc/arm-none-eabi/7.3.1/thumb/v6-m\libgcc.a(libunwind.o)
                              c:/arm/gcc-arm-none-eabi-7-2018-q2-update-win32/bin/../lib/gcc/arm-none-eabi/7.3.1/thumb/v6-m\libgcc.a(unwind-arm.o) (restore_core_regs)
c:/arm/gcc-arm-none-eabi-7-2018-q2-update-win32/bin/../lib/gcc/arm-none-eabi/7.3.1/thumb/v6-m\libgcc.a(pr-support.o)
                              c:/arm/gcc-arm-none-eabi-7-2018-q2-update-win32/bin/../lib/gcc/arm-none-eabi/7.3.1/thumb/v6-m\libgcc.a(unwind-arm.o) (__gnu_unwind_execute)
c:/arm/gcc-arm-none-eabi-7-2018-q2-update-win32/bin/../lib/gcc/arm-none-eabi/7.3.1/../../../../arm-none-eabi/lib/thumb/v6-m\libg.a(lib_a-abort.o)
                              c:/arm/gcc-arm-none-eabi-7-2018-q2-update-win32/bin/../lib/gcc/arm-none-eabi/7.3.1/thumb/v6-m\libgcc.a(unwind-arm.o) (abort)
c:/arm/gcc-arm-none-eabi-7-2018-q2-update-win32/bin/../lib/gcc/arm-none-eabi/7.3.1/../../../../arm-none-eabi/lib/thumb/v6-m\libg.a(lib_a-exit.o)
                              c:/arm/gcc-arm-none-eabi-7-2018-q2-update-win32/bin/../lib/gcc/arm-none-eabi/7.3.1/../../../../arm-none-eabi/lib/thumb/v6-m/crt0.o (exit)
c:/arm/gcc-arm-none-eabi-7-2018-q2-update-win32/bin/../lib/gcc/arm-none-eabi/7.3.1/../../../../arm-none-eabi/lib/thumb/v6-m\libg.a(lib_a-impure.o)
                              c:/arm/gcc-arm-none-eabi-7-2018-q2-update-win32/bin/../lib/gcc/arm-none-eabi/7.3.1/../../../../arm-none-eabi/lib/thumb/v6-m\libg.a(lib_a-exit.o) (_global_impure_ptr)
c:/arm/gcc-arm-none-eabi-7-2018-q2-update-win32/bin/../lib/gcc/arm-none-eabi/7.3.1/../../../../arm-none-eabi/lib/thumb/v6-m\libg.a(lib_a-init.o)
                              c:/arm/gcc-arm-none-eabi-7-2018-q2-update-win32/bin/../lib/gcc/arm-none-eabi/7.3.1/../../../../arm-none-eabi/lib/thumb/v6-m/crt0.o (__libc_init_array)
c:/arm/gcc-arm-none-eabi-7-2018-q2-update-win32/bin/../lib/gcc/arm-none-eabi/7.3.1/../../../../arm-none-eabi/lib/thumb/v6-m\libg.a(lib_a-memcpy-stub.o)
                              c:/arm/gcc-arm-none-eabi-7-2018-q2-update-win32/bin/../lib/gcc/arm-none-eabi/7.3.1/thumb/v6-m\libgcc.a(unwind-arm.o) (memcpy)
c:/arm/gcc-arm-none-eabi-7-2018-q2-update-win32/bin/../lib/gcc/arm-none-eabi/7.3.1/../../../../arm-none-eabi/lib/thumb/v6-m\libg.a(lib_a-memset.o)
                              c:/arm/gcc-arm-none-eabi-7-2018-q2-update-win32/bin/../lib/gcc/arm-none-eabi/7.3.1/../../../../arm-none-eabi/lib/thumb/v6-m/crt0.o (memset)
c:/arm/gcc-arm-none-eabi-7-2018-q2-update-win32/bin/../lib/gcc/arm-none-eabi/7.3.1/../../../../arm-none-eabi/lib/thumb/v6-m\libg.a(lib_a-signal.o)
                              c:/arm/gcc-arm-none-eabi-7-2018-q2-update-win32/bin/../lib/gcc/arm-none-eabi/7.3.1/../../../../arm-none-eabi/lib/thumb/v6-m\libg.a(lib_a-abort.o) (raise)
c:/arm/gcc-arm-none-eabi-7-2018-q2-update-win32/bin/../lib/gcc/arm-none-eabi/7.3.1/../../../../arm-none-eabi/lib/thumb/v6-m\libg.a(lib_a-signalr.o)
                              c:/arm/gcc-arm-none-eabi-7-2018-q2-update-win32/bin/../lib/gcc/arm-none-eabi/7.3.1/../../../../arm-none-eabi/lib/thumb/v6-m\libg.a(lib_a-signal.o) (_kill_r)
c:/arm/gcc-arm-none-eabi-7-2018-q2-update-win32/bin/../lib/gcc/arm-none-eabi/7.3.1/../../../../arm-none-eabi/lib/thumb/v6-m\libg.a(lib_a-__call_atexit.o)
                              c:/arm/gcc-arm-none-eabi-7-2018-q2-update-win32/bin/../lib/gcc/arm-none-eabi/7.3.1/../../../../arm-none-eabi/lib/thumb/v6-m\libg.a(lib_a-exit.o) (__call_exitprocs)
c:/arm/gcc-arm-none-eabi-7-2018-q2-update-win32/bin/../lib/gcc/arm-none-eabi/7.3.1/../../../../arm-none-eabi/lib/thumb/v6-m\libg.a(lib_a-atexit.o)
                              c:/arm/gcc-arm-none-eabi-7-2018-q2-update-win32/bin/../lib/gcc/arm-none-eabi/7.3.1/../../../../arm-none-eabi/lib/thumb/v6-m\libg.a(lib_a-__call_atexit.o) (atexit)
c:/arm/gcc-arm-none-eabi-7-2018-q2-update-win32/bin/../lib/gcc/arm-none-eabi/7.3.1/../../../../arm-none-eabi/lib/thumb/v6-m\libg.a(lib_a-fini.o)
                              c:/arm/gcc-arm-none-eabi-7-2018-q2-update-win32/bin/../lib/gcc/arm-none-eabi/7.3.1/../../../../arm-none-eabi/lib/thumb/v6-m\libg.a(lib_a-__call_atexit.o) (__libc_fini_array)
c:/arm/gcc-arm-none-eabi-7-2018-q2-update-win32/bin/../lib/gcc/arm-none-eabi/7.3.1/../../../../arm-none-eabi/lib/thumb/v6-m\libg.a(lib_a-lock.o)
                              c:/arm/gcc-arm-none-eabi-7-2018-q2-update-win32/bin/../lib/gcc/arm-none-eabi/7.3.1/../../../../arm-none-eabi/lib/thumb/v6-m\libg.a(lib_a-__call_atexit.o) (__retarget_lock_acquire_recursive)
c:/arm/gcc-arm-none-eabi-7-2018-q2-update-win32/bin/../lib/gcc/arm-none-eabi/7.3.1/../../../../arm-none-eabi/lib/thumb/v6-m\libg.a(lib_a-mallocr.o)
                              c:/arm/gcc-arm-none-eabi-7-2018-q2-update-win32/bin/../lib/gcc/arm-none-eabi/7.3.1/../../../../arm-none-eabi/lib/thumb/v6-m\libg.a(lib_a-signal.o) (_malloc_r)
c:/arm/gcc-arm-none-eabi-7-2018-q2-update-win32/bin/../lib/gcc/arm-none-eabi/7.3.1/../../../../arm-none-eabi/lib/thumb/v6-m\libg.a(lib_a-mlock.o)
                              c:/arm/gcc-arm-none-eabi-7-2018-q2-update-win32/bin/../lib/gcc/arm-none-eabi/7.3.1/../../../../arm-none-eabi/lib/thumb/v6-m\libg.a(lib_a-mallocr.o) (__malloc_lock)
c:/arm/gcc-arm-none-eabi-7-2018-q2-update-win32/bin/../lib/gcc/arm-none-eabi/7.3.1/../../../../arm-none-eabi/lib/thumb/v6-m\libg.a(lib_a-reent.o)
                              c:/arm/gcc-arm-none-eabi-7-2018-q2-update-win32/bin/../lib/gcc/arm-none-eabi/7.3.1/../../../../arm-none-eabi/lib/thumb/v6-m\libg.a(lib_a-signalr.o) (errno)
c:/arm/gcc-arm-none-eabi-7-2018-q2-update-win32/bin/../lib/gcc/arm-none-eabi/7.3.1/../../../../arm-none-eabi/lib/thumb/v6-m\libg.a(lib_a-sbrkr.o)
                              c:/arm/gcc-arm-none-eabi-7-2018-q2-update-win32/bin/../lib/gcc/arm-none-eabi/7.3.1/../../../../arm-none-eabi/lib/thumb/v6-m\libg.a(lib_a-mallocr.o) (_sbrk_r)
c:/arm/gcc-arm-none-eabi-7-2018-q2-update-win32/bin/../lib/gcc/arm-none-eabi/7.3.1/../../../../arm-none-eabi/lib/thumb/v6-m\libg.a(lib_a-__atexit.o)
                              c:/arm/gcc-arm-none-eabi-7-2018-q2-update-win32/bin/../lib/gcc/arm-none-eabi/7.3.1/../../../../arm-none-eabi/lib/thumb/v6-m\libg.a(lib_a-atexit.o) (__register_exitproc)
c:/arm/gcc-arm-none-eabi-7-2018-q2-update-win32/bin/../lib/gcc/arm-none-eabi/7.3.1/../../../../arm-none-eabi/lib/thumb/v6-m\libg.a(lib_a-freer.o)
                              c:/arm/gcc-arm-none-eabi-7-2018-q2-update-win32/bin/../lib/gcc/arm-none-eabi/7.3.1/../../../../arm-none-eabi/lib/thumb/v6-m\libg.a(lib_a-mallocr.o) (_free_r)
c:/arm/gcc-arm-none-eabi-7-2018-q2-update-win32/bin/../lib/gcc/arm-none-eabi/7.3.1/../../../../arm-none-eabi/lib/thumb/v6-m\libnosys.a(getpid.o)
                              c:/arm/gcc-arm-none-eabi-7-2018-q2-update-win32/bin/../lib/gcc/arm-none-eabi/7.3.1/../../../../arm-none-eabi/lib/thumb/v6-m\libg.a(lib_a-signalr.o) (_getpid)
c:/arm/gcc-arm-none-eabi-7-2018-q2-update-win32/bin/../lib/gcc/arm-none-eabi/7.3.1/../../../../arm-none-eabi/lib/thumb/v6-m\libnosys.a(kill.o)
                              c:/arm/gcc-arm-none-eabi-7-2018-q2-update-win32/bin/../lib/gcc/arm-none-eabi/7.3.1/../../../../arm-none-eabi/lib/thumb/v6-m\libg.a(lib_a-signalr.o) (_kill)
c:/arm/gcc-arm-none-eabi-7-2018-q2-update-win32/bin/../lib/gcc/arm-none-eabi/7.3.1/../../../../arm-none-eabi/lib/thumb/v6-m\libnosys.a(sbrk.o)
                              c:/arm/gcc-arm-none-eabi-7-2018-q2-update-win32/bin/../lib/gcc/arm-none-eabi/7.3.1/../../../../arm-none-eabi/lib/thumb/v6-m\libg.a(lib_a-sbrkr.o) (_sbrk)
c:/arm/gcc-arm-none-eabi-7-2018-q2-update-win32/bin/../lib/gcc/arm-none-eabi/7.3.1/../../../../arm-none-eabi/lib/thumb/v6-m\libnosys.a(_exit.o)
                              c:/arm/gcc-arm-none-eabi-7-2018-q2-update-win32/bin/../lib/gcc/arm-none-eabi/7.3.1/../../../../arm-none-eabi/lib/thumb/v6-m\libg.a(lib_a-abort.o) (_exit)
c:/arm/gcc-arm-none-eabi-7-2018-q2-update-win32/bin/../lib/gcc/arm-none-eabi/7.3.1/thumb/v6-m\libgcc.a(_thumb1_case_uqi.o)
                              C:\Users\paul\AppData\Local\Temp\cc7Ghupa.ltrans0.ltrans.o (__gnu_thumb1_case_uqi)
c:/arm/gcc-arm-none-eabi-7-2018-q2-update-win32/bin/../lib/gcc/arm-none-eabi/7.3.1/thumb/v6-m\libgcc.a(_thumb1_case_uhi.o)
                              C:\Users\paul\AppData\Local\Temp\cc7Ghupa.ltrans0.ltrans.o (__gnu_thumb1_case_uhi)

Allocating common symbols
Common symbol       size              file

cur_addr_lo         0x2               source/gba.o (symbol from plugin)
buff3               0x14              source/buffer.o (symbol from plugin)
__lock___atexit_recursive_mutex
                    0x1               c:/arm/gcc-arm-none-eabi-7-2018-q2-update-win32/bin/../lib/gcc/arm-none-eabi/7.3.1/../../../../arm-none-eabi/lib/thumb/v6-m\libg.a(lib_a-lock.o)
cur_buff            0x4               source/buffer.o (symbol from plugin)
__lock___arc4random_mutex
                    0x1               c:/arm/gcc-arm-none-eabi-7-2018-q2-update-win32/bin/../lib/gcc/arm-none-eabi/7.3.1/../../../../arm-none-eabi/lib/thumb/v6-m\libg.a(lib_a-lock.o)
tdo_pin             0x1               source/jtag.o (symbol from plugin)
errno               0x4               c:/arm/gcc-arm-none-eabi-7-2018-q2-update-win32/bin/../lib/gcc/arm-none-eabi/7.3.1/../../../../arm-none-eabi/lib/thumb/v6-m\libg.a(lib_a-reent.o)
pbje_status         0x1               source/jtag.o (symbol from plugin)
pbje_command        0x1               source/jtag.o (symbol from plugin)
tck_base            0x4               source/jtag.o (symbol from plugin)
tck_pin             0x1               source/jtag.o (symbol from plugin)
bank_table          0x2               source/nes.o (symbol from plugin)
addrh               0x2               source/bootload.o (symbol from plugin)
buff1               0x14              source/buffer.o (symbol from plugin)
incoming_bytes_remain
                    0x1               source/buffer.o (symbol from plugin)
__lock___env_recursive_mutex
                    0x1               c:/arm/gcc-arm-none-eabi-7-2018-q2-update-win32/bin/../lib/gcc/arm-none-eabi/7.3.1/../../../../arm-none-eabi/lib/thumb/v6-m\libg.a(lib_a-lock.o)
__lock___sinit_recursive_mutex
                    0x1               c:/arm/gcc-arm-none-eabi-7-2018-q2-update-win32/bin/../lib/gcc/arm-none-eabi/7.3.1/../../../../arm-none-eabi/lib/thumb/v6-m\libg.a(lib_a-lock.o)
pbje_cmd_update_flag
                    0x1               source/jtag.o (symbol from plugin)
tms_pin             0x1               source/jtag.o (symbol from plugin)
__lock___malloc_recursive_mutex
                    0x1               c:/arm/gcc-arm-none-eabi-7-2018-q2-update-win32/bin/../lib/gcc/arm-none-eabi/7.3.1/../../../../arm-none-eabi/lib/thumb/v6-m\libg.a(lib_a-lock.o)
tdi_base            0x4               source/jtag.o (symbol from plugin)
tdo_base            0x4               source/jtag.o (symbol from plugin)
cur_addr_hi         0x1               source/gba.o (symbol from plugin)
buff2               0x14              source/buffer.o (symbol from plugin)
cur_bank            0x1               source/nes.o (symbol from plugin)
addr_ptr            0x4               source/bootload.o (symbol from plugin)
tdi_pin             0x1               source/jtag.o (symbol from plugin)
lfsr                0x4               source/stuff.o (symbol from plugin)
buff0               0x14              source/buffer.o (symbol from plugin)
raw_bank_status     0x10              source/buffer.o (symbol from plugin)
oper_info_struct    0x20              source/operation.o (symbol from plugin)
raw_buffer16        0x200             source/buffer.o (symbol from plugin)
tms_base            0x4               source/jtag.o (symbol from plugin)
swim_base           0x4               source/swim.o (symbol from plugin)
swim_pin            0x1               source/swim.o (symbol from plugin)
__lock___at_quick_exit_mutex
                    0x1               c:/arm/gcc-arm-none-eabi-7-2018-q2-update-win32/bin/../lib/gcc/arm-none-eabi/7.3.1/../../../../arm-none-eabi/lib/thumb/v6-m\libg.a(lib_a-lock.o)
cur_usb_load_buff   0x4               source/buffer.o (symbol from plugin)
pbje_numclk         0x1               source/jtag.o (symbol from plugin)
__lock___dd_hash_mutex
                    0x1               c:/arm/gcc-arm-none-eabi-7-2018-q2-update-win32/bin/../lib/gcc/arm-none-eabi/7.3.1/../../../../arm-none-eabi/lib/thumb/v6-m\libg.a(lib_a-lock.o)
__lock___tz_mutex   0x1               c:/arm/gcc-arm-none-eabi-7-2018-q2-update-win32/bin/../lib/gcc/arm-none-eabi/7.3.1/../../../../arm-none-eabi/lib/thumb/v6-m\libg.a(lib_a-lock.o)
n64_bank            0x2               source/n64.o (symbol from plugin)
pbje_data           0x20              source/jtag.o (symbol from plugin)
__lock___sfp_recursive_mutex
                    0x1               c:/arm/gcc-arm-none-eabi-7-2018-q2-update-win32/bin/../lib/gcc/arm-none-eabi/7.3.1/../../../../arm-none-eabi/lib/thumb/v6-m\libg.a(lib_a-lock.o)

Discarded input sections

 .text          0x00000000        0x0 c:/arm/gcc-arm-none-eabi-7-2018-q2-update-win32/bin/../lib/gcc/arm-none-eabi/7.3.1/thumb/v6-m/crti.o
 .data          0x00000000        0x0 c:/arm/gcc-arm-none-eabi-7-2018-q2-update-win32/bin/../lib/gcc/arm-none-eabi/7.3.1/thumb/v6-m/crti.o
 .bss           0x00000000        0x0 c:/arm/gcc-arm-none-eabi-7-2018-q2-update-win32/bin/../lib/gcc/arm-none-eabi/7.3.1/thumb/v6-m/crti.o
 .text          0x00000000       0x48 c:/arm/gcc-arm-none-eabi-7-2018-q2-update-win32/bin/../lib/gcc/arm-none-eabi/7.3.1/thumb/v6-m/crtbegin.o
 .data          0x00000000        0x4 c:/arm/gcc-arm-none-eabi-7-2018-q2-update-win32/bin/../lib/gcc/arm-none-eabi/7.3.1/thumb/v6-m/crtbegin.o
 .bss           0x00000000       0x1c c:/arm/gcc-arm-none-eabi-7-2018-q2-update-win32/bin/../lib/gcc/arm-none-eabi/7.3.1/thumb/v6-m/crtbegin.o
 .init_array    0x00000000        0x4 c:/arm/gcc-arm-none-eabi-7-2018-q2-update-win32/bin/../lib/gcc/arm-none-eabi/7.3.1/thumb/v6-m/crtbegin.o
 .fini_array    0x00000000        0x4 c:/arm/gcc-arm-none-eabi-7-2018-q2-update-win32/bin/../lib/gcc/arm-none-eabi/7.3.1/thumb/v6-m/crtbegin.o
 .eh_frame      0x00000000        0x0 c:/arm/gcc-arm-none-eabi-7-2018-q2-update-win32/bin/../lib/gcc/arm-none-eabi/7.3.1/thumb/v6-m/crtbegin.o
 .ARM.attributes
                0x00000000       0x2c c:/arm/gcc-arm-none-eabi-7-2018-q2-update-win32/bin/../lib/gcc/arm-none-eabi/7.3.1/thumb/v6-m/crtbegin.o
 .text          0x00000000       0x78 c:/arm/gcc-arm-none-eabi-7-2018-q2-update-win32/bin/../lib/gcc/arm-none-eabi/7.3.1/../../../../arm-none-eabi/lib/thumb/v6-m/crt0.o
 .data          0x00000000        0x0 c:/arm/gcc-arm-none-eabi-7-2018-q2-update-win32/bin/../lib/gcc/arm-none-eabi/7.3.1/../../../../arm-none-eabi/lib/thumb/v6-m/crt0.o
 .bss           0x00000000        0x0 c:/arm/gcc-arm-none-eabi-7-2018-q2-update-win32/bin/../lib/gcc/arm-none-eabi/7.3.1/../../../../arm-none-eabi/lib/thumb/v6-m/crt0.o
 .ARM.extab     0x00000000        0x0 c:/arm/gcc-arm-none-eabi-7-2018-q2-update-win32/bin/../lib/gcc/arm-none-eabi/7.3.1/../../../../arm-none-eabi/lib/thumb/v6-m/crt0.o
 .ARM.exidx     0x00000000        0x8 c:/arm/gcc-arm-none-eabi-7-2018-q2-update-win32/bin/../lib/gcc/arm-none-eabi/7.3.1/../../../../arm-none-eabi/lib/thumb/v6-m/crt0.o
 .ARM.attributes
                0x00000000       0x1b c:/arm/gcc-arm-none-eabi-7-2018-q2-update-win32/bin/../lib/gcc/arm-none-eabi/7.3.1/../../../../arm-none-eabi/lib/thumb/v6-m/crt0.o
 .text          0x00000000        0x0 C:\Users\paul\AppData\Local\Temp\ccwjSKJ8.o
 .data          0x00000000        0x0 C:\Users\paul\AppData\Local\Temp\ccwjSKJ8.o
 .bss           0x00000000        0x0 C:\Users\paul\AppData\Local\Temp\ccwjSKJ8.o
 .stack         0x00000000      0xc00 C:\Users\paul\AppData\Local\Temp\ccwjSKJ8.o
 .heap          0x00000000        0x0 C:\Users\paul\AppData\Local\Temp\ccwjSKJ8.o
 .debug_line    0x00000000       0x7c C:\Users\paul\AppData\Local\Temp\ccwjSKJ8.o
 .debug_info    0x00000000       0x22 C:\Users\paul\AppData\Local\Temp\ccwjSKJ8.o
 .debug_abbrev  0x00000000       0x12 C:\Users\paul\AppData\Local\Temp\ccwjSKJ8.o
 .debug_aranges
                0x00000000       0x28 C:\Users\paul\AppData\Local\Temp\ccwjSKJ8.o
 .debug_str     0x00000000       0x68 C:\Users\paul\AppData\Local\Temp\ccwjSKJ8.o
 .debug_ranges  0x00000000       0x20 C:\Users\paul\AppData\Local\Temp\ccwjSKJ8.o
 .ARM.attributes
                0x00000000       0x1b C:\Users\paul\AppData\Local\Temp\ccwjSKJ8.o
 .text          0x00000000        0x0 C:\Users\paul\AppData\Local\Temp\cc7Ghupa.ltrans0.ltrans.o
 .data          0x00000000        0x0 C:\Users\paul\AppData\Local\Temp\cc7Ghupa.ltrans0.ltrans.o
 .bss           0x00000000        0x0 C:\Users\paul\AppData\Local\Temp\cc7Ghupa.ltrans0.ltrans.o
 .text          0x00000000        0x4 C:\Users\paul\AppData\Local\Temp\ccA8zOw8.o
 .data          0x00000000        0x0 C:\Users\paul\AppData\Local\Temp\ccA8zOw8.o
 .bss           0x00000000        0x0 C:\Users\paul\AppData\Local\Temp\ccA8zOw8.o
 .ARM.extab     0x00000000        0x0 C:\Users\paul\AppData\Local\Temp\ccA8zOw8.o
 .ARM.exidx     0x00000000        0x8 C:\Users\paul\AppData\Local\Temp\ccA8zOw8.o
 .debug_line    0x00000000       0x49 C:\Users\paul\AppData\Local\Temp\ccA8zOw8.o
 .debug_info    0x00000000       0x26 C:\Users\paul\AppData\Local\Temp\ccA8zOw8.o
 .debug_abbrev  0x00000000       0x14 C:\Users\paul\AppData\Local\Temp\ccA8zOw8.o
 .debug_aranges
                0x00000000       0x20 C:\Users\paul\AppData\Local\Temp\ccA8zOw8.o
 .debug_str     0x00000000       0x65 C:\Users\paul\AppData\Local\Temp\ccA8zOw8.o
 .ARM.attributes
                0x00000000       0x21 C:\Users\paul\AppData\Local\Temp\ccA8zOw8.o
 .data          0x00000000        0x0 C:\Users\paul\AppData\Local\Temp\ccobfpka.o
 .bss           0x00000000        0x0 C:\Users\paul\AppData\Local\Temp\ccobfpka.o
 .ARM.extab     0x00000000        0x0 C:\Users\paul\AppData\Local\Temp\ccobfpka.o
 .data          0x00000000        0x0 c:/arm/gcc-arm-none-eabi-7-2018-q2-update-win32/bin/../lib/gcc/arm-none-eabi/7.3.1/thumb/v6-m\libgcc.a(unwind-arm.o)
 .bss           0x00000000        0x0 c:/arm/gcc-arm-none-eabi-7-2018-q2-update-win32/bin/../lib/gcc/arm-none-eabi/7.3.1/thumb/v6-m\libgcc.a(unwind-arm.o)
 .debug_frame   0x00000000      0x2b4 c:/arm/gcc-arm-none-eabi-7-2018-q2-update-win32/bin/../lib/gcc/arm-none-eabi/7.3.1/thumb/v6-m\libgcc.a(unwind-arm.o)
 .ARM.attributes
                0x00000000       0x2c c:/arm/gcc-arm-none-eabi-7-2018-q2-update-win32/bin/../lib/gcc/arm-none-eabi/7.3.1/thumb/v6-m\libgcc.a(unwind-arm.o)
 .data          0x00000000        0x0 c:/arm/gcc-arm-none-eabi-7-2018-q2-update-win32/bin/../lib/gcc/arm-none-eabi/7.3.1/thumb/v6-m\libgcc.a(libunwind.o)
 .bss           0x00000000        0x0 c:/arm/gcc-arm-none-eabi-7-2018-q2-update-win32/bin/../lib/gcc/arm-none-eabi/7.3.1/thumb/v6-m\libgcc.a(libunwind.o)
 .ARM.attributes
                0x00000000       0x1e c:/arm/gcc-arm-none-eabi-7-2018-q2-update-win32/bin/../lib/gcc/arm-none-eabi/7.3.1/thumb/v6-m\libgcc.a(libunwind.o)
 .data          0x00000000        0x0 c:/arm/gcc-arm-none-eabi-7-2018-q2-update-win32/bin/../lib/gcc/arm-none-eabi/7.3.1/thumb/v6-m\libgcc.a(pr-support.o)
 .bss           0x00000000        0x0 c:/arm/gcc-arm-none-eabi-7-2018-q2-update-win32/bin/../lib/gcc/arm-none-eabi/7.3.1/thumb/v6-m\libgcc.a(pr-support.o)
 .debug_frame   0x00000000       0xf4 c:/arm/gcc-arm-none-eabi-7-2018-q2-update-win32/bin/../lib/gcc/arm-none-eabi/7.3.1/thumb/v6-m\libgcc.a(pr-support.o)
 .ARM.attributes
                0x00000000       0x2c c:/arm/gcc-arm-none-eabi-7-2018-q2-update-win32/bin/../lib/gcc/arm-none-eabi/7.3.1/thumb/v6-m\libgcc.a(pr-support.o)
 .text          0x00000000        0x0 c:/arm/gcc-arm-none-eabi-7-2018-q2-update-win32/bin/../lib/gcc/arm-none-eabi/7.3.1/../../../../arm-none-eabi/lib/thumb/v6-m\libg.a(lib_a-abort.o)
 .data          0x00000000        0x0 c:/arm/gcc-arm-none-eabi-7-2018-q2-update-win32/bin/../lib/gcc/arm-none-eabi/7.3.1/../../../../arm-none-eabi/lib/thumb/v6-m\libg.a(lib_a-abort.o)
 .bss           0x00000000        0x0 c:/arm/gcc-arm-none-eabi-7-2018-q2-update-win32/bin/../lib/gcc/arm-none-eabi/7.3.1/../../../../arm-none-eabi/lib/thumb/v6-m\libg.a(lib_a-abort.o)
 .debug_frame   0x00000000       0x28 c:/arm/gcc-arm-none-eabi-7-2018-q2-update-win32/bin/../lib/gcc/arm-none-eabi/7.3.1/../../../../arm-none-eabi/lib/thumb/v6-m\libg.a(lib_a-abort.o)
 .ARM.attributes
                0x00000000       0x2c c:/arm/gcc-arm-none-eabi-7-2018-q2-update-win32/bin/../lib/gcc/arm-none-eabi/7.3.1/../../../../arm-none-eabi/lib/thumb/v6-m\libg.a(lib_a-abort.o)
 .text          0x00000000        0x0 c:/arm/gcc-arm-none-eabi-7-2018-q2-update-win32/bin/../lib/gcc/arm-none-eabi/7.3.1/../../../../arm-none-eabi/lib/thumb/v6-m\libg.a(lib_a-exit.o)
 .data          0x00000000        0x0 c:/arm/gcc-arm-none-eabi-7-2018-q2-update-win32/bin/../lib/gcc/arm-none-eabi/7.3.1/../../../../arm-none-eabi/lib/thumb/v6-m\libg.a(lib_a-exit.o)
 .bss           0x00000000        0x0 c:/arm/gcc-arm-none-eabi-7-2018-q2-update-win32/bin/../lib/gcc/arm-none-eabi/7.3.1/../../../../arm-none-eabi/lib/thumb/v6-m\libg.a(lib_a-exit.o)
 .text.exit     0x00000000       0x20 c:/arm/gcc-arm-none-eabi-7-2018-q2-update-win32/bin/../lib/gcc/arm-none-eabi/7.3.1/../../../../arm-none-eabi/lib/thumb/v6-m\libg.a(lib_a-exit.o)
 .debug_frame   0x00000000       0x28 c:/arm/gcc-arm-none-eabi-7-2018-q2-update-win32/bin/../lib/gcc/arm-none-eabi/7.3.1/../../../../arm-none-eabi/lib/thumb/v6-m\libg.a(lib_a-exit.o)
 .ARM.attributes
                0x00000000       0x2c c:/arm/gcc-arm-none-eabi-7-2018-q2-update-win32/bin/../lib/gcc/arm-none-eabi/7.3.1/../../../../arm-none-eabi/lib/thumb/v6-m\libg.a(lib_a-exit.o)
 .text          0x00000000        0x0 c:/arm/gcc-arm-none-eabi-7-2018-q2-update-win32/bin/../lib/gcc/arm-none-eabi/7.3.1/../../../../arm-none-eabi/lib/thumb/v6-m\libg.a(lib_a-impure.o)
 .data          0x00000000        0x0 c:/arm/gcc-arm-none-eabi-7-2018-q2-update-win32/bin/../lib/gcc/arm-none-eabi/7.3.1/../../../../arm-none-eabi/lib/thumb/v6-m\libg.a(lib_a-impure.o)
 .bss           0x00000000        0x0 c:/arm/gcc-arm-none-eabi-7-2018-q2-update-win32/bin/../lib/gcc/arm-none-eabi/7.3.1/../../../../arm-none-eabi/lib/thumb/v6-m\libg.a(lib_a-impure.o)
 .rodata._global_impure_ptr
                0x00000000        0x4 c:/arm/gcc-arm-none-eabi-7-2018-q2-update-win32/bin/../lib/gcc/arm-none-eabi/7.3.1/../../../../arm-none-eabi/lib/thumb/v6-m\libg.a(lib_a-impure.o)
 .ARM.attributes
                0x00000000       0x2c c:/arm/gcc-arm-none-eabi-7-2018-q2-update-win32/bin/../lib/gcc/arm-none-eabi/7.3.1/../../../../arm-none-eabi/lib/thumb/v6-m\libg.a(lib_a-impure.o)
 .text          0x00000000        0x0 c:/arm/gcc-arm-none-eabi-7-2018-q2-update-win32/bin/../lib/gcc/arm-none-eabi/7.3.1/../../../../arm-none-eabi/lib/thumb/v6-m\libg.a(lib_a-init.o)
 .data          0x00000000        0x0 c:/arm/gcc-arm-none-eabi-7-2018-q2-update-win32/bin/../lib/gcc/arm-none-eabi/7.3.1/../../../../arm-none-eabi/lib/thumb/v6-m\libg.a(lib_a-init.o)
 .bss           0x00000000        0x0 c:/arm/gcc-arm-none-eabi-7-2018-q2-update-win32/bin/../lib/gcc/arm-none-eabi/7.3.1/../../../../arm-none-eabi/lib/thumb/v6-m\libg.a(lib_a-init.o)
 .text.__libc_init_array
                0x00000000       0x48 c:/arm/gcc-arm-none-eabi-7-2018-q2-update-win32/bin/../lib/gcc/arm-none-eabi/7.3.1/../../../../arm-none-eabi/lib/thumb/v6-m\libg.a(lib_a-init.o)
 .debug_frame   0x00000000       0x2c c:/arm/gcc-arm-none-eabi-7-2018-q2-update-win32/bin/../lib/gcc/arm-none-eabi/7.3.1/../../../../arm-none-eabi/lib/thumb/v6-m\libg.a(lib_a-init.o)
 .ARM.attributes
                0x00000000       0x2c c:/arm/gcc-arm-none-eabi-7-2018-q2-update-win32/bin/../lib/gcc/arm-none-eabi/7.3.1/../../../../arm-none-eabi/lib/thumb/v6-m\libg.a(lib_a-init.o)
 .text          0x00000000        0x0 c:/arm/gcc-arm-none-eabi-7-2018-q2-update-win32/bin/../lib/gcc/arm-none-eabi/7.3.1/../../../../arm-none-eabi/lib/thumb/v6-m\libg.a(lib_a-memcpy-stub.o)
 .data          0x00000000        0x0 c:/arm/gcc-arm-none-eabi-7-2018-q2-update-win32/bin/../lib/gcc/arm-none-eabi/7.3.1/../../../../arm-none-eabi/lib/thumb/v6-m\libg.a(lib_a-memcpy-stub.o)
 .bss           0x00000000        0x0 c:/arm/gcc-arm-none-eabi-7-2018-q2-update-win32/bin/../lib/gcc/arm-none-eabi/7.3.1/../../../../arm-none-eabi/lib/thumb/v6-m\libg.a(lib_a-memcpy-stub.o)
 .debug_frame   0x00000000       0x30 c:/arm/gcc-arm-none-eabi-7-2018-q2-update-win32/bin/../lib/gcc/arm-none-eabi/7.3.1/../../../../arm-none-eabi/lib/thumb/v6-m\libg.a(lib_a-memcpy-stub.o)
 .ARM.attributes
                0x00000000       0x2c c:/arm/gcc-arm-none-eabi-7-2018-q2-update-win32/bin/../lib/gcc/arm-none-eabi/7.3.1/../../../../arm-none-eabi/lib/thumb/v6-m\libg.a(lib_a-memcpy-stub.o)
 .text          0x00000000        0x0 c:/arm/gcc-arm-none-eabi-7-2018-q2-update-win32/bin/../lib/gcc/arm-none-eabi/7.3.1/../../../../arm-none-eabi/lib/thumb/v6-m\libg.a(lib_a-memset.o)
 .data          0x00000000        0x0 c:/arm/gcc-arm-none-eabi-7-2018-q2-update-win32/bin/../lib/gcc/arm-none-eabi/7.3.1/../../../../arm-none-eabi/lib/thumb/v6-m\libg.a(lib_a-memset.o)
 .bss           0x00000000        0x0 c:/arm/gcc-arm-none-eabi-7-2018-q2-update-win32/bin/../lib/gcc/arm-none-eabi/7.3.1/../../../../arm-none-eabi/lib/thumb/v6-m\libg.a(lib_a-memset.o)
 .text.memset   0x00000000       0x9c c:/arm/gcc-arm-none-eabi-7-2018-q2-update-win32/bin/../lib/gcc/arm-none-eabi/7.3.1/../../../../arm-none-eabi/lib/thumb/v6-m\libg.a(lib_a-memset.o)
 .debug_frame   0x00000000       0x30 c:/arm/gcc-arm-none-eabi-7-2018-q2-update-win32/bin/../lib/gcc/arm-none-eabi/7.3.1/../../../../arm-none-eabi/lib/thumb/v6-m\libg.a(lib_a-memset.o)
 .ARM.attributes
                0x00000000       0x2c c:/arm/gcc-arm-none-eabi-7-2018-q2-update-win32/bin/../lib/gcc/arm-none-eabi/7.3.1/../../../../arm-none-eabi/lib/thumb/v6-m\libg.a(lib_a-memset.o)
 .text          0x00000000        0x0 c:/arm/gcc-arm-none-eabi-7-2018-q2-update-win32/bin/../lib/gcc/arm-none-eabi/7.3.1/../../../../arm-none-eabi/lib/thumb/v6-m\libg.a(lib_a-signal.o)
 .data          0x00000000        0x0 c:/arm/gcc-arm-none-eabi-7-2018-q2-update-win32/bin/../lib/gcc/arm-none-eabi/7.3.1/../../../../arm-none-eabi/lib/thumb/v6-m\libg.a(lib_a-signal.o)
 .bss           0x00000000        0x0 c:/arm/gcc-arm-none-eabi-7-2018-q2-update-win32/bin/../lib/gcc/arm-none-eabi/7.3.1/../../../../arm-none-eabi/lib/thumb/v6-m\libg.a(lib_a-signal.o)
 .text._init_signal_r.part.0
                0x00000000       0x2c c:/arm/gcc-arm-none-eabi-7-2018-q2-update-win32/bin/../lib/gcc/arm-none-eabi/7.3.1/../../../../arm-none-eabi/lib/thumb/v6-m\libg.a(lib_a-signal.o)
 .text._init_signal_r
                0x00000000       0x1c c:/arm/gcc-arm-none-eabi-7-2018-q2-update-win32/bin/../lib/gcc/arm-none-eabi/7.3.1/../../../../arm-none-eabi/lib/thumb/v6-m\libg.a(lib_a-signal.o)
 .text._signal_r
                0x00000000       0x3c c:/arm/gcc-arm-none-eabi-7-2018-q2-update-win32/bin/../lib/gcc/arm-none-eabi/7.3.1/../../../../arm-none-eabi/lib/thumb/v6-m\libg.a(lib_a-signal.o)
 .text.__sigtramp_r
                0x00000000       0x50 c:/arm/gcc-arm-none-eabi-7-2018-q2-update-win32/bin/../lib/gcc/arm-none-eabi/7.3.1/../../../../arm-none-eabi/lib/thumb/v6-m\libg.a(lib_a-signal.o)
 .text.signal   0x00000000       0x18 c:/arm/gcc-arm-none-eabi-7-2018-q2-update-win32/bin/../lib/gcc/arm-none-eabi/7.3.1/../../../../arm-none-eabi/lib/thumb/v6-m\libg.a(lib_a-signal.o)
 .text._init_signal
                0x00000000       0x20 c:/arm/gcc-arm-none-eabi-7-2018-q2-update-win32/bin/../lib/gcc/arm-none-eabi/7.3.1/../../../../arm-none-eabi/lib/thumb/v6-m\libg.a(lib_a-signal.o)
 .text.__sigtramp
                0x00000000       0x14 c:/arm/gcc-arm-none-eabi-7-2018-q2-update-win32/bin/../lib/gcc/arm-none-eabi/7.3.1/../../../../arm-none-eabi/lib/thumb/v6-m\libg.a(lib_a-signal.o)
 .debug_frame   0x00000000       0xf8 c:/arm/gcc-arm-none-eabi-7-2018-q2-update-win32/bin/../lib/gcc/arm-none-eabi/7.3.1/../../../../arm-none-eabi/lib/thumb/v6-m\libg.a(lib_a-signal.o)
 .ARM.attributes
                0x00000000       0x2c c:/arm/gcc-arm-none-eabi-7-2018-q2-update-win32/bin/../lib/gcc/arm-none-eabi/7.3.1/../../../../arm-none-eabi/lib/thumb/v6-m\libg.a(lib_a-signal.o)
 .text          0x00000000        0x0 c:/arm/gcc-arm-none-eabi-7-2018-q2-update-win32/bin/../lib/gcc/arm-none-eabi/7.3.1/../../../../arm-none-eabi/lib/thumb/v6-m\libg.a(lib_a-signalr.o)
 .data          0x00000000        0x0 c:/arm/gcc-arm-none-eabi-7-2018-q2-update-win32/bin/../lib/gcc/arm-none-eabi/7.3.1/../../../../arm-none-eabi/lib/thumb/v6-m\libg.a(lib_a-signalr.o)
 .bss           0x00000000        0x0 c:/arm/gcc-arm-none-eabi-7-2018-q2-update-win32/bin/../lib/gcc/arm-none-eabi/7.3.1/../../../../arm-none-eabi/lib/thumb/v6-m\libg.a(lib_a-signalr.o)
 .debug_frame   0x00000000       0x44 c:/arm/gcc-arm-none-eabi-7-2018-q2-update-win32/bin/../lib/gcc/arm-none-eabi/7.3.1/../../../../arm-none-eabi/lib/thumb/v6-m\libg.a(lib_a-signalr.o)
 .ARM.attributes
                0x00000000       0x2c c:/arm/gcc-arm-none-eabi-7-2018-q2-update-win32/bin/../lib/gcc/arm-none-eabi/7.3.1/../../../../arm-none-eabi/lib/thumb/v6-m\libg.a(lib_a-signalr.o)
 .text          0x00000000        0x0 c:/arm/gcc-arm-none-eabi-7-2018-q2-update-win32/bin/../lib/gcc/arm-none-eabi/7.3.1/../../../../arm-none-eabi/lib/thumb/v6-m\libg.a(lib_a-__call_atexit.o)
 .data          0x00000000        0x0 c:/arm/gcc-arm-none-eabi-7-2018-q2-update-win32/bin/../lib/gcc/arm-none-eabi/7.3.1/../../../../arm-none-eabi/lib/thumb/v6-m\libg.a(lib_a-__call_atexit.o)
 .bss           0x00000000        0x0 c:/arm/gcc-arm-none-eabi-7-2018-q2-update-win32/bin/../lib/gcc/arm-none-eabi/7.3.1/../../../../arm-none-eabi/lib/thumb/v6-m\libg.a(lib_a-__call_atexit.o)
 .text.startup.register_fini
                0x00000000       0x18 c:/arm/gcc-arm-none-eabi-7-2018-q2-update-win32/bin/../lib/gcc/arm-none-eabi/7.3.1/../../../../arm-none-eabi/lib/thumb/v6-m\libg.a(lib_a-__call_atexit.o)
 .init_array.00000
                0x00000000        0x4 c:/arm/gcc-arm-none-eabi-7-2018-q2-update-win32/bin/../lib/gcc/arm-none-eabi/7.3.1/../../../../arm-none-eabi/lib/thumb/v6-m\libg.a(lib_a-__call_atexit.o)
 .text.__call_exitprocs
                0x00000000      0x118 c:/arm/gcc-arm-none-eabi-7-2018-q2-update-win32/bin/../lib/gcc/arm-none-eabi/7.3.1/../../../../arm-none-eabi/lib/thumb/v6-m\libg.a(lib_a-__call_atexit.o)
 .data.__atexit_recursive_mutex
                0x00000000        0x4 c:/arm/gcc-arm-none-eabi-7-2018-q2-update-win32/bin/../lib/gcc/arm-none-eabi/7.3.1/../../../../arm-none-eabi/lib/thumb/v6-m\libg.a(lib_a-__call_atexit.o)
 .debug_frame   0x00000000       0x54 c:/arm/gcc-arm-none-eabi-7-2018-q2-update-win32/bin/../lib/gcc/arm-none-eabi/7.3.1/../../../../arm-none-eabi/lib/thumb/v6-m\libg.a(lib_a-__call_atexit.o)
 .ARM.attributes
                0x00000000       0x2c c:/arm/gcc-arm-none-eabi-7-2018-q2-update-win32/bin/../lib/gcc/arm-none-eabi/7.3.1/../../../../arm-none-eabi/lib/thumb/v6-m\libg.a(lib_a-__call_atexit.o)
 .text          0x00000000        0x0 c:/arm/gcc-arm-none-eabi-7-2018-q2-update-win32/bin/../lib/gcc/arm-none-eabi/7.3.1/../../../../arm-none-eabi/lib/thumb/v6-m\libg.a(lib_a-atexit.o)
 .data          0x00000000        0x0 c:/arm/gcc-arm-none-eabi-7-2018-q2-update-win32/bin/../lib/gcc/arm-none-eabi/7.3.1/../../../../arm-none-eabi/lib/thumb/v6-m\libg.a(lib_a-atexit.o)
 .bss           0x00000000        0x0 c:/arm/gcc-arm-none-eabi-7-2018-q2-update-win32/bin/../lib/gcc/arm-none-eabi/7.3.1/../../../../arm-none-eabi/lib/thumb/v6-m\libg.a(lib_a-atexit.o)
 .text.atexit   0x00000000       0x10 c:/arm/gcc-arm-none-eabi-7-2018-q2-update-win32/bin/../lib/gcc/arm-none-eabi/7.3.1/../../../../arm-none-eabi/lib/thumb/v6-m\libg.a(lib_a-atexit.o)
 .debug_frame   0x00000000       0x28 c:/arm/gcc-arm-none-eabi-7-2018-q2-update-win32/bin/../lib/gcc/arm-none-eabi/7.3.1/../../../../arm-none-eabi/lib/thumb/v6-m\libg.a(lib_a-atexit.o)
 .ARM.attributes
                0x00000000       0x2c c:/arm/gcc-arm-none-eabi-7-2018-q2-update-win32/bin/../lib/gcc/arm-none-eabi/7.3.1/../../../../arm-none-eabi/lib/thumb/v6-m\libg.a(lib_a-atexit.o)
 .text          0x00000000        0x0 c:/arm/gcc-arm-none-eabi-7-2018-q2-update-win32/bin/../lib/gcc/arm-none-eabi/7.3.1/../../../../arm-none-eabi/lib/thumb/v6-m\libg.a(lib_a-fini.o)
 .data          0x00000000        0x0 c:/arm/gcc-arm-none-eabi-7-2018-q2-update-win32/bin/../lib/gcc/arm-none-eabi/7.3.1/../../../../arm-none-eabi/lib/thumb/v6-m\libg.a(lib_a-fini.o)
 .bss           0x00000000        0x0 c:/arm/gcc-arm-none-eabi-7-2018-q2-update-win32/bin/../lib/gcc/arm-none-eabi/7.3.1/../../../../arm-none-eabi/lib/thumb/v6-m\libg.a(lib_a-fini.o)
 .text.__libc_fini_array
                0x00000000       0x34 c:/arm/gcc-arm-none-eabi-7-2018-q2-update-win32/bin/../lib/gcc/arm-none-eabi/7.3.1/../../../../arm-none-eabi/lib/thumb/v6-m\libg.a(lib_a-fini.o)
 .debug_frame   0x00000000       0x2c c:/arm/gcc-arm-none-eabi-7-2018-q2-update-win32/bin/../lib/gcc/arm-none-eabi/7.3.1/../../../../arm-none-eabi/lib/thumb/v6-m\libg.a(lib_a-fini.o)
 .ARM.attributes
                0x00000000       0x2c c:/arm/gcc-arm-none-eabi-7-2018-q2-update-win32/bin/../lib/gcc/arm-none-eabi/7.3.1/../../../../arm-none-eabi/lib/thumb/v6-m\libg.a(lib_a-fini.o)
 .text          0x00000000        0x0 c:/arm/gcc-arm-none-eabi-7-2018-q2-update-win32/bin/../lib/gcc/arm-none-eabi/7.3.1/../../../../arm-none-eabi/lib/thumb/v6-m\libg.a(lib_a-lock.o)
 .data          0x00000000        0x0 c:/arm/gcc-arm-none-eabi-7-2018-q2-update-win32/bin/../lib/gcc/arm-none-eabi/7.3.1/../../../../arm-none-eabi/lib/thumb/v6-m\libg.a(lib_a-lock.o)
 .bss           0x00000000        0x0 c:/arm/gcc-arm-none-eabi-7-2018-q2-update-win32/bin/../lib/gcc/arm-none-eabi/7.3.1/../../../../arm-none-eabi/lib/thumb/v6-m\libg.a(lib_a-lock.o)
 .text.__retarget_lock_init
                0x00000000        0x4 c:/arm/gcc-arm-none-eabi-7-2018-q2-update-win32/bin/../lib/gcc/arm-none-eabi/7.3.1/../../../../arm-none-eabi/lib/thumb/v6-m\libg.a(lib_a-lock.o)
 .text.__retarget_lock_init_recursive
                0x00000000        0x4 c:/arm/gcc-arm-none-eabi-7-2018-q2-update-win32/bin/../lib/gcc/arm-none-eabi/7.3.1/../../../../arm-none-eabi/lib/thumb/v6-m\libg.a(lib_a-lock.o)
 .text.__retarget_lock_close
                0x00000000        0x4 c:/arm/gcc-arm-none-eabi-7-2018-q2-update-win32/bin/../lib/gcc/arm-none-eabi/7.3.1/../../../../arm-none-eabi/lib/thumb/v6-m\libg.a(lib_a-lock.o)
 .text.__retarget_lock_close_recursive
                0x00000000        0x4 c:/arm/gcc-arm-none-eabi-7-2018-q2-update-win32/bin/../lib/gcc/arm-none-eabi/7.3.1/../../../../arm-none-eabi/lib/thumb/v6-m\libg.a(lib_a-lock.o)
 .text.__retarget_lock_acquire
                0x00000000        0x4 c:/arm/gcc-arm-none-eabi-7-2018-q2-update-win32/bin/../lib/gcc/arm-none-eabi/7.3.1/../../../../arm-none-eabi/lib/thumb/v6-m\libg.a(lib_a-lock.o)
 .text.__retarget_lock_acquire_recursive
                0x00000000        0x4 c:/arm/gcc-arm-none-eabi-7-2018-q2-update-win32/bin/../lib/gcc/arm-none-eabi/7.3.1/../../../../arm-none-eabi/lib/thumb/v6-m\libg.a(lib_a-lock.o)
 .text.__retarget_lock_try_acquire
                0x00000000        0x4 c:/arm/gcc-arm-none-eabi-7-2018-q2-update-win32/bin/../lib/gcc/arm-none-eabi/7.3.1/../../../../arm-none-eabi/lib/thumb/v6-m\libg.a(lib_a-lock.o)
 .text.__retarget_lock_try_acquire_recursive
                0x00000000        0x4 c:/arm/gcc-arm-none-eabi-7-2018-q2-update-win32/bin/../lib/gcc/arm-none-eabi/7.3.1/../../../../arm-none-eabi/lib/thumb/v6-m\libg.a(lib_a-lock.o)
 .text.__retarget_lock_release
                0x00000000        0x4 c:/arm/gcc-arm-none-eabi-7-2018-q2-update-win32/bin/../lib/gcc/arm-none-eabi/7.3.1/../../../../arm-none-eabi/lib/thumb/v6-m\libg.a(lib_a-lock.o)
 .text.__retarget_lock_release_recursive
                0x00000000        0x4 c:/arm/gcc-arm-none-eabi-7-2018-q2-update-win32/bin/../lib/gcc/arm-none-eabi/7.3.1/../../../../arm-none-eabi/lib/thumb/v6-m\libg.a(lib_a-lock.o)
 .debug_frame   0x00000000       0xb0 c:/arm/gcc-arm-none-eabi-7-2018-q2-update-win32/bin/../lib/gcc/arm-none-eabi/7.3.1/../../../../arm-none-eabi/lib/thumb/v6-m\libg.a(lib_a-lock.o)
 .ARM.attributes
                0x00000000       0x2c c:/arm/gcc-arm-none-eabi-7-2018-q2-update-win32/bin/../lib/gcc/arm-none-eabi/7.3.1/../../../../arm-none-eabi/lib/thumb/v6-m\libg.a(lib_a-lock.o)
 COMMON         0x00000000       0x21 c:/arm/gcc-arm-none-eabi-7-2018-q2-update-win32/bin/../lib/gcc/arm-none-eabi/7.3.1/../../../../arm-none-eabi/lib/thumb/v6-m\libg.a(lib_a-lock.o)
 .text          0x00000000        0x0 c:/arm/gcc-arm-none-eabi-7-2018-q2-update-win32/bin/../lib/gcc/arm-none-eabi/7.3.1/../../../../arm-none-eabi/lib/thumb/v6-m\libg.a(lib_a-mallocr.o)
 .data          0x00000000        0x0 c:/arm/gcc-arm-none-eabi-7-2018-q2-update-win32/bin/../lib/gcc/arm-none-eabi/7.3.1/../../../../arm-none-eabi/lib/thumb/v6-m\libg.a(lib_a-mallocr.o)
 .bss           0x00000000        0x0 c:/arm/gcc-arm-none-eabi-7-2018-q2-update-win32/bin/../lib/gcc/arm-none-eabi/7.3.1/../../../../arm-none-eabi/lib/thumb/v6-m\libg.a(lib_a-mallocr.o)
 .text._malloc_r
                0x00000000      0x554 c:/arm/gcc-arm-none-eabi-7-2018-q2-update-win32/bin/../lib/gcc/arm-none-eabi/7.3.1/../../../../arm-none-eabi/lib/thumb/v6-m\libg.a(lib_a-mallocr.o)
 .bss.__malloc_current_mallinfo
                0x00000000       0x28 c:/arm/gcc-arm-none-eabi-7-2018-q2-update-win32/bin/../lib/gcc/arm-none-eabi/7.3.1/../../../../arm-none-eabi/lib/thumb/v6-m\libg.a(lib_a-mallocr.o)
 .bss.__malloc_max_sbrked_mem
                0x00000000        0x4 c:/arm/gcc-arm-none-eabi-7-2018-q2-update-win32/bin/../lib/gcc/arm-none-eabi/7.3.1/../../../../arm-none-eabi/lib/thumb/v6-m\libg.a(lib_a-mallocr.o)
 .bss.__malloc_max_total_mem
                0x00000000        0x4 c:/arm/gcc-arm-none-eabi-7-2018-q2-update-win32/bin/../lib/gcc/arm-none-eabi/7.3.1/../../../../arm-none-eabi/lib/thumb/v6-m\libg.a(lib_a-mallocr.o)
 .bss.__malloc_top_pad
                0x00000000        0x4 c:/arm/gcc-arm-none-eabi-7-2018-q2-update-win32/bin/../lib/gcc/arm-none-eabi/7.3.1/../../../../arm-none-eabi/lib/thumb/v6-m\libg.a(lib_a-mallocr.o)
 .data.__malloc_av_
                0x00000000      0x408 c:/arm/gcc-arm-none-eabi-7-2018-q2-update-win32/bin/../lib/gcc/arm-none-eabi/7.3.1/../../../../arm-none-eabi/lib/thumb/v6-m\libg.a(lib_a-mallocr.o)
 .data.__malloc_sbrk_base
                0x00000000        0x4 c:/arm/gcc-arm-none-eabi-7-2018-q2-update-win32/bin/../lib/gcc/arm-none-eabi/7.3.1/../../../../arm-none-eabi/lib/thumb/v6-m\libg.a(lib_a-mallocr.o)
 .data.__malloc_trim_threshold
                0x00000000        0x4 c:/arm/gcc-arm-none-eabi-7-2018-q2-update-win32/bin/../lib/gcc/arm-none-eabi/7.3.1/../../../../arm-none-eabi/lib/thumb/v6-m\libg.a(lib_a-mallocr.o)
 .debug_frame   0x00000000       0x3c c:/arm/gcc-arm-none-eabi-7-2018-q2-update-win32/bin/../lib/gcc/arm-none-eabi/7.3.1/../../../../arm-none-eabi/lib/thumb/v6-m\libg.a(lib_a-mallocr.o)
 .ARM.attributes
                0x00000000       0x2c c:/arm/gcc-arm-none-eabi-7-2018-q2-update-win32/bin/../lib/gcc/arm-none-eabi/7.3.1/../../../../arm-none-eabi/lib/thumb/v6-m\libg.a(lib_a-mallocr.o)
 .text          0x00000000        0x0 c:/arm/gcc-arm-none-eabi-7-2018-q2-update-win32/bin/../lib/gcc/arm-none-eabi/7.3.1/../../../../arm-none-eabi/lib/thumb/v6-m\libg.a(lib_a-mlock.o)
 .data          0x00000000        0x0 c:/arm/gcc-arm-none-eabi-7-2018-q2-update-win32/bin/../lib/gcc/arm-none-eabi/7.3.1/../../../../arm-none-eabi/lib/thumb/v6-m\libg.a(lib_a-mlock.o)
 .bss           0x00000000        0x0 c:/arm/gcc-arm-none-eabi-7-2018-q2-update-win32/bin/../lib/gcc/arm-none-eabi/7.3.1/../../../../arm-none-eabi/lib/thumb/v6-m\libg.a(lib_a-mlock.o)
 .text.__malloc_lock
                0x00000000       0x10 c:/arm/gcc-arm-none-eabi-7-2018-q2-update-win32/bin/../lib/gcc/arm-none-eabi/7.3.1/../../../../arm-none-eabi/lib/thumb/v6-m\libg.a(lib_a-mlock.o)
 .text.__malloc_unlock
                0x00000000       0x10 c:/arm/gcc-arm-none-eabi-7-2018-q2-update-win32/bin/../lib/gcc/arm-none-eabi/7.3.1/../../../../arm-none-eabi/lib/thumb/v6-m\libg.a(lib_a-mlock.o)
 .debug_frame   0x00000000       0x40 c:/arm/gcc-arm-none-eabi-7-2018-q2-update-win32/bin/../lib/gcc/arm-none-eabi/7.3.1/../../../../arm-none-eabi/lib/thumb/v6-m\libg.a(lib_a-mlock.o)
 .ARM.attributes
                0x00000000       0x2c c:/arm/gcc-arm-none-eabi-7-2018-q2-update-win32/bin/../lib/gcc/arm-none-eabi/7.3.1/../../../../arm-none-eabi/lib/thumb/v6-m\libg.a(lib_a-mlock.o)
 .text          0x00000000        0x0 c:/arm/gcc-arm-none-eabi-7-2018-q2-update-win32/bin/../lib/gcc/arm-none-eabi/7.3.1/../../../../arm-none-eabi/lib/thumb/v6-m\libg.a(lib_a-reent.o)
 .data          0x00000000        0x0 c:/arm/gcc-arm-none-eabi-7-2018-q2-update-win32/bin/../lib/gcc/arm-none-eabi/7.3.1/../../../../arm-none-eabi/lib/thumb/v6-m\libg.a(lib_a-reent.o)
 .bss           0x00000000        0x0 c:/arm/gcc-arm-none-eabi-7-2018-q2-update-win32/bin/../lib/gcc/arm-none-eabi/7.3.1/../../../../arm-none-eabi/lib/thumb/v6-m\libg.a(lib_a-reent.o)
 .text.cleanup_glue
                0x00000000       0x1c c:/arm/gcc-arm-none-eabi-7-2018-q2-update-win32/bin/../lib/gcc/arm-none-eabi/7.3.1/../../../../arm-none-eabi/lib/thumb/v6-m\libg.a(lib_a-reent.o)
 .text._reclaim_reent
                0x00000000       0x94 c:/arm/gcc-arm-none-eabi-7-2018-q2-update-win32/bin/../lib/gcc/arm-none-eabi/7.3.1/../../../../arm-none-eabi/lib/thumb/v6-m\libg.a(lib_a-reent.o)
 .debug_frame   0x00000000       0x48 c:/arm/gcc-arm-none-eabi-7-2018-q2-update-win32/bin/../lib/gcc/arm-none-eabi/7.3.1/../../../../arm-none-eabi/lib/thumb/v6-m\libg.a(lib_a-reent.o)
 .ARM.attributes
                0x00000000       0x2c c:/arm/gcc-arm-none-eabi-7-2018-q2-update-win32/bin/../lib/gcc/arm-none-eabi/7.3.1/../../../../arm-none-eabi/lib/thumb/v6-m\libg.a(lib_a-reent.o)
 .text          0x00000000        0x0 c:/arm/gcc-arm-none-eabi-7-2018-q2-update-win32/bin/../lib/gcc/arm-none-eabi/7.3.1/../../../../arm-none-eabi/lib/thumb/v6-m\libg.a(lib_a-sbrkr.o)
 .data          0x00000000        0x0 c:/arm/gcc-arm-none-eabi-7-2018-q2-update-win32/bin/../lib/gcc/arm-none-eabi/7.3.1/../../../../arm-none-eabi/lib/thumb/v6-m\libg.a(lib_a-sbrkr.o)
 .bss           0x00000000        0x0 c:/arm/gcc-arm-none-eabi-7-2018-q2-update-win32/bin/../lib/gcc/arm-none-eabi/7.3.1/../../../../arm-none-eabi/lib/thumb/v6-m\libg.a(lib_a-sbrkr.o)
 .text._sbrk_r  0x00000000       0x24 c:/arm/gcc-arm-none-eabi-7-2018-q2-update-win32/bin/../lib/gcc/arm-none-eabi/7.3.1/../../../../arm-none-eabi/lib/thumb/v6-m\libg.a(lib_a-sbrkr.o)
 .debug_frame   0x00000000       0x2c c:/arm/gcc-arm-none-eabi-7-2018-q2-update-win32/bin/../lib/gcc/arm-none-eabi/7.3.1/../../../../arm-none-eabi/lib/thumb/v6-m\libg.a(lib_a-sbrkr.o)
 .ARM.attributes
                0x00000000       0x2c c:/arm/gcc-arm-none-eabi-7-2018-q2-update-win32/bin/../lib/gcc/arm-none-eabi/7.3.1/../../../../arm-none-eabi/lib/thumb/v6-m\libg.a(lib_a-sbrkr.o)
 .text          0x00000000        0x0 c:/arm/gcc-arm-none-eabi-7-2018-q2-update-win32/bin/../lib/gcc/arm-none-eabi/7.3.1/../../../../arm-none-eabi/lib/thumb/v6-m\libg.a(lib_a-__atexit.o)
 .data          0x00000000        0x0 c:/arm/gcc-arm-none-eabi-7-2018-q2-update-win32/bin/../lib/gcc/arm-none-eabi/7.3.1/../../../../arm-none-eabi/lib/thumb/v6-m\libg.a(lib_a-__atexit.o)
 .bss           0x00000000        0x0 c:/arm/gcc-arm-none-eabi-7-2018-q2-update-win32/bin/../lib/gcc/arm-none-eabi/7.3.1/../../../../arm-none-eabi/lib/thumb/v6-m\libg.a(lib_a-__atexit.o)
 .text.__register_exitproc
                0x00000000       0xf4 c:/arm/gcc-arm-none-eabi-7-2018-q2-update-win32/bin/../lib/gcc/arm-none-eabi/7.3.1/../../../../arm-none-eabi/lib/thumb/v6-m\libg.a(lib_a-__atexit.o)
 .debug_frame   0x00000000       0x3c c:/arm/gcc-arm-none-eabi-7-2018-q2-update-win32/bin/../lib/gcc/arm-none-eabi/7.3.1/../../../../arm-none-eabi/lib/thumb/v6-m\libg.a(lib_a-__atexit.o)
 .ARM.attributes
                0x00000000       0x2c c:/arm/gcc-arm-none-eabi-7-2018-q2-update-win32/bin/../lib/gcc/arm-none-eabi/7.3.1/../../../../arm-none-eabi/lib/thumb/v6-m\libg.a(lib_a-__atexit.o)
 .text          0x00000000        0x0 c:/arm/gcc-arm-none-eabi-7-2018-q2-update-win32/bin/../lib/gcc/arm-none-eabi/7.3.1/../../../../arm-none-eabi/lib/thumb/v6-m\libg.a(lib_a-freer.o)
 .data          0x00000000        0x0 c:/arm/gcc-arm-none-eabi-7-2018-q2-update-win32/bin/../lib/gcc/arm-none-eabi/7.3.1/../../../../arm-none-eabi/lib/thumb/v6-m\libg.a(lib_a-freer.o)
 .bss           0x00000000        0x0 c:/arm/gcc-arm-none-eabi-7-2018-q2-update-win32/bin/../lib/gcc/arm-none-eabi/7.3.1/../../../../arm-none-eabi/lib/thumb/v6-m\libg.a(lib_a-freer.o)
 .text._malloc_trim_r
                0x00000000       0xa0 c:/arm/gcc-arm-none-eabi-7-2018-q2-update-win32/bin/../lib/gcc/arm-none-eabi/7.3.1/../../../../arm-none-eabi/lib/thumb/v6-m\libg.a(lib_a-freer.o)
 .text._free_r  0x00000000      0x1d4 c:/arm/gcc-arm-none-eabi-7-2018-q2-update-win32/bin/../lib/gcc/arm-none-eabi/7.3.1/../../../../arm-none-eabi/lib/thumb/v6-m\libg.a(lib_a-freer.o)
 .debug_frame   0x00000000       0x58 c:/arm/gcc-arm-none-eabi-7-2018-q2-update-win32/bin/../lib/gcc/arm-none-eabi/7.3.1/../../../../arm-none-eabi/lib/thumb/v6-m\libg.a(lib_a-freer.o)
 .ARM.attributes
                0x00000000       0x2c c:/arm/gcc-arm-none-eabi-7-2018-q2-update-win32/bin/../lib/gcc/arm-none-eabi/7.3.1/../../../../arm-none-eabi/lib/thumb/v6-m\libg.a(lib_a-freer.o)
 .text          0x00000000        0x0 c:/arm/gcc-arm-none-eabi-7-2018-q2-update-win32/bin/../lib/gcc/arm-none-eabi/7.3.1/../../../../arm-none-eabi/lib/thumb/v6-m\libnosys.a(getpid.o)
 .data          0x00000000        0x0 c:/arm/gcc-arm-none-eabi-7-2018-q2-update-win32/bin/../lib/gcc/arm-none-eabi/7.3.1/../../../../arm-none-eabi/lib/thumb/v6-m\libnosys.a(getpid.o)
 .bss           0x00000000        0x0 c:/arm/gcc-arm-none-eabi-7-2018-q2-update-win32/bin/../lib/gcc/arm-none-eabi/7.3.1/../../../../arm-none-eabi/lib/thumb/v6-m\libnosys.a(getpid.o)
 .stab          0x00000000       0x24 c:/arm/gcc-arm-none-eabi-7-2018-q2-update-win32/bin/../lib/gcc/arm-none-eabi/7.3.1/../../../../arm-none-eabi/lib/thumb/v6-m\libnosys.a(getpid.o)
 .debug_frame   0x00000000       0x20 c:/arm/gcc-arm-none-eabi-7-2018-q2-update-win32/bin/../lib/gcc/arm-none-eabi/7.3.1/../../../../arm-none-eabi/lib/thumb/v6-m\libnosys.a(getpid.o)
 .ARM.attributes
                0x00000000       0x2c c:/arm/gcc-arm-none-eabi-7-2018-q2-update-win32/bin/../lib/gcc/arm-none-eabi/7.3.1/../../../../arm-none-eabi/lib/thumb/v6-m\libnosys.a(getpid.o)
 .text          0x00000000        0x0 c:/arm/gcc-arm-none-eabi-7-2018-q2-update-win32/bin/../lib/gcc/arm-none-eabi/7.3.1/../../../../arm-none-eabi/lib/thumb/v6-m\libnosys.a(kill.o)
 .data          0x00000000        0x0 c:/arm/gcc-arm-none-eabi-7-2018-q2-update-win32/bin/../lib/gcc/arm-none-eabi/7.3.1/../../../../arm-none-eabi/lib/thumb/v6-m\libnosys.a(kill.o)
 .bss           0x00000000        0x0 c:/arm/gcc-arm-none-eabi-7-2018-q2-update-win32/bin/../lib/gcc/arm-none-eabi/7.3.1/../../../../arm-none-eabi/lib/thumb/v6-m\libnosys.a(kill.o)
 .stab          0x00000000       0x18 c:/arm/gcc-arm-none-eabi-7-2018-q2-update-win32/bin/../lib/gcc/arm-none-eabi/7.3.1/../../../../arm-none-eabi/lib/thumb/v6-m\libnosys.a(kill.o)
                                 0x24 (size before relaxing)
 .debug_frame   0x00000000       0x20 c:/arm/gcc-arm-none-eabi-7-2018-q2-update-win32/bin/../lib/gcc/arm-none-eabi/7.3.1/../../../../arm-none-eabi/lib/thumb/v6-m\libnosys.a(kill.o)
 .ARM.attributes
                0x00000000       0x2c c:/arm/gcc-arm-none-eabi-7-2018-q2-update-win32/bin/../lib/gcc/arm-none-eabi/7.3.1/../../../../arm-none-eabi/lib/thumb/v6-m\libnosys.a(kill.o)
 .text          0x00000000        0x0 c:/arm/gcc-arm-none-eabi-7-2018-q2-update-win32/bin/../lib/gcc/arm-none-eabi/7.3.1/../../../../arm-none-eabi/lib/thumb/v6-m\libnosys.a(sbrk.o)
 .data          0x00000000        0x0 c:/arm/gcc-arm-none-eabi-7-2018-q2-update-win32/bin/../lib/gcc/arm-none-eabi/7.3.1/../../../../arm-none-eabi/lib/thumb/v6-m\libnosys.a(sbrk.o)
 .bss           0x00000000        0x0 c:/arm/gcc-arm-none-eabi-7-2018-q2-update-win32/bin/../lib/gcc/arm-none-eabi/7.3.1/../../../../arm-none-eabi/lib/thumb/v6-m\libnosys.a(sbrk.o)
 .text._sbrk    0x00000000       0x1c c:/arm/gcc-arm-none-eabi-7-2018-q2-update-win32/bin/../lib/gcc/arm-none-eabi/7.3.1/../../../../arm-none-eabi/lib/thumb/v6-m\libnosys.a(sbrk.o)
 .bss.heap_end.4102
                0x00000000        0x4 c:/arm/gcc-arm-none-eabi-7-2018-q2-update-win32/bin/../lib/gcc/arm-none-eabi/7.3.1/../../../../arm-none-eabi/lib/thumb/v6-m\libnosys.a(sbrk.o)
 .debug_frame   0x00000000       0x20 c:/arm/gcc-arm-none-eabi-7-2018-q2-update-win32/bin/../lib/gcc/arm-none-eabi/7.3.1/../../../../arm-none-eabi/lib/thumb/v6-m\libnosys.a(sbrk.o)
 .ARM.attributes
                0x00000000       0x2c c:/arm/gcc-arm-none-eabi-7-2018-q2-update-win32/bin/../lib/gcc/arm-none-eabi/7.3.1/../../../../arm-none-eabi/lib/thumb/v6-m\libnosys.a(sbrk.o)
 .text          0x00000000        0x0 c:/arm/gcc-arm-none-eabi-7-2018-q2-update-win32/bin/../lib/gcc/arm-none-eabi/7.3.1/../../../../arm-none-eabi/lib/thumb/v6-m\libnosys.a(_exit.o)
 .data          0x00000000        0x0 c:/arm/gcc-arm-none-eabi-7-2018-q2-update-win32/bin/../lib/gcc/arm-none-eabi/7.3.1/../../../../arm-none-eabi/lib/thumb/v6-m\libnosys.a(_exit.o)
 .bss           0x00000000        0x0 c:/arm/gcc-arm-none-eabi-7-2018-q2-update-win32/bin/../lib/gcc/arm-none-eabi/7.3.1/../../../../arm-none-eabi/lib/thumb/v6-m\libnosys.a(_exit.o)
 .debug_frame   0x00000000       0x20 c:/arm/gcc-arm-none-eabi-7-2018-q2-update-win32/bin/../lib/gcc/arm-none-eabi/7.3.1/../../../../arm-none-eabi/lib/thumb/v6-m\libnosys.a(_exit.o)
 .ARM.attributes
                0x00000000       0x2c c:/arm/gcc-arm-none-eabi-7-2018-q2-update-win32/bin/../lib/gcc/arm-none-eabi/7.3.1/../../../../arm-none-eabi/lib/thumb/v6-m\libnosys.a(_exit.o)
 .text          0x00000000        0x0 c:/arm/gcc-arm-none-eabi-7-2018-q2-update-win32/bin/../lib/gcc/arm-none-eabi/7.3.1/thumb/v6-m/crtend.o
 .data          0x00000000        0x0 c:/arm/gcc-arm-none-eabi-7-2018-q2-update-win32/bin/../lib/gcc/arm-none-eabi/7.3.1/thumb/v6-m/crtend.o
 .bss           0x00000000        0x0 c:/arm/gcc-arm-none-eabi-7-2018-q2-update-win32/bin/../lib/gcc/arm-none-eabi/7.3.1/thumb/v6-m/crtend.o
 .eh_frame      0x00000000        0x4 c:/arm/gcc-arm-none-eabi-7-2018-q2-update-win32/bin/../lib/gcc/arm-none-eabi/7.3.1/thumb/v6-m/crtend.o
 .ARM.attributes
                0x00000000       0x2c c:/arm/gcc-arm-none-eabi-7-2018-q2-update-win32/bin/../lib/gcc/arm-none-eabi/7.3.1/thumb/v6-m/crtend.o
 .text          0x00000000        0x0 c:/arm/gcc-arm-none-eabi-7-2018-q2-update-win32/bin/../lib/gcc/arm-none-eabi/7.3.1/thumb/v6-m/crtn.o
 .data          0x00000000        0x0 c:/arm/gcc-arm-none-eabi-7-2018-q2-update-win32/bin/../lib/gcc/arm-none-eabi/7.3.1/thumb/v6-m/crtn.o
 .bss           0x00000000        0x0 c:/arm/gcc-arm-none-eabi-7-2018-q2-update-win32/bin/../lib/gcc/arm-none-eabi/7.3.1/thumb/v6-m/crtn.o
 .init          0x00000000        0x8 c:/arm/gcc-arm-none-eabi-7-2018-q2-update-win32/bin/../lib/gcc/arm-none-eabi/7.3.1/thumb/v6-m/crtn.o
 .fini          0x00000000        0x8 c:/arm/gcc-arm-none-eabi-7-2018-q2-update-win32/bin/../lib/gcc/arm-none-eabi/7.3.1/thumb/v6-m/crtn.o
 .ARM.attributes
                0x00000000       0x1e c:/arm/gcc-arm-none-eabi-7-2018-q2-update-win32/bin/../lib/gcc/arm-none-eabi/7.3.1/thumb/v6-m/crtn.o
 .data          0x00000000        0x0 c:/arm/gcc-arm-none-eabi-7-2018-q2-update-win32/bin/../lib/gcc/arm-none-eabi/7.3.1/thumb/v6-m\libgcc.a(_thumb1_case_uqi.o)
 .bss           0x00000000        0x0 c:/arm/gcc-arm-none-eabi-7-2018-q2-update-win32/bin/../lib/gcc/arm-none-eabi/7.3.1/thumb/v6-m\libgcc.a(_thumb1_case_uqi.o)
 .data          0x00000000        0x0 c:/arm/gcc-arm-none-eabi-7-2018-q2-update-win32/bin/../lib/gcc/arm-none-eabi/7.3.1/thumb/v6-m\libgcc.a(_thumb1_case_uhi.o)
 .bss           0x00000000        0x0 c:/arm/gcc-arm-none-eabi-7-2018-q2-update-win32/bin/../lib/gcc/arm-none-eabi/7.3.1/thumb/v6-m\libgcc.a(_thumb1_case_uhi.o)

Memory Configuration

Name             Origin             Length             Attributes
FLASH            0x08000000         0x00008000         xr
RAM              0x20000000         0x00001800         xrw
*default*        0x00000000         0xffffffff

Linker script and memory map

LOAD c:/arm/gcc-arm-none-eabi-7-2018-q2-update-win32/bin/../lib/gcc/arm-none-eabi/7.3.1/thumb/v6-m/crti.o
LOAD c:/arm/gcc-arm-none-eabi-7-2018-q2-update-win32/bin/../lib/gcc/arm-none-eabi/7.3.1/thumb/v6-m/crtbegin.o
LOAD c:/arm/gcc-arm-none-eabi-7-2018-q2-update-win32/bin/../lib/gcc/arm-none-eabi/7.3.1/../../../../arm-none-eabi/lib/thumb/v6-m/crt0.o
LOAD C:\Users\paul\AppData\Local\Temp\ccwjSKJ8.o
LOAD C:\Users\paul\AppData\Local\Temp\cc7Ghupa.ltrans0.ltrans.o
LOAD C:\Users\paul\AppData\Local\Temp\ccA8zOw8.o
LOAD C:\Users\paul\AppData\Local\Temp\ccobfpka.o
START GROUP
LOAD c:/arm/gcc-arm-none-eabi-7-2018-q2-update-win32/bin/../lib/gcc/arm-none-eabi/7.3.1/thumb/v6-m\libgcc.a
LOAD c:/arm/gcc-arm-none-eabi-7-2018-q2-update-win32/bin/../lib/gcc/arm-none-eabi/7.3.1/../../../../arm-none-eabi/lib/thumb/v6-m\libg.a
LOAD c:/arm/gcc-arm-none-eabi-7-2018-q2-update-win32/bin/../lib/gcc/arm-none-eabi/7.3.1/../../../../arm-none-eabi/lib/thumb/v6-m\libc.a
END GROUP
START GROUP
LOAD c:/arm/gcc-arm-none-eabi-7-2018-q2-update-win32/bin/../lib/gcc/arm-none-eabi/7.3.1/thumb/v6-m\libgcc.a
LOAD c:/arm/gcc-arm-none-eabi-7-2018-q2-update-win32/bin/../lib/gcc/arm-none-eabi/7.3.1/../../../../arm-none-eabi/lib/thumb/v6-m\libc.a
LOAD c:/arm/gcc-arm-none-eabi-7-2018-q2-update-win32/bin/../lib/gcc/arm-none-eabi/7.3.1/../../../../arm-none-eabi/lib/thumb/v6-m\libnosys.a
END GROUP
LOAD c:/arm/gcc-arm-none-eabi-7-2018-q2-update-win32/bin/../lib/gcc/arm-none-eabi/7.3.1/thumb/v6-m/crtend.o
LOAD c:/arm/gcc-arm-none-eabi-7-2018-q2-update-win32/bin/../lib/gcc/arm-none-eabi/7.3.1/thumb/v6-m/crtn.o

.text           0x08000000     0x5570
 *(.isr_vector)
 .isr_vector    0x08000000       0xc0 C:\Users\paul\AppData\Local\Temp\ccwjSKJ8.o
                0x08000000                __isr_vector
 *(.usb_driver)
 .usb_driver    0x080000c0      0x3bc C:\Users\paul\AppData\Local\Temp\cc7Ghupa.ltrans0.ltrans.o
                0x08000198                USB_IRQHandler
 *(.usb_desc)
 .usb_desc      0x0800047c       0xb8 C:\Users\paul\AppData\Local\Temp\cc7Ghupa.ltrans0.ltrans.o
 *(.hardfault)
 .hardfault     0x08000534        0x2 C:\Users\paul\AppData\Local\Temp\ccwjSKJ8.o
                0x08000534                TIM1_CC_IRQHandler
                0x08000534                TSC_IRQHandler
                0x08000534                ADC1_COMP_IRQHandler
                0x08000534                SysTick_Handler
                0x08000534                PendSV_Handler
                0x08000534                NMI_Handler
                0x08000534                I2C1_IRQHandler
                0x08000534                RCC_CRS_IRQHandler
                0x08000534                SPI1_IRQHandler
                0x08000534                TIM6_DAC_IRQHandler
                0x08000534                USART3_4_IRQHandler
                0x08000534                EXTI2_3_IRQHandler
                0x08000534                I2C2_IRQHandler
                0x08000534                TIM17_IRQHandler
                0x08000534                CEC_CAN_IRQHandler
                0x08000534                PVD_VDDIO2_IRQHandler
                0x08000534                DMA1_Channel4_5_6_7_IRQHandler
                0x08000534                TIM16_IRQHandler
                0x08000534                TIM3_IRQHandler
                0x08000534                EXTI4_15_IRQHandler
                0x08000534                DMA1_Channel1_IRQHandler
                0x08000534                Default_Handler
                0x08000534                TIM14_IRQHandler
                0x08000534                TIM7_IRQHandler
                0x08000534                TIM15_IRQHandler
                0x08000534                EXTI0_1_IRQHandler
                0x08000534                SPI2_IRQHandler
                0x08000534                SVC_Handler
                0x08000534                RTC_IRQHand
                0x08000534                WWDG_IRQHandler
                0x08000534                TIM2_IRQHandler
                0x08000534                DEF_IRQHandler
                0x08000534                DMA1_Channel2_3_IRQHandler
                0x08000534                USART2_IRQHandler
                0x08000534                FLASH_IRQHandler
                0x08000534                USART1_IRQHandler
                0x08000534                TIM1_BRK_UP_TRG_COM_IRQHandler
 *fill*         0x08000536        0x2 ff
 .hardfault     0x08000538        0xc C:\Users\paul\AppData\Local\Temp\cc7Ghupa.ltrans0.ltrans.o
                0x08000538                HardFault_Handler
 *_thumb1_case_uqi.o()
 .text          0x08000544       0x14 c:/arm/gcc-arm-none-eabi-7-2018-q2-update-win32/bin/../lib/gcc/arm-none-eabi/7.3.1/thumb/v6-m\libgcc.a(_thumb1_case_uqi.o)
                0x08000544                __gnu_thumb1_case_uqi
 .ARM.attributes
                0x08000558       0x1e c:/arm/gcc-arm-none-eabi-7-2018-q2-update-win32/bin/../lib/gcc/arm-none-eabi/7.3.1/thumb/v6-m\libgcc.a(_thumb1_case_uqi.o)
 *_thumb1_case_shi.o()
 *_thumb1_case_uhi.o()
 *fill*         0x08000576        0x2 ff
 .text          0x08000578       0x14 c:/arm/gcc-arm-none-eabi-7-2018-q2-update-win32/bin/../lib/gcc/arm-none-eabi/7.3.1/thumb/v6-m\libgcc.a(_thumb1_case_uhi.o)
                0x08000578                __gnu_thumb1_case_uhi
 .ARM.attributes
                0x0800058c       0x1e c:/arm/gcc-arm-none-eabi-7-2018-q2-update-win32/bin/../lib/gcc/arm-none-eabi/7.3.1/thumb/v6-m\libgcc.a(_thumb1_case_uhi.o)
 *(.fw_update)
 *fill*         0x080005aa        0x2 ff
 .fw_update     0x080005ac      0x150 C:\Users\paul\AppData\Local\Temp\cc7Ghupa.ltrans0.ltrans.o
                0x00000770                . = 0x770
 *fill*         0x080006fc       0x74 ff
 *(.fw_up_main)
 .fw_up_main    0x08000770       0x70 C:\Users\paul\AppData\Local\Temp\cc7Ghupa.ltrans0.ltrans.o
                0x00000800                . = 0x800
 *fill*         0x080007e0       0x20 ff
 *(.appver)
                0x00000804                . = 0x804
 *fill*         0x08000800        0x4 ff
 *(.reset_handler)
 .reset_handler
                0x08000804       0x3c C:\Users\paul\AppData\Local\Temp\ccwjSKJ8.o
                0x08000804                Reset_Handler
 *(.usbFuncWrite)
 .usbFuncWrite  0x08000840       0x44 C:\Users\paul\AppData\Local\Temp\cc7Ghupa.ltrans0.ltrans.o
 *(.usbFuncSetup)
 .usbFuncSetup  0x08000884     0x1c58 C:\Users\paul\AppData\Local\Temp\cc7Ghupa.ltrans0.ltrans.o
 *(.text*)
 .text.snes_page_rd_poll.constprop.27
                0x080024dc       0x7c C:\Users\paul\AppData\Local\Temp\cc7Ghupa.ltrans0.ltrans.o
 .text.nes_cpu_page_rd_poll.constprop.26
                0x08002558       0x6c C:\Users\paul\AppData\Local\Temp\cc7Ghupa.ltrans0.ltrans.o
 .text.nes_ppu_page_rd_poll.constprop.23
                0x080025c4       0x68 C:\Users\paul\AppData\Local\Temp\cc7Ghupa.ltrans0.ltrans.o
 .text.append_pairity
                0x0800262c       0x1e C:\Users\paul\AppData\Local\Temp\cc7Ghupa.ltrans0.ltrans.o
 .text.delay_us
                0x0800264a       0x14 C:\Users\paul\AppData\Local\Temp\cc7Ghupa.ltrans0.ltrans.o
 *fill*         0x0800265e        0x2 ff
 .text.lfsr_32  0x08002660       0x30 C:\Users\paul\AppData\Local\Temp\cc7Ghupa.ltrans0.ltrans.o
 .text.snes_wr  0x08002690       0x60 C:\Users\paul\AppData\Local\Temp\cc7Ghupa.ltrans0.ltrans.o
 .text.snes_rd  0x080026f0       0x48 C:\Users\paul\AppData\Local\Temp\cc7Ghupa.ltrans0.ltrans.o
 .text.write_page_snes.constprop.34
                0x08002738      0x194 C:\Users\paul\AppData\Local\Temp\cc7Ghupa.ltrans0.ltrans.o
 .text.snes_3v_flash_wr
                0x080028cc       0x50 C:\Users\paul\AppData\Local\Temp\cc7Ghupa.ltrans0.ltrans.o
 .text.snes_5v_flash_wr
                0x0800291c       0x50 C:\Users\paul\AppData\Local\Temp\cc7Ghupa.ltrans0.ltrans.o
 .text.genesis_page_rd
                0x0800296c       0xa4 C:\Users\paul\AppData\Local\Temp\cc7Ghupa.ltrans0.ltrans.o
 .text.nes_dualport_wr
                0x08002a10       0x50 C:\Users\paul\AppData\Local\Temp\cc7Ghupa.ltrans0.ltrans.o
 .text.nes_dualport_rd
                0x08002a60       0x38 C:\Users\paul\AppData\Local\Temp\cc7Ghupa.ltrans0.ltrans.o
 .text.nes_ppu_wr
                0x08002a98       0x50 C:\Users\paul\AppData\Local\Temp\cc7Ghupa.ltrans0.ltrans.o
 .text.nes_ppu_rd
                0x08002ae8       0x38 C:\Users\paul\AppData\Local\Temp\cc7Ghupa.ltrans0.ltrans.o
 .text.mmc3_chrrom_flash_wr
                0x08002b20       0x44 C:\Users\paul\AppData\Local\Temp\cc7Ghupa.ltrans0.ltrans.o
 .text.nrom_chrrom_flash_wr
                0x08002b64       0x44 C:\Users\paul\AppData\Local\Temp\cc7Ghupa.ltrans0.ltrans.o
 .text.nes_cpu_wr
                0x08002ba8       0x6c C:\Users\paul\AppData\Local\Temp\cc7Ghupa.ltrans0.ltrans.o
 .text.cdream_chrrom_flash_wr
                0x08002c14       0x84 C:\Users\paul\AppData\Local\Temp\cc7Ghupa.ltrans0.ltrans.o
 .text.mmc4_chrrom_flash_wr
                0x08002c98       0x74 C:\Users\paul\AppData\Local\Temp\cc7Ghupa.ltrans0.ltrans.o
 .text.cnrom_chrrom_flash_wr
                0x08002d0c       0x7c C:\Users\paul\AppData\Local\Temp\cc7Ghupa.ltrans0.ltrans.o
 .text.nes_cpu_rd
                0x08002d88       0x40 C:\Users\paul\AppData\Local\Temp\cc7Ghupa.ltrans0.ltrans.o
 .text.map30_prgrom_flash_wr
                0x08002dc8       0x74 C:\Users\paul\AppData\Local\Temp\cc7Ghupa.ltrans0.ltrans.o
 .text.mmc4_prgrom_sop_flash_wr
                0x08002e3c       0x54 C:\Users\paul\AppData\Local\Temp\cc7Ghupa.ltrans0.ltrans.o
 .text.mmc3_prgrom_flash_wr
                0x08002e90       0x50 C:\Users\paul\AppData\Local\Temp\cc7Ghupa.ltrans0.ltrans.o
 .text.disc_push_exp0_prgrom_wr
                0x08002ee0       0x48 C:\Users\paul\AppData\Local\Temp\cc7Ghupa.ltrans0.ltrans.o
 .text.discrete_exp0_prgrom_wr
                0x08002f28       0x58 C:\Users\paul\AppData\Local\Temp\cc7Ghupa.ltrans0.ltrans.o
 .text.unrom_prgrom_flash_wr
                0x08002f80       0x64 C:\Users\paul\AppData\Local\Temp\cc7Ghupa.ltrans0.ltrans.o
 .text.nrom_prgrom_flash_wr
                0x08002fe4       0x44 C:\Users\paul\AppData\Local\Temp\cc7Ghupa.ltrans0.ltrans.o
 .text.n64_latch_addr
                0x08003028       0x50 C:\Users\paul\AppData\Local\Temp\cc7Ghupa.ltrans0.ltrans.o
 .text.pbje_scan
                0x08003078      0x10c C:\Users\paul\AppData\Local\Temp\cc7Ghupa.ltrans0.ltrans.o
 .text.pbje_state_change
                0x08003184       0x88 C:\Users\paul\AppData\Local\Temp\cc7Ghupa.ltrans0.ltrans.o
 .text.jtag_init_pbje
                0x0800320c       0xe0 C:\Users\paul\AppData\Local\Temp\cc7Ghupa.ltrans0.ltrans.o
 .text.jtag_run_pbje.part.0
                0x080032ec       0xb8 C:\Users\paul\AppData\Local\Temp\cc7Ghupa.ltrans0.ltrans.o
 .text.io_reset
                0x080033a4      0x174 C:\Users\paul\AppData\Local\Temp\cc7Ghupa.ltrans0.ltrans.o
 .text.gba_rd   0x08003518       0x4c C:\Users\paul\AppData\Local\Temp\cc7Ghupa.ltrans0.ltrans.o
 .text.write_page_verify
                0x08003564       0x5c C:\Users\paul\AppData\Local\Temp\cc7Ghupa.ltrans0.ltrans.o
 .text.write_page
                0x080035c0       0x34 C:\Users\paul\AppData\Local\Temp\cc7Ghupa.ltrans0.ltrans.o
 .text.get_next_buff
                0x080035f4       0x54 C:\Users\paul\AppData\Local\Temp\cc7Ghupa.ltrans0.ltrans.o
 .text.mmc1_wr.constprop.12
                0x08003648       0x22 C:\Users\paul\AppData\Local\Temp\cc7Ghupa.ltrans0.ltrans.o
 *fill*         0x0800366a        0x2 ff
 .text.mmc1_chrrom_flash_wr
                0x0800366c       0x60 C:\Users\paul\AppData\Local\Temp\cc7Ghupa.ltrans0.ltrans.o
 .text.mmc1_prgrom_flash_wr
                0x080036cc       0x50 C:\Users\paul\AppData\Local\Temp\cc7Ghupa.ltrans0.ltrans.o
 .text.swim_wotf
                0x0800371c       0xb4 C:\Users\paul\AppData\Local\Temp\cc7Ghupa.ltrans0.ltrans.o
 .text.swim_rotf
                0x080037d0       0xac C:\Users\paul\AppData\Local\Temp\cc7Ghupa.ltrans0.ltrans.o
 .text.startup.main
                0x0800387c      0xb54 C:\Users\paul\AppData\Local\Temp\cc7Ghupa.ltrans0.ltrans.o
                0x0800387c                main
 .text          0x080043d0      0x154 C:\Users\paul\AppData\Local\Temp\ccobfpka.o
                0x080043d0                swim_xfr
 .text          0x08004524      0xa08 c:/arm/gcc-arm-none-eabi-7-2018-q2-update-win32/bin/../lib/gcc/arm-none-eabi/7.3.1/thumb/v6-m\libgcc.a(unwind-arm.o)
                0x080047e0                _Unwind_GetCFA
                0x080047e4                __gnu_Unwind_RaiseException
                0x08004838                __gnu_Unwind_ForcedUnwind
                0x0800484c                __gnu_Unwind_Resume
                0x08004894                __gnu_Unwind_Resume_or_Rethrow
                0x080048b0                _Unwind_Complete
                0x080048b4                _Unwind_DeleteException
                0x080048c4                _Unwind_VRS_Get
                0x0800490c                _Unwind_VRS_Set
                0x08004954                __gnu_Unwind_Backtrace
                0x08004ca4                __aeabi_unwind_cpp_pr0
                0x08004cb0                __aeabi_unwind_cpp_pr1
                0x08004cbc                __aeabi_unwind_cpp_pr2
                0x08004cc8                _Unwind_VRS_Pop
 .text          0x08004f2c      0x144 c:/arm/gcc-arm-none-eabi-7-2018-q2-update-win32/bin/../lib/gcc/arm-none-eabi/7.3.1/thumb/v6-m\libgcc.a(libunwind.o)
                0x08004f2c                __restore_core_regs
                0x08004f2c                restore_core_regs
                0x08004f58                __gnu_Unwind_Restore_VFP
                0x08004f5c                __gnu_Unwind_Save_VFP
                0x08004f60                __gnu_Unwind_Restore_VFP_D
                0x08004f64                __gnu_Unwind_Save_VFP_D
                0x08004f68                __gnu_Unwind_Restore_VFP_D_16_to_31
                0x08004f6c                __gnu_Unwind_Save_VFP_D_16_to_31
                0x08004f70                __gnu_Unwind_Restore_WMMXD
                0x08004f74                __gnu_Unwind_Save_WMMXD
                0x08004f78                __gnu_Unwind_Restore_WMMXC
                0x08004f7c                __gnu_Unwind_Save_WMMXC
                0x08004f80                ___Unwind_RaiseException
                0x08004f80                _Unwind_RaiseException
                0x08004fb0                _Unwind_Resume
                0x08004fb0                ___Unwind_Resume
                0x08004fe0                _Unwind_Resume_or_Rethrow
                0x08004fe0                ___Unwind_Resume_or_Rethrow
                0x08005010                _Unwind_ForcedUnwind
                0x08005010                ___Unwind_ForcedUnwind
                0x08005040                ___Unwind_Backtrace
                0x08005040                _Unwind_Backtrace
 .text          0x08005070      0x39c c:/arm/gcc-arm-none-eabi-7-2018-q2-update-win32/bin/../lib/gcc/arm-none-eabi/7.3.1/thumb/v6-m\libgcc.a(pr-support.o)
                0x080050c4                __gnu_unwind_execute
                0x080053b4                __gnu_unwind_frame
                0x080053dc                _Unwind_GetRegionStart
                0x080053e8                _Unwind_GetLanguageSpecificData
                0x080053fc                _Unwind_GetDataRelBase
                0x08005404                _Unwind_GetTextRelBase
 .text.abort    0x0800540c       0x10 c:/arm/gcc-arm-none-eabi-7-2018-q2-update-win32/bin/../lib/gcc/arm-none-eabi/7.3.1/../../../../arm-none-eabi/lib/thumb/v6-m\libg.a(lib_a-abort.o)
                0x0800540c                abort
 .text.memcpy   0x0800541c       0x88 c:/arm/gcc-arm-none-eabi-7-2018-q2-update-win32/bin/../lib/gcc/arm-none-eabi/7.3.1/../../../../arm-none-eabi/lib/thumb/v6-m\libg.a(lib_a-memcpy-stub.o)
                0x0800541c                memcpy
 .text._raise_r
                0x080054a4       0x5c c:/arm/gcc-arm-none-eabi-7-2018-q2-update-win32/bin/../lib/gcc/arm-none-eabi/7.3.1/../../../../arm-none-eabi/lib/thumb/v6-m\libg.a(lib_a-signal.o)
                0x080054a4                _raise_r
 .text.raise    0x08005500       0x14 c:/arm/gcc-arm-none-eabi-7-2018-q2-update-win32/bin/../lib/gcc/arm-none-eabi/7.3.1/../../../../arm-none-eabi/lib/thumb/v6-m\libg.a(lib_a-signal.o)
                0x08005500                raise
 .text._kill_r  0x08005514       0x28 c:/arm/gcc-arm-none-eabi-7-2018-q2-update-win32/bin/../lib/gcc/arm-none-eabi/7.3.1/../../../../arm-none-eabi/lib/thumb/v6-m\libg.a(lib_a-signalr.o)
                0x08005514                _kill_r
 .text._getpid_r
                0x0800553c        0x8 c:/arm/gcc-arm-none-eabi-7-2018-q2-update-win32/bin/../lib/gcc/arm-none-eabi/7.3.1/../../../../arm-none-eabi/lib/thumb/v6-m\libg.a(lib_a-signalr.o)
                0x0800553c                _getpid_r
 .text._getpid  0x08005544       0x10 c:/arm/gcc-arm-none-eabi-7-2018-q2-update-win32/bin/../lib/gcc/arm-none-eabi/7.3.1/../../../../arm-none-eabi/lib/thumb/v6-m\libnosys.a(getpid.o)
                0x08005544                _getpid
 .text._kill    0x08005554       0x10 c:/arm/gcc-arm-none-eabi-7-2018-q2-update-win32/bin/../lib/gcc/arm-none-eabi/7.3.1/../../../../arm-none-eabi/lib/thumb/v6-m\libnosys.a(kill.o)
                0x08005554                _kill
 .text._exit    0x08005564        0x4 c:/arm/gcc-arm-none-eabi-7-2018-q2-update-win32/bin/../lib/gcc/arm-none-eabi/7.3.1/../../../../arm-none-eabi/lib/thumb/v6-m\libnosys.a(_exit.o)
                0x08005564                _exit
 *(.init)
 .init          0x08005568        0x4 c:/arm/gcc-arm-none-eabi-7-2018-q2-update-win32/bin/../lib/gcc/arm-none-eabi/7.3.1/thumb/v6-m/crti.o
                0x08005568                _init
 *(.fini)
 .fini          0x0800556c        0x4 c:/arm/gcc-arm-none-eabi-7-2018-q2-update-win32/bin/../lib/gcc/arm-none-eabi/7.3.1/thumb/v6-m/crti.o
                0x0800556c                _fini
 *crtbegin.o(.ctors)
 *crtbegin?.o(.ctors)
 *(EXCLUDE_FILE(*crtend.o *crtend?.o) .ctors)
 *(SORT_BY_NAME(.ctors.*))
 *(.ctors)
 *crtbegin.o(.dtors)
 *crtbegin?.o(.dtors)
 *(EXCLUDE_FILE(*crtend.o *crtend?.o) .dtors)
 *(SORT_BY_NAME(.dtors.*))
 *(.dtors)
 *(.rodata*)
 *(.eh_frame*)

.glue_7         0x08005570        0x0
 .glue_7        0x08005570        0x0 linker stubs

.glue_7t        0x08005570        0x0
 .glue_7t       0x08005570        0x0 linker stubs

.vfp11_veneer   0x08005570        0x0
 .vfp11_veneer  0x08005570        0x0 linker stubs

.v4_bx          0x08005570        0x0
 .v4_bx         0x08005570        0x0 linker stubs

.iplt           0x08005570        0x0
 .iplt          0x08005570        0x0 C:\Users\paul\AppData\Local\Temp\ccwjSKJ8.o

.ARM.extab      0x08005570       0x30
 *(.ARM.extab* .gnu.linkonce.armextab.*)
 .ARM.extab     0x08005570       0x24 c:/arm/gcc-arm-none-eabi-7-2018-q2-update-win32/bin/../lib/gcc/arm-none-eabi/7.3.1/thumb/v6-m\libgcc.a(unwind-arm.o)
 .ARM.extab     0x08005594        0xc c:/arm/gcc-arm-none-eabi-7-2018-q2-update-win32/bin/../lib/gcc/arm-none-eabi/7.3.1/thumb/v6-m\libgcc.a(pr-support.o)
                0x080055a0                __exidx_start = .

.ARM.exidx      0x080055a0       0xd0
 *(.ARM.exidx* .gnu.linkonce.armexidx.*)
 .ARM.exidx     0x080055a0        0x8 C:\Users\paul\AppData\Local\Temp\ccobfpka.o
                                 0x10 (size before relaxing)
 .ARM.exidx     0x080055a8       0x98 c:/arm/gcc-arm-none-eabi-7-2018-q2-update-win32/bin/../lib/gcc/arm-none-eabi/7.3.1/thumb/v6-m\libgcc.a(unwind-arm.o)
                                 0xd8 (size before relaxing)
 .ARM.exidx     0x08005640       0x30 c:/arm/gcc-arm-none-eabi-7-2018-q2-update-win32/bin/../lib/gcc/arm-none-eabi/7.3.1/thumb/v6-m\libgcc.a(pr-support.o)
                                 0x48 (size before relaxing)
                0x08005670                __exidx_end = .
                0x08005670                __etext = ALIGN (0x4)

.rel.dyn        0x08005670        0x0
 .rel.iplt      0x08005670        0x0 C:\Users\paul\AppData\Local\Temp\ccwjSKJ8.o

.data           0x20000000      0x430 load address 0x08005670
                0x20000000                __data_start__ = .
 *(vtable)
 *(.data*)
 .data._impure_ptr
                0x20000000        0x4 c:/arm/gcc-arm-none-eabi-7-2018-q2-update-win32/bin/../lib/gcc/arm-none-eabi/7.3.1/../../../../arm-none-eabi/lib/thumb/v6-m\libg.a(lib_a-impure.o)
                0x20000000                _impure_ptr
 *fill*         0x20000004        0x4 
 .data.impure_data
                0x20000008      0x428 c:/arm/gcc-arm-none-eabi-7-2018-q2-update-win32/bin/../lib/gcc/arm-none-eabi/7.3.1/../../../../arm-none-eabi/lib/thumb/v6-m\libg.a(lib_a-impure.o)
                0x20000430                . = ALIGN (0x4)
                0x20000430                PROVIDE (__preinit_array_start = .)
 *(.preinit_array)
                0x20000430                PROVIDE (__preinit_array_end = .)
                0x20000430                . = ALIGN (0x4)
                0x20000430                PROVIDE (__init_array_start = .)
 *(SORT_BY_NAME(.init_array.*))
 *(.init_array)
                0x20000430                PROVIDE (__init_array_end = .)
                0x20000430                . = ALIGN (0x4)
                0x20000430                PROVIDE (__fini_array_start = .)
 *(SORT_BY_NAME(.fini_array.*))
 *(.fini_array)
                0x20000430                PROVIDE (__fini_array_end = .)
                0x20000430                . = ALIGN (0x4)
 *(.fastrun)
                0x20000430                __data_end__ = .

.igot.plt       0x20000430        0x0 load address 0x08005aa0
 .igot.plt      0x20000430        0x0 C:\Users\paul\AppData\Local\Temp\ccwjSKJ8.o

.bss            0x20000430      0x308 load address 0x08005aa0
                0x20000430                . = ALIGN (0x4)
                0x20000430                __bss_start__ = .
 *(.bss*)
 .bss.addr_ptr  0x20000430        0x4 C:\Users\paul\AppData\Local\Temp\cc7Ghupa.ltrans0.ltrans.o
 .bss.addrh     0x20000434        0x2 C:\Users\paul\AppData\Local\Temp\cc7Ghupa.ltrans0.ltrans.o
 .bss.bank_table
                0x20000436        0x2 C:\Users\paul\AppData\Local\Temp\cc7Ghupa.ltrans0.ltrans.o
 .bss.buff0     0x20000438       0x14 C:\Users\paul\AppData\Local\Temp\cc7Ghupa.ltrans0.ltrans.o
 .bss.buff1     0x2000044c       0x14 C:\Users\paul\AppData\Local\Temp\cc7Ghupa.ltrans0.ltrans.o
 .bss.buff2     0x20000460       0x14 C:\Users\paul\AppData\Local\Temp\cc7Ghupa.ltrans0.ltrans.o
 .bss.buff3     0x20000474       0x14 C:\Users\paul\AppData\Local\Temp\cc7Ghupa.ltrans0.ltrans.o
 .bss.cur_addr_hi
                0x20000488        0x1 C:\Users\paul\AppData\Local\Temp\cc7Ghupa.ltrans0.ltrans.o
 *fill*         0x20000489        0x1 
 .bss.cur_addr_lo
                0x2000048a        0x2 C:\Users\paul\AppData\Local\Temp\cc7Ghupa.ltrans0.ltrans.o
 .bss.cur_bank  0x2000048c        0x1 C:\Users\paul\AppData\Local\Temp\cc7Ghupa.ltrans0.ltrans.o
 *fill*         0x2000048d        0x3 
 .bss.cur_buff  0x20000490        0x4 C:\Users\paul\AppData\Local\Temp\cc7Ghupa.ltrans0.ltrans.o
 .bss.cur_usb_load_buff
                0x20000494        0x4 C:\Users\paul\AppData\Local\Temp\cc7Ghupa.ltrans0.ltrans.o
 .bss.incoming_bytes_remain
                0x20000498        0x1 C:\Users\paul\AppData\Local\Temp\cc7Ghupa.ltrans0.ltrans.o
 *fill*         0x20000499        0x3 
 .bss.lfsr      0x2000049c        0x4 C:\Users\paul\AppData\Local\Temp\cc7Ghupa.ltrans0.ltrans.o
 .bss.n64_bank  0x200004a0        0x2 C:\Users\paul\AppData\Local\Temp\cc7Ghupa.ltrans0.ltrans.o
 .bss.num_buff.5101
                0x200004a2        0x1 C:\Users\paul\AppData\Local\Temp\cc7Ghupa.ltrans0.ltrans.o
 *fill*         0x200004a3        0x1 
 .bss.oper_info_struct
                0x200004a4       0x20 C:\Users\paul\AppData\Local\Temp\cc7Ghupa.ltrans0.ltrans.o
 .bss.pbje_command
                0x200004c4        0x1 C:\Users\paul\AppData\Local\Temp\cc7Ghupa.ltrans0.ltrans.o
 .bss.pbje_data
                0x200004c5       0x20 C:\Users\paul\AppData\Local\Temp\cc7Ghupa.ltrans0.ltrans.o
 .bss.pbje_numclk
                0x200004e5        0x1 C:\Users\paul\AppData\Local\Temp\cc7Ghupa.ltrans0.ltrans.o
 .bss.pbje_status
                0x200004e6        0x1 C:\Users\paul\AppData\Local\Temp\cc7Ghupa.ltrans0.ltrans.o
 .bss.raw_bank_status
                0x200004e7       0x10 C:\Users\paul\AppData\Local\Temp\cc7Ghupa.ltrans0.ltrans.o
 *fill*         0x200004f7        0x1 
 .bss.raw_buffer16
                0x200004f8      0x200 C:\Users\paul\AppData\Local\Temp\cc7Ghupa.ltrans0.ltrans.o
 .bss.rv16.4756
                0x200006f8        0x8 C:\Users\paul\AppData\Local\Temp\cc7Ghupa.ltrans0.ltrans.o
 .bss.rv16.5021
                0x20000700        0x8 C:\Users\paul\AppData\Local\Temp\cc7Ghupa.ltrans0.ltrans.o
 .bss.stm_debug_disable
                0x20000708        0x1 C:\Users\paul\AppData\Local\Temp\cc7Ghupa.ltrans0.ltrans.o
 *fill*         0x20000709        0x3 
 .bss.swim_base
                0x2000070c        0x4 C:\Users\paul\AppData\Local\Temp\cc7Ghupa.ltrans0.ltrans.o
 .bss.swim_pin  0x20000710        0x1 C:\Users\paul\AppData\Local\Temp\cc7Ghupa.ltrans0.ltrans.o
 *fill*         0x20000711        0x3 
 .bss.tck_base  0x20000714        0x4 C:\Users\paul\AppData\Local\Temp\cc7Ghupa.ltrans0.ltrans.o
 .bss.tck_pin   0x20000718        0x1 C:\Users\paul\AppData\Local\Temp\cc7Ghupa.ltrans0.ltrans.o
 *fill*         0x20000719        0x3 
 .bss.tdi_base  0x2000071c        0x4 C:\Users\paul\AppData\Local\Temp\cc7Ghupa.ltrans0.ltrans.o
 .bss.tdi_pin   0x20000720        0x1 C:\Users\paul\AppData\Local\Temp\cc7Ghupa.ltrans0.ltrans.o
 *fill*         0x20000721        0x3 
 .bss.tdo_base  0x20000724        0x4 C:\Users\paul\AppData\Local\Temp\cc7Ghupa.ltrans0.ltrans.o
 .bss.tdo_pin   0x20000728        0x1 C:\Users\paul\AppData\Local\Temp\cc7Ghupa.ltrans0.ltrans.o
 *fill*         0x20000729        0x3 
 .bss.tms_base  0x2000072c        0x4 C:\Users\paul\AppData\Local\Temp\cc7Ghupa.ltrans0.ltrans.o
 .bss.tms_pin   0x20000730        0x1 C:\Users\paul\AppData\Local\Temp\cc7Ghupa.ltrans0.ltrans.o
 *(COMMON)
 *fill*         0x20000731        0x3 
 COMMON         0x20000734        0x4 c:/arm/gcc-arm-none-eabi-7-2018-q2-update-win32/bin/../lib/gcc/arm-none-eabi/7.3.1/../../../../arm-none-eabi/lib/thumb/v6-m\libg.a(lib_a-reent.o)
                0x20000734                errno
                0x20000738                . = ALIGN (0x4)
                0x20000738                __bss_end__ = .

.heap           0x20000738        0x0
                0x20000738                __end__ = .
                0x20000738                PROVIDE (end = .)
 *(.heap*)
                0x20000738                __HeapLimit = .

.stack_dummy    0x20000738        0x0
 *(.stack*)
                0x20001800                __StackTop = (ORIGIN (RAM) + LENGTH (RAM))
                0x20001800                __StackLimit = (__StackTop - SIZEOF (.stack_dummy))
                0x20001800                PROVIDE (__stack = __StackTop)
                0x00000001                ASSERT ((__StackLimit >= __HeapLimit), region RAM overflowed with stack)
OUTPUT(build_stm/inlretro_stm.elf elf32-littlearm)

.ARM.attributes
                0x00000000       0x28
 .ARM.attributes
                0x00000000       0x1e c:/arm/gcc-arm-none-eabi-7-2018-q2-update-win32/bin/../lib/gcc/arm-none-eabi/7.3.1/thumb/v6-m/crti.o
 .ARM.attributes
                0x0000001e       0x2f C:\Users\paul\AppData\Local\Temp\cc7Ghupa.ltrans0.ltrans.o
 .ARM.attributes
                0x0000004d       0x21 C:\Users\paul\AppData\Local\Temp\ccobfpka.o

.comment        0x00000000       0x7f
 .comment       0x00000000       0x7f C:\Users\paul\AppData\Local\Temp\cc7Ghupa.ltrans0.ltrans.o
                                 0x80 (size before relaxing)

.debug_info     0x00000000     0x5499
 .debug_info    0x00000000     0x5473 C:\Users\paul\AppData\Local\Temp\cc7Ghupa.ltrans0.ltrans.o
 .debug_info    0x00005473       0x26 C:\Users\paul\AppData\Local\Temp\ccobfpka.o

.debug_abbrev   0x00000000      0x6af
 .debug_abbrev  0x00000000      0x69b C:\Users\paul\AppData\Local\Temp\cc7Ghupa.ltrans0.ltrans.o
 .debug_abbrev  0x0000069b       0x14 C:\Users\paul\AppData\Local\Temp\ccobfpka.o

.debug_loc      0x00000000     0x55ae
 .debug_loc     0x00000000     0x55ae C:\Users\paul\AppData\Local\Temp\cc7Ghupa.ltrans0.ltrans.o

.debug_aranges  0x00000000      0x1f0
 .debug_aranges
                0x00000000      0x1d0 C:\Users\paul\AppData\Local\Temp\cc7Ghupa.ltrans0.ltrans.o
 .debug_aranges
                0x000001d0       0x20 C:\Users\paul\AppData\Local\Temp\ccobfpka.o

.debug_ranges   0x00000000      0xdd8
 .debug_ranges  0x00000000      0xdd8 C:\Users\paul\AppData\Local\Temp\cc7Ghupa.ltrans0.ltrans.o

.debug_line     0x00000000     0x1b37
 .debug_line    0x00000000     0x1a44 C:\Users\paul\AppData\Local\Temp\cc7Ghupa.ltrans0.ltrans.o
 .debug_line    0x00001a44       0xf3 C:\Users\paul\AppData\Local\Temp\ccobfpka.o

.debug_str      0x00000000     0x122f
 .debug_str     0x00000000     0x11ce C:\Users\paul\AppData\Local\Temp\cc7Ghupa.ltrans0.ltrans.o
                               0x12eb (size before relaxing)
 .debug_str     0x000011ce       0x61 C:\Users\paul\AppData\Local\Temp\ccobfpka.o

.debug_frame    0x00000000      0x5d8
 .debug_frame   0x00000000      0x5d8 C:\Users\paul\AppData\Local\Temp\cc7Ghupa.ltrans0.ltrans.o

.stabstr        0x00000000       0x76
 .stabstr       0x00000000       0x76 c:/arm/gcc-arm-none-eabi-7-2018-q2-update-win32/bin/../lib/gcc/arm-none-eabi/7.3.1/../../../../arm-none-eabi/lib/thumb/v6-m\libnosys.a(getpid.o)
