Archive member included to satisfy reference by file (symbol)

c:/arm/gcc-arm-none-eabi-7-2018-q2-update-win32/bin/../lib/gcc/arm-none-eabi/7.3.1/thumb/v6-m\libgcc.a(unwind-arm.o)
                              C:\Users\PAUL_D~1\AppData\Local\Temp\ccYiu3Ln.o (__aeabi_unwind_cpp_pr0)
c:/arm/gcc-arm-none-eabi-7-2018-q2-update-win32/bin/../lib/gcc/arm-none-eabi/7.3.1/thumb/v6-m\libgcc.a(libunwind.o)
                              c:/arm/gcc-arm-none-eabi-7-2018-q2-update-win32/bin/../lib/gcc/arm-none-eabi/7.3.1/thumb/v6-m\libgcc.a(unwind-arm.o) (restore_core_regs)
c:/arm/gcc-arm-none-eabi-7-2018-q2-update-win32/bin/../lib/gcc/arm-none-eabi/7.3.1/thumb/v6-m\libgcc.a(pr-support.o)
                              c:/arm/gcc-arm-none-eabi-7-2018-q2-update-win32/bin/../lib/gcc/arm-none-eabi/7.3.1/thumb/v6-m\libgcc.a(unwind-arm.o) (__gnu_unwind_execute)
c:/arm/gcc-arm-none-eabi-7-2018-q2-update-win32/bin/../lib/gcc/arm-none-eabi/7.3.1/../../../../arm-none-eabi/lib/thumb/v6-m\libg.a(lib_a-abort.o)
                              c:/arm/gcc-arm-none-eabi-7-2018-q2-update-win32/bin/../lib/gcc/arm-none-eabi/7.3.1/thumb/v6-m\libgcc.a(unwind-arm.o) (abort)
c:/arm/gcc-arm-none-eabi-7-2018-q2-update-win32/bin/../lib/gcc/arm-none-eabi/7.3.1/../../../../arm-none-eabi/lib/thumb/v6-m\libg.a(lib_a-exit.o)
                              c:/arm/gcc-arm-none-eabi-7-2018-q2-update-win32/bin/../lib/gcc/arm-none-eabi/7.3.1/../../../../arm-none-eabi/lib/thumb/v6-m/crt0.o (exit)
c:/arm/gcc-arm-none-eabi-7-2018-q2-update-win32/bin/../lib/gcc/arm-none-eabi/7.3.1/../../../../arm-none-eabi/lib/thumb/v6-m\libg.a(lib_a-impure.o)
                              c:/arm/gcc-arm-none-eabi-7-2018-q2-update-win32/bin/../lib/gcc/arm-none-eabi/7.3.1/../../../../arm-none-eabi/lib/thumb/v6-m\libg.a(lib_a-exit.o) (_global_impure_ptr)
c:/arm/gcc-arm-none-eabi-7-2018-q2-update-win32/bin/../lib/gcc/arm-none-eabi/7.3.1/../../../../arm-none-eabi/lib/thumb/v6-m\libg.a(lib_a-init.o)
                              c:/arm/gcc-arm-none-eabi-7-2018-q2-update-win32/bin/../lib/gcc/arm-none-eabi/7.3.1/../../../../arm-none-eabi/lib/thumb/v6-m/crt0.o (__libc_init_array)
c:/arm/gcc-arm-none-eabi-7-2018-q2-update-win32/bin/../lib/gcc/arm-none-eabi/7.3.1/../../../../arm-none-eabi/lib/thumb/v6-m\libg.a(lib_a-memcpy-stub.o)
                              c:/arm/gcc-arm-none-eabi-7-2018-q2-update-win32/bin/../lib/gcc/arm-none-eabi/7.3.1/thumb/v6-m\libgcc.a(unwind-arm.o) (memcpy)
c:/arm/gcc-arm-none-eabi-7-2018-q2-update-win32/bin/../lib/gcc/arm-none-eabi/7.3.1/../../../../arm-none-eabi/lib/thumb/v6-m\libg.a(lib_a-memset.o)
                              c:/arm/gcc-arm-none-eabi-7-2018-q2-update-win32/bin/../lib/gcc/arm-none-eabi/7.3.1/../../../../arm-none-eabi/lib/thumb/v6-m/crt0.o (memset)
c:/arm/gcc-arm-none-eabi-7-2018-q2-update-win32/bin/../lib/gcc/arm-none-eabi/7.3.1/../../../../arm-none-eabi/lib/thumb/v6-m\libg.a(lib_a-signal.o)
                              c:/arm/gcc-arm-none-eabi-7-2018-q2-update-win32/bin/../lib/gcc/arm-none-eabi/7.3.1/../../../../arm-none-eabi/lib/thumb/v6-m\libg.a(lib_a-abort.o) (raise)
c:/arm/gcc-arm-none-eabi-7-2018-q2-update-win32/bin/../lib/gcc/arm-none-eabi/7.3.1/../../../../arm-none-eabi/lib/thumb/v6-m\libg.a(lib_a-signalr.o)
                              c:/arm/gcc-arm-none-eabi-7-2018-q2-update-win32/bin/../lib/gcc/arm-none-eabi/7.3.1/../../../../arm-none-eabi/lib/thumb/v6-m\libg.a(lib_a-signal.o) (_kill_r)
c:/arm/gcc-arm-none-eabi-7-2018-q2-update-win32/bin/../lib/gcc/arm-none-eabi/7.3.1/../../../../arm-none-eabi/lib/thumb/v6-m\libg.a(lib_a-__call_atexit.o)
                              c:/arm/gcc-arm-none-eabi-7-2018-q2-update-win32/bin/../lib/gcc/arm-none-eabi/7.3.1/../../../../arm-none-eabi/lib/thumb/v6-m\libg.a(lib_a-exit.o) (__call_exitprocs)
c:/arm/gcc-arm-none-eabi-7-2018-q2-update-win32/bin/../lib/gcc/arm-none-eabi/7.3.1/../../../../arm-none-eabi/lib/thumb/v6-m\libg.a(lib_a-atexit.o)
                              c:/arm/gcc-arm-none-eabi-7-2018-q2-update-win32/bin/../lib/gcc/arm-none-eabi/7.3.1/../../../../arm-none-eabi/lib/thumb/v6-m\libg.a(lib_a-__call_atexit.o) (atexit)
c:/arm/gcc-arm-none-eabi-7-2018-q2-update-win32/bin/../lib/gcc/arm-none-eabi/7.3.1/../../../../arm-none-eabi/lib/thumb/v6-m\libg.a(lib_a-fini.o)
                              c:/arm/gcc-arm-none-eabi-7-2018-q2-update-win32/bin/../lib/gcc/arm-none-eabi/7.3.1/../../../../arm-none-eabi/lib/thumb/v6-m\libg.a(lib_a-__call_atexit.o) (__libc_fini_array)
c:/arm/gcc-arm-none-eabi-7-2018-q2-update-win32/bin/../lib/gcc/arm-none-eabi/7.3.1/../../../../arm-none-eabi/lib/thumb/v6-m\libg.a(lib_a-lock.o)
                              c:/arm/gcc-arm-none-eabi-7-2018-q2-update-win32/bin/../lib/gcc/arm-none-eabi/7.3.1/../../../../arm-none-eabi/lib/thumb/v6-m\libg.a(lib_a-__call_atexit.o) (__retarget_lock_acquire_recursive)
c:/arm/gcc-arm-none-eabi-7-2018-q2-update-win32/bin/../lib/gcc/arm-none-eabi/7.3.1/../../../../arm-none-eabi/lib/thumb/v6-m\libg.a(lib_a-mallocr.o)
                              c:/arm/gcc-arm-none-eabi-7-2018-q2-update-win32/bin/../lib/gcc/arm-none-eabi/7.3.1/../../../../arm-none-eabi/lib/thumb/v6-m\libg.a(lib_a-signal.o) (_malloc_r)
c:/arm/gcc-arm-none-eabi-7-2018-q2-update-win32/bin/../lib/gcc/arm-none-eabi/7.3.1/../../../../arm-none-eabi/lib/thumb/v6-m\libg.a(lib_a-mlock.o)
                              c:/arm/gcc-arm-none-eabi-7-2018-q2-update-win32/bin/../lib/gcc/arm-none-eabi/7.3.1/../../../../arm-none-eabi/lib/thumb/v6-m\libg.a(lib_a-mallocr.o) (__malloc_lock)
c:/arm/gcc-arm-none-eabi-7-2018-q2-update-win32/bin/../lib/gcc/arm-none-eabi/7.3.1/../../../../arm-none-eabi/lib/thumb/v6-m\libg.a(lib_a-reent.o)
                              c:/arm/gcc-arm-none-eabi-7-2018-q2-update-win32/bin/../lib/gcc/arm-none-eabi/7.3.1/../../../../arm-none-eabi/lib/thumb/v6-m\libg.a(lib_a-signalr.o) (errno)
c:/arm/gcc-arm-none-eabi-7-2018-q2-update-win32/bin/../lib/gcc/arm-none-eabi/7.3.1/../../../../arm-none-eabi/lib/thumb/v6-m\libg.a(lib_a-sbrkr.o)
                              c:/arm/gcc-arm-none-eabi-7-2018-q2-update-win32/bin/../lib/gcc/arm-none-eabi/7.3.1/../../../../arm-none-eabi/lib/thumb/v6-m\libg.a(lib_a-mallocr.o) (_sbrk_r)
c:/arm/gcc-arm-none-eabi-7-2018-q2-update-win32/bin/../lib/gcc/arm-none-eabi/7.3.1/../../../../arm-none-eabi/lib/thumb/v6-m\libg.a(lib_a-__atexit.o)
                              c:/arm/gcc-arm-none-eabi-7-2018-q2-update-win32/bin/../lib/gcc/arm-none-eabi/7.3.1/../../../../arm-none-eabi/lib/thumb/v6-m\libg.a(lib_a-atexit.o) (__register_exitproc)
c:/arm/gcc-arm-none-eabi-7-2018-q2-update-win32/bin/../lib/gcc/arm-none-eabi/7.3.1/../../../../arm-none-eabi/lib/thumb/v6-m\libg.a(lib_a-freer.o)
                              c:/arm/gcc-arm-none-eabi-7-2018-q2-update-win32/bin/../lib/gcc/arm-none-eabi/7.3.1/../../../../arm-none-eabi/lib/thumb/v6-m\libg.a(lib_a-mallocr.o) (_free_r)
c:/arm/gcc-arm-none-eabi-7-2018-q2-update-win32/bin/../lib/gcc/arm-none-eabi/7.3.1/../../../../arm-none-eabi/lib/thumb/v6-m\libnosys.a(getpid.o)
                              c:/arm/gcc-arm-none-eabi-7-2018-q2-update-win32/bin/../lib/gcc/arm-none-eabi/7.3.1/../../../../arm-none-eabi/lib/thumb/v6-m\libg.a(lib_a-signalr.o) (_getpid)
c:/arm/gcc-arm-none-eabi-7-2018-q2-update-win32/bin/../lib/gcc/arm-none-eabi/7.3.1/../../../../arm-none-eabi/lib/thumb/v6-m\libnosys.a(kill.o)
                              c:/arm/gcc-arm-none-eabi-7-2018-q2-update-win32/bin/../lib/gcc/arm-none-eabi/7.3.1/../../../../arm-none-eabi/lib/thumb/v6-m\libg.a(lib_a-signalr.o) (_kill)
c:/arm/gcc-arm-none-eabi-7-2018-q2-update-win32/bin/../lib/gcc/arm-none-eabi/7.3.1/../../../../arm-none-eabi/lib/thumb/v6-m\libnosys.a(sbrk.o)
                              c:/arm/gcc-arm-none-eabi-7-2018-q2-update-win32/bin/../lib/gcc/arm-none-eabi/7.3.1/../../../../arm-none-eabi/lib/thumb/v6-m\libg.a(lib_a-sbrkr.o) (_sbrk)
c:/arm/gcc-arm-none-eabi-7-2018-q2-update-win32/bin/../lib/gcc/arm-none-eabi/7.3.1/../../../../arm-none-eabi/lib/thumb/v6-m\libnosys.a(_exit.o)
                              c:/arm/gcc-arm-none-eabi-7-2018-q2-update-win32/bin/../lib/gcc/arm-none-eabi/7.3.1/../../../../arm-none-eabi/lib/thumb/v6-m\libg.a(lib_a-abort.o) (_exit)
c:/arm/gcc-arm-none-eabi-7-2018-q2-update-win32/bin/../lib/gcc/arm-none-eabi/7.3.1/thumb/v6-m\libgcc.a(_thumb1_case_uqi.o)
                              C:\Users\PAUL_D~1\AppData\Local\Temp\ccu17E4l.ltrans0.ltrans.o (__gnu_thumb1_case_uqi)
c:/arm/gcc-arm-none-eabi-7-2018-q2-update-win32/bin/../lib/gcc/arm-none-eabi/7.3.1/thumb/v6-m\libgcc.a(_thumb1_case_uhi.o)
                              C:\Users\PAUL_D~1\AppData\Local\Temp\ccu17E4l.ltrans0.ltrans.o (__gnu_thumb1_case_uhi)

Allocating common symbols
Common symbol       size              file

cur_addr_lo         0x2               source/gba.o (symbol from plugin)
buff3               0x14              source/buffer.o (symbol from plugin)
__lock___atexit_recursive_mutex
                    0x1               c:/arm/gcc-arm-none-eabi-7-2018-q2-update-win32/bin/../lib/gcc/arm-none-eabi/7.3.1/../../../../arm-none-eabi/lib/thumb/v6-m\libg.a(lib_a-lock.o)
cur_buff            0x4               source/buffer.o (symbol from plugin)
__lock___arc4random_mutex
                    0x1               c:/arm/gcc-arm-none-eabi-7-2018-q2-update-win32/bin/../lib/gcc/arm-none-eabi/7.3.1/../../../../arm-none-eabi/lib/thumb/v6-m\libg.a(lib_a-lock.o)
tdo_pin             0x1               source/jtag.o (symbol from plugin)
errno               0x4               c:/arm/gcc-arm-none-eabi-7-2018-q2-update-win32/bin/../lib/gcc/arm-none-eabi/7.3.1/../../../../arm-none-eabi/lib/thumb/v6-m\libg.a(lib_a-reent.o)
pbje_status         0x1               source/jtag.o (symbol from plugin)
pbje_command        0x1               source/jtag.o (symbol from plugin)
tck_base            0x4               source/jtag.o (symbol from plugin)
tck_pin             0x1               source/jtag.o (symbol from plugin)
bank_table          0x2               source/nes.o (symbol from plugin)
addrh               0x2               source/bootload.o (symbol from plugin)
buff1               0x14              source/buffer.o (symbol from plugin)
incoming_bytes_remain
                    0x1               source/buffer.o (symbol from plugin)
__lock___env_recursive_mutex
                    0x1               c:/arm/gcc-arm-none-eabi-7-2018-q2-update-win32/bin/../lib/gcc/arm-none-eabi/7.3.1/../../../../arm-none-eabi/lib/thumb/v6-m\libg.a(lib_a-lock.o)
__lock___sinit_recursive_mutex
                    0x1               c:/arm/gcc-arm-none-eabi-7-2018-q2-update-win32/bin/../lib/gcc/arm-none-eabi/7.3.1/../../../../arm-none-eabi/lib/thumb/v6-m\libg.a(lib_a-lock.o)
pbje_cmd_update_flag
                    0x1               source/jtag.o (symbol from plugin)
tms_pin             0x1               source/jtag.o (symbol from plugin)
__lock___malloc_recursive_mutex
                    0x1               c:/arm/gcc-arm-none-eabi-7-2018-q2-update-win32/bin/../lib/gcc/arm-none-eabi/7.3.1/../../../../arm-none-eabi/lib/thumb/v6-m\libg.a(lib_a-lock.o)
tdi_base            0x4               source/jtag.o (symbol from plugin)
tdo_base            0x4               source/jtag.o (symbol from plugin)
num_prg_banks       0x1               source/nes.o (symbol from plugin)
cur_addr_hi         0x1               source/gba.o (symbol from plugin)
buff2               0x14              source/buffer.o (symbol from plugin)
cur_bank            0x1               source/nes.o (symbol from plugin)
addr_ptr            0x4               source/bootload.o (symbol from plugin)
tdi_pin             0x1               source/jtag.o (symbol from plugin)
lfsr                0x4               source/stuff.o (symbol from plugin)
buff0               0x14              source/buffer.o (symbol from plugin)
raw_bank_status     0x10              source/buffer.o (symbol from plugin)
oper_info_struct    0x20              source/operation.o (symbol from plugin)
raw_buffer16        0x200             source/buffer.o (symbol from plugin)
tms_base            0x4               source/jtag.o (symbol from plugin)
swim_base           0x4               source/swim.o (symbol from plugin)
swim_pin            0x1               source/swim.o (symbol from plugin)
__lock___at_quick_exit_mutex
                    0x1               c:/arm/gcc-arm-none-eabi-7-2018-q2-update-win32/bin/../lib/gcc/arm-none-eabi/7.3.1/../../../../arm-none-eabi/lib/thumb/v6-m\libg.a(lib_a-lock.o)
cur_usb_load_buff   0x4               source/buffer.o (symbol from plugin)
pbje_numclk         0x1               source/jtag.o (symbol from plugin)
__lock___dd_hash_mutex
                    0x1               c:/arm/gcc-arm-none-eabi-7-2018-q2-update-win32/bin/../lib/gcc/arm-none-eabi/7.3.1/../../../../arm-none-eabi/lib/thumb/v6-m\libg.a(lib_a-lock.o)
__lock___tz_mutex   0x1               c:/arm/gcc-arm-none-eabi-7-2018-q2-update-win32/bin/../lib/gcc/arm-none-eabi/7.3.1/../../../../arm-none-eabi/lib/thumb/v6-m\libg.a(lib_a-lock.o)
n64_bank            0x2               source/n64.o (symbol from plugin)
pbje_data           0x20              source/jtag.o (symbol from plugin)
__lock___sfp_recursive_mutex
                    0x1               c:/arm/gcc-arm-none-eabi-7-2018-q2-update-win32/bin/../lib/gcc/arm-none-eabi/7.3.1/../../../../arm-none-eabi/lib/thumb/v6-m\libg.a(lib_a-lock.o)

Discarded input sections

 .text          0x00000000        0x0 c:/arm/gcc-arm-none-eabi-7-2018-q2-update-win32/bin/../lib/gcc/arm-none-eabi/7.3.1/thumb/v6-m/crti.o
 .data          0x00000000        0x0 c:/arm/gcc-arm-none-eabi-7-2018-q2-update-win32/bin/../lib/gcc/arm-none-eabi/7.3.1/thumb/v6-m/crti.o
 .bss           0x00000000        0x0 c:/arm/gcc-arm-none-eabi-7-2018-q2-update-win32/bin/../lib/gcc/arm-none-eabi/7.3.1/thumb/v6-m/crti.o
 .text          0x00000000       0x48 c:/arm/gcc-arm-none-eabi-7-2018-q2-update-win32/bin/../lib/gcc/arm-none-eabi/7.3.1/thumb/v6-m/crtbegin.o
 .data          0x00000000        0x4 c:/arm/gcc-arm-none-eabi-7-2018-q2-update-win32/bin/../lib/gcc/arm-none-eabi/7.3.1/thumb/v6-m/crtbegin.o
 .bss           0x00000000       0x1c c:/arm/gcc-arm-none-eabi-7-2018-q2-update-win32/bin/../lib/gcc/arm-none-eabi/7.3.1/thumb/v6-m/crtbegin.o
 .init_array    0x00000000        0x4 c:/arm/gcc-arm-none-eabi-7-2018-q2-update-win32/bin/../lib/gcc/arm-none-eabi/7.3.1/thumb/v6-m/crtbegin.o
 .fini_array    0x00000000        0x4 c:/arm/gcc-arm-none-eabi-7-2018-q2-update-win32/bin/../lib/gcc/arm-none-eabi/7.3.1/thumb/v6-m/crtbegin.o
 .eh_frame      0x00000000        0x0 c:/arm/gcc-arm-none-eabi-7-2018-q2-update-win32/bin/../lib/gcc/arm-none-eabi/7.3.1/thumb/v6-m/crtbegin.o
 .ARM.attributes
                0x00000000       0x2c c:/arm/gcc-arm-none-eabi-7-2018-q2-update-win32/bin/../lib/gcc/arm-none-eabi/7.3.1/thumb/v6-m/crtbegin.o
 .text          0x00000000       0x78 c:/arm/gcc-arm-none-eabi-7-2018-q2-update-win32/bin/../lib/gcc/arm-none-eabi/7.3.1/../../../../arm-none-eabi/lib/thumb/v6-m/crt0.o
 .data          0x00000000        0x0 c:/arm/gcc-arm-none-eabi-7-2018-q2-update-win32/bin/../lib/gcc/arm-none-eabi/7.3.1/../../../../arm-none-eabi/lib/thumb/v6-m/crt0.o
 .bss           0x00000000        0x0 c:/arm/gcc-arm-none-eabi-7-2018-q2-update-win32/bin/../lib/gcc/arm-none-eabi/7.3.1/../../../../arm-none-eabi/lib/thumb/v6-m/crt0.o
 .ARM.extab     0x00000000        0x0 c:/arm/gcc-arm-none-eabi-7-2018-q2-update-win32/bin/../lib/gcc/arm-none-eabi/7.3.1/../../../../arm-none-eabi/lib/thumb/v6-m/crt0.o
 .ARM.exidx     0x00000000        0x8 c:/arm/gcc-arm-none-eabi-7-2018-q2-update-win32/bin/../lib/gcc/arm-none-eabi/7.3.1/../../../../arm-none-eabi/lib/thumb/v6-m/crt0.o
 .ARM.attributes
                0x00000000       0x1b c:/arm/gcc-arm-none-eabi-7-2018-q2-update-win32/bin/../lib/gcc/arm-none-eabi/7.3.1/../../../../arm-none-eabi/lib/thumb/v6-m/crt0.o
 .text          0x00000000        0x0 C:\Users\PAUL_D~1\AppData\Local\Temp\ccOm59Pi.o
 .data          0x00000000        0x0 C:\Users\PAUL_D~1\AppData\Local\Temp\ccOm59Pi.o
 .bss           0x00000000        0x0 C:\Users\PAUL_D~1\AppData\Local\Temp\ccOm59Pi.o
 .stack         0x00000000      0xc00 C:\Users\PAUL_D~1\AppData\Local\Temp\ccOm59Pi.o
 .heap          0x00000000        0x0 C:\Users\PAUL_D~1\AppData\Local\Temp\ccOm59Pi.o
 .debug_line    0x00000000       0x7c C:\Users\PAUL_D~1\AppData\Local\Temp\ccOm59Pi.o
 .debug_info    0x00000000       0x22 C:\Users\PAUL_D~1\AppData\Local\Temp\ccOm59Pi.o
 .debug_abbrev  0x00000000       0x12 C:\Users\PAUL_D~1\AppData\Local\Temp\ccOm59Pi.o
 .debug_aranges
                0x00000000       0x28 C:\Users\PAUL_D~1\AppData\Local\Temp\ccOm59Pi.o
 .debug_str     0x00000000       0x70 C:\Users\PAUL_D~1\AppData\Local\Temp\ccOm59Pi.o
 .debug_ranges  0x00000000       0x20 C:\Users\PAUL_D~1\AppData\Local\Temp\ccOm59Pi.o
 .ARM.attributes
                0x00000000       0x1b C:\Users\PAUL_D~1\AppData\Local\Temp\ccOm59Pi.o
 .text          0x00000000        0x0 C:\Users\PAUL_D~1\AppData\Local\Temp\ccu17E4l.ltrans0.ltrans.o
 .data          0x00000000        0x0 C:\Users\PAUL_D~1\AppData\Local\Temp\ccu17E4l.ltrans0.ltrans.o
 .bss           0x00000000        0x0 C:\Users\PAUL_D~1\AppData\Local\Temp\ccu17E4l.ltrans0.ltrans.o
 .text          0x00000000        0x4 C:\Users\PAUL_D~1\AppData\Local\Temp\ccYiu3Ln.o
 .data          0x00000000        0x0 C:\Users\PAUL_D~1\AppData\Local\Temp\ccYiu3Ln.o
 .bss           0x00000000        0x0 C:\Users\PAUL_D~1\AppData\Local\Temp\ccYiu3Ln.o
 .ARM.extab     0x00000000        0x0 C:\Users\PAUL_D~1\AppData\Local\Temp\ccYiu3Ln.o
 .ARM.exidx     0x00000000        0x8 C:\Users\PAUL_D~1\AppData\Local\Temp\ccYiu3Ln.o
 .debug_line    0x00000000       0x49 C:\Users\PAUL_D~1\AppData\Local\Temp\ccYiu3Ln.o
 .debug_info    0x00000000       0x26 C:\Users\PAUL_D~1\AppData\Local\Temp\ccYiu3Ln.o
 .debug_abbrev  0x00000000       0x14 C:\Users\PAUL_D~1\AppData\Local\Temp\ccYiu3Ln.o
 .debug_aranges
                0x00000000       0x20 C:\Users\PAUL_D~1\AppData\Local\Temp\ccYiu3Ln.o
 .debug_str     0x00000000       0x6d C:\Users\PAUL_D~1\AppData\Local\Temp\ccYiu3Ln.o
 .ARM.attributes
                0x00000000       0x21 C:\Users\PAUL_D~1\AppData\Local\Temp\ccYiu3Ln.o
 .data          0x00000000        0x0 C:\Users\PAUL_D~1\AppData\Local\Temp\cc21n1gw.o
 .bss           0x00000000        0x0 C:\Users\PAUL_D~1\AppData\Local\Temp\cc21n1gw.o
 .ARM.extab     0x00000000        0x0 C:\Users\PAUL_D~1\AppData\Local\Temp\cc21n1gw.o
 .data          0x00000000        0x0 c:/arm/gcc-arm-none-eabi-7-2018-q2-update-win32/bin/../lib/gcc/arm-none-eabi/7.3.1/thumb/v6-m\libgcc.a(unwind-arm.o)
 .bss           0x00000000        0x0 c:/arm/gcc-arm-none-eabi-7-2018-q2-update-win32/bin/../lib/gcc/arm-none-eabi/7.3.1/thumb/v6-m\libgcc.a(unwind-arm.o)
 .debug_frame   0x00000000      0x2b4 c:/arm/gcc-arm-none-eabi-7-2018-q2-update-win32/bin/../lib/gcc/arm-none-eabi/7.3.1/thumb/v6-m\libgcc.a(unwind-arm.o)
 .ARM.attributes
                0x00000000       0x2c c:/arm/gcc-arm-none-eabi-7-2018-q2-update-win32/bin/../lib/gcc/arm-none-eabi/7.3.1/thumb/v6-m\libgcc.a(unwind-arm.o)
 .data          0x00000000        0x0 c:/arm/gcc-arm-none-eabi-7-2018-q2-update-win32/bin/../lib/gcc/arm-none-eabi/7.3.1/thumb/v6-m\libgcc.a(libunwind.o)
 .bss           0x00000000        0x0 c:/arm/gcc-arm-none-eabi-7-2018-q2-update-win32/bin/../lib/gcc/arm-none-eabi/7.3.1/thumb/v6-m\libgcc.a(libunwind.o)
 .ARM.attributes
                0x00000000       0x1e c:/arm/gcc-arm-none-eabi-7-2018-q2-update-win32/bin/../lib/gcc/arm-none-eabi/7.3.1/thumb/v6-m\libgcc.a(libunwind.o)
 .data          0x00000000        0x0 c:/arm/gcc-arm-none-eabi-7-2018-q2-update-win32/bin/../lib/gcc/arm-none-eabi/7.3.1/thumb/v6-m\libgcc.a(pr-support.o)
 .bss           0x00000000        0x0 c:/arm/gcc-arm-none-eabi-7-2018-q2-update-win32/bin/../lib/gcc/arm-none-eabi/7.3.1/thumb/v6-m\libgcc.a(pr-support.o)
 .debug_frame   0x00000000       0xf4 c:/arm/gcc-arm-none-eabi-7-2018-q2-update-win32/bin/../lib/gcc/arm-none-eabi/7.3.1/thumb/v6-m\libgcc.a(pr-support.o)
 .ARM.attributes
                0x00000000       0x2c c:/arm/gcc-arm-none-eabi-7-2018-q2-update-win32/bin/../lib/gcc/arm-none-eabi/7.3.1/thumb/v6-m\libgcc.a(pr-support.o)
 .text          0x00000000        0x0 c:/arm/gcc-arm-none-eabi-7-2018-q2-update-win32/bin/../lib/gcc/arm-none-eabi/7.3.1/../../../../arm-none-eabi/lib/thumb/v6-m\libg.a(lib_a-abort.o)
 .data          0x00000000        0x0 c:/arm/gcc-arm-none-eabi-7-2018-q2-update-win32/bin/../lib/gcc/arm-none-eabi/7.3.1/../../../../arm-none-eabi/lib/thumb/v6-m\libg.a(lib_a-abort.o)
 .bss           0x00000000        0x0 c:/arm/gcc-arm-none-eabi-7-2018-q2-update-win32/bin/../lib/gcc/arm-none-eabi/7.3.1/../../../../arm-none-eabi/lib/thumb/v6-m\libg.a(lib_a-abort.o)
 .debug_frame   0x00000000       0x28 c:/arm/gcc-arm-none-eabi-7-2018-q2-update-win32/bin/../lib/gcc/arm-none-eabi/7.3.1/../../../../arm-none-eabi/lib/thumb/v6-m\libg.a(lib_a-abort.o)
 .ARM.attributes
                0x00000000       0x2c c:/arm/gcc-arm-none-eabi-7-2018-q2-update-win32/bin/../lib/gcc/arm-none-eabi/7.3.1/../../../../arm-none-eabi/lib/thumb/v6-m\libg.a(lib_a-abort.o)
 .text          0x00000000        0x0 c:/arm/gcc-arm-none-eabi-7-2018-q2-update-win32/bin/../lib/gcc/arm-none-eabi/7.3.1/../../../../arm-none-eabi/lib/thumb/v6-m\libg.a(lib_a-exit.o)
 .data          0x00000000        0x0 c:/arm/gcc-arm-none-eabi-7-2018-q2-update-win32/bin/../lib/gcc/arm-none-eabi/7.3.1/../../../../arm-none-eabi/lib/thumb/v6-m\libg.a(lib_a-exit.o)
 .bss           0x00000000        0x0 c:/arm/gcc-arm-none-eabi-7-2018-q2-update-win32/bin/../lib/gcc/arm-none-eabi/7.3.1/../../../../arm-none-eabi/lib/thumb/v6-m\libg.a(lib_a-exit.o)
 .text.exit     0x00000000       0x20 c:/arm/gcc-arm-none-eabi-7-2018-q2-update-win32/bin/../lib/gcc/arm-none-eabi/7.3.1/../../../../arm-none-eabi/lib/thumb/v6-m\libg.a(lib_a-exit.o)
 .debug_frame   0x00000000       0x28 c:/arm/gcc-arm-none-eabi-7-2018-q2-update-win32/bin/../lib/gcc/arm-none-eabi/7.3.1/../../../../arm-none-eabi/lib/thumb/v6-m\libg.a(lib_a-exit.o)
 .ARM.attributes
                0x00000000       0x2c c:/arm/gcc-arm-none-eabi-7-2018-q2-update-win32/bin/../lib/gcc/arm-none-eabi/7.3.1/../../../../arm-none-eabi/lib/thumb/v6-m\libg.a(lib_a-exit.o)
 .text          0x00000000        0x0 c:/arm/gcc-arm-none-eabi-7-2018-q2-update-win32/bin/../lib/gcc/arm-none-eabi/7.3.1/../../../../arm-none-eabi/lib/thumb/v6-m\libg.a(lib_a-impure.o)
 .data          0x00000000        0x0 c:/arm/gcc-arm-none-eabi-7-2018-q2-update-win32/bin/../lib/gcc/arm-none-eabi/7.3.1/../../../../arm-none-eabi/lib/thumb/v6-m\libg.a(lib_a-impure.o)
 .bss           0x00000000        0x0 c:/arm/gcc-arm-none-eabi-7-2018-q2-update-win32/bin/../lib/gcc/arm-none-eabi/7.3.1/../../../../arm-none-eabi/lib/thumb/v6-m\libg.a(lib_a-impure.o)
 .rodata._global_impure_ptr
                0x00000000        0x4 c:/arm/gcc-arm-none-eabi-7-2018-q2-update-win32/bin/../lib/gcc/arm-none-eabi/7.3.1/../../../../arm-none-eabi/lib/thumb/v6-m\libg.a(lib_a-impure.o)
 .ARM.attributes
                0x00000000       0x2c c:/arm/gcc-arm-none-eabi-7-2018-q2-update-win32/bin/../lib/gcc/arm-none-eabi/7.3.1/../../../../arm-none-eabi/lib/thumb/v6-m\libg.a(lib_a-impure.o)
 .text          0x00000000        0x0 c:/arm/gcc-arm-none-eabi-7-2018-q2-update-win32/bin/../lib/gcc/arm-none-eabi/7.3.1/../../../../arm-none-eabi/lib/thumb/v6-m\libg.a(lib_a-init.o)
 .data          0x00000000        0x0 c:/arm/gcc-arm-none-eabi-7-2018-q2-update-win32/bin/../lib/gcc/arm-none-eabi/7.3.1/../../../../arm-none-eabi/lib/thumb/v6-m\libg.a(lib_a-init.o)
 .bss           0x00000000        0x0 c:/arm/gcc-arm-none-eabi-7-2018-q2-update-win32/bin/../lib/gcc/arm-none-eabi/7.3.1/../../../../arm-none-eabi/lib/thumb/v6-m\libg.a(lib_a-init.o)
 .text.__libc_init_array
                0x00000000       0x48 c:/arm/gcc-arm-none-eabi-7-2018-q2-update-win32/bin/../lib/gcc/arm-none-eabi/7.3.1/../../../../arm-none-eabi/lib/thumb/v6-m\libg.a(lib_a-init.o)
 .debug_frame   0x00000000       0x2c c:/arm/gcc-arm-none-eabi-7-2018-q2-update-win32/bin/../lib/gcc/arm-none-eabi/7.3.1/../../../../arm-none-eabi/lib/thumb/v6-m\libg.a(lib_a-init.o)
 .ARM.attributes
                0x00000000       0x2c c:/arm/gcc-arm-none-eabi-7-2018-q2-update-win32/bin/../lib/gcc/arm-none-eabi/7.3.1/../../../../arm-none-eabi/lib/thumb/v6-m\libg.a(lib_a-init.o)
 .text          0x00000000        0x0 c:/arm/gcc-arm-none-eabi-7-2018-q2-update-win32/bin/../lib/gcc/arm-none-eabi/7.3.1/../../../../arm-none-eabi/lib/thumb/v6-m\libg.a(lib_a-memcpy-stub.o)
 .data          0x00000000        0x0 c:/arm/gcc-arm-none-eabi-7-2018-q2-update-win32/bin/../lib/gcc/arm-none-eabi/7.3.1/../../../../arm-none-eabi/lib/thumb/v6-m\libg.a(lib_a-memcpy-stub.o)
 .bss           0x00000000        0x0 c:/arm/gcc-arm-none-eabi-7-2018-q2-update-win32/bin/../lib/gcc/arm-none-eabi/7.3.1/../../../../arm-none-eabi/lib/thumb/v6-m\libg.a(lib_a-memcpy-stub.o)
 .debug_frame   0x00000000       0x30 c:/arm/gcc-arm-none-eabi-7-2018-q2-update-win32/bin/../lib/gcc/arm-none-eabi/7.3.1/../../../../arm-none-eabi/lib/thumb/v6-m\libg.a(lib_a-memcpy-stub.o)
 .ARM.attributes
                0x00000000       0x2c c:/arm/gcc-arm-none-eabi-7-2018-q2-update-win32/bin/../lib/gcc/arm-none-eabi/7.3.1/../../../../arm-none-eabi/lib/thumb/v6-m\libg.a(lib_a-memcpy-stub.o)
 .text          0x00000000        0x0 c:/arm/gcc-arm-none-eabi-7-2018-q2-update-win32/bin/../lib/gcc/arm-none-eabi/7.3.1/../../../../arm-none-eabi/lib/thumb/v6-m\libg.a(lib_a-memset.o)
 .data          0x00000000        0x0 c:/arm/gcc-arm-none-eabi-7-2018-q2-update-win32/bin/../lib/gcc/arm-none-eabi/7.3.1/../../../../arm-none-eabi/lib/thumb/v6-m\libg.a(lib_a-memset.o)
 .bss           0x00000000        0x0 c:/arm/gcc-arm-none-eabi-7-2018-q2-update-win32/bin/../lib/gcc/arm-none-eabi/7.3.1/../../../../arm-none-eabi/lib/thumb/v6-m\libg.a(lib_a-memset.o)
 .text.memset   0x00000000       0x9c c:/arm/gcc-arm-none-eabi-7-2018-q2-update-win32/bin/../lib/gcc/arm-none-eabi/7.3.1/../../../../arm-none-eabi/lib/thumb/v6-m\libg.a(lib_a-memset.o)
 .debug_frame   0x00000000       0x30 c:/arm/gcc-arm-none-eabi-7-2018-q2-update-win32/bin/../lib/gcc/arm-none-eabi/7.3.1/../../../../arm-none-eabi/lib/thumb/v6-m\libg.a(lib_a-memset.o)
 .ARM.attributes
                0x00000000       0x2c c:/arm/gcc-arm-none-eabi-7-2018-q2-update-win32/bin/../lib/gcc/arm-none-eabi/7.3.1/../../../../arm-none-eabi/lib/thumb/v6-m\libg.a(lib_a-memset.o)
 .text          0x00000000        0x0 c:/arm/gcc-arm-none-eabi-7-2018-q2-update-win32/bin/../lib/gcc/arm-none-eabi/7.3.1/../../../../arm-none-eabi/lib/thumb/v6-m\libg.a(lib_a-signal.o)
 .data          0x00000000        0x0 c:/arm/gcc-arm-none-eabi-7-2018-q2-update-win32/bin/../lib/gcc/arm-none-eabi/7.3.1/../../../../arm-none-eabi/lib/thumb/v6-m\libg.a(lib_a-signal.o)
 .bss           0x00000000        0x0 c:/arm/gcc-arm-none-eabi-7-2018-q2-update-win32/bin/../lib/gcc/arm-none-eabi/7.3.1/../../../../arm-none-eabi/lib/thumb/v6-m\libg.a(lib_a-signal.o)
 .text._init_signal_r.part.0
                0x00000000       0x2c c:/arm/gcc-arm-none-eabi-7-2018-q2-update-win32/bin/../lib/gcc/arm-none-eabi/7.3.1/../../../../arm-none-eabi/lib/thumb/v6-m\libg.a(lib_a-signal.o)
 .text._init_signal_r
                0x00000000       0x1c c:/arm/gcc-arm-none-eabi-7-2018-q2-update-win32/bin/../lib/gcc/arm-none-eabi/7.3.1/../../../../arm-none-eabi/lib/thumb/v6-m\libg.a(lib_a-signal.o)
 .text._signal_r
                0x00000000       0x3c c:/arm/gcc-arm-none-eabi-7-2018-q2-update-win32/bin/../lib/gcc/arm-none-eabi/7.3.1/../../../../arm-none-eabi/lib/thumb/v6-m\libg.a(lib_a-signal.o)
 .text.__sigtramp_r
                0x00000000       0x50 c:/arm/gcc-arm-none-eabi-7-2018-q2-update-win32/bin/../lib/gcc/arm-none-eabi/7.3.1/../../../../arm-none-eabi/lib/thumb/v6-m\libg.a(lib_a-signal.o)
 .text.signal   0x00000000       0x18 c:/arm/gcc-arm-none-eabi-7-2018-q2-update-win32/bin/../lib/gcc/arm-none-eabi/7.3.1/../../../../arm-none-eabi/lib/thumb/v6-m\libg.a(lib_a-signal.o)
 .text._init_signal
                0x00000000       0x20 c:/arm/gcc-arm-none-eabi-7-2018-q2-update-win32/bin/../lib/gcc/arm-none-eabi/7.3.1/../../../../arm-none-eabi/lib/thumb/v6-m\libg.a(lib_a-signal.o)
 .text.__sigtramp
                0x00000000       0x14 c:/arm/gcc-arm-none-eabi-7-2018-q2-update-win32/bin/../lib/gcc/arm-none-eabi/7.3.1/../../../../arm-none-eabi/lib/thumb/v6-m\libg.a(lib_a-signal.o)
 .debug_frame   0x00000000       0xf8 c:/arm/gcc-arm-none-eabi-7-2018-q2-update-win32/bin/../lib/gcc/arm-none-eabi/7.3.1/../../../../arm-none-eabi/lib/thumb/v6-m\libg.a(lib_a-signal.o)
 .ARM.attributes
                0x00000000       0x2c c:/arm/gcc-arm-none-eabi-7-2018-q2-update-win32/bin/../lib/gcc/arm-none-eabi/7.3.1/../../../../arm-none-eabi/lib/thumb/v6-m\libg.a(lib_a-signal.o)
 .text          0x00000000        0x0 c:/arm/gcc-arm-none-eabi-7-2018-q2-update-win32/bin/../lib/gcc/arm-none-eabi/7.3.1/../../../../arm-none-eabi/lib/thumb/v6-m\libg.a(lib_a-signalr.o)
 .data          0x00000000        0x0 c:/arm/gcc-arm-none-eabi-7-2018-q2-update-win32/bin/../lib/gcc/arm-none-eabi/7.3.1/../../../../arm-none-eabi/lib/thumb/v6-m\libg.a(lib_a-signalr.o)
 .bss           0x00000000        0x0 c:/arm/gcc-arm-none-eabi-7-2018-q2-update-win32/bin/../lib/gcc/arm-none-eabi/7.3.1/../../../../arm-none-eabi/lib/thumb/v6-m\libg.a(lib_a-signalr.o)
 .debug_frame   0x00000000       0x44 c:/arm/gcc-arm-none-eabi-7-2018-q2-update-win32/bin/../lib/gcc/arm-none-eabi/7.3.1/../../../../arm-none-eabi/lib/thumb/v6-m\libg.a(lib_a-signalr.o)
 .ARM.attributes
                0x00000000       0x2c c:/arm/gcc-arm-none-eabi-7-2018-q2-update-win32/bin/../lib/gcc/arm-none-eabi/7.3.1/../../../../arm-none-eabi/lib/thumb/v6-m\libg.a(lib_a-signalr.o)
 .text          0x00000000        0x0 c:/arm/gcc-arm-none-eabi-7-2018-q2-update-win32/bin/../lib/gcc/arm-none-eabi/7.3.1/../../../../arm-none-eabi/lib/thumb/v6-m\libg.a(lib_a-__call_atexit.o)
 .data          0x00000000        0x0 c:/arm/gcc-arm-none-eabi-7-2018-q2-update-win32/bin/../lib/gcc/arm-none-eabi/7.3.1/../../../../arm-none-eabi/lib/thumb/v6-m\libg.a(lib_a-__call_atexit.o)
 .bss           0x00000000        0x0 c:/arm/gcc-arm-none-eabi-7-2018-q2-update-win32/bin/../lib/gcc/arm-none-eabi/7.3.1/../../../../arm-none-eabi/lib/thumb/v6-m\libg.a(lib_a-__call_atexit.o)
 .text.startup.register_fini
                0x00000000       0x18 c:/arm/gcc-arm-none-eabi-7-2018-q2-update-win32/bin/../lib/gcc/arm-none-eabi/7.3.1/../../../../arm-none-eabi/lib/thumb/v6-m\libg.a(lib_a-__call_atexit.o)
 .init_array.00000
                0x00000000        0x4 c:/arm/gcc-arm-none-eabi-7-2018-q2-update-win32/bin/../lib/gcc/arm-none-eabi/7.3.1/../../../../arm-none-eabi/lib/thumb/v6-m\libg.a(lib_a-__call_atexit.o)
 .text.__call_exitprocs
                0x00000000      0x118 c:/arm/gcc-arm-none-eabi-7-2018-q2-update-win32/bin/../lib/gcc/arm-none-eabi/7.3.1/../../../../arm-none-eabi/lib/thumb/v6-m\libg.a(lib_a-__call_atexit.o)
 .data.__atexit_recursive_mutex
                0x00000000        0x4 c:/arm/gcc-arm-none-eabi-7-2018-q2-update-win32/bin/../lib/gcc/arm-none-eabi/7.3.1/../../../../arm-none-eabi/lib/thumb/v6-m\libg.a(lib_a-__call_atexit.o)
 .debug_frame   0x00000000       0x54 c:/arm/gcc-arm-none-eabi-7-2018-q2-update-win32/bin/../lib/gcc/arm-none-eabi/7.3.1/../../../../arm-none-eabi/lib/thumb/v6-m\libg.a(lib_a-__call_atexit.o)
 .ARM.attributes
                0x00000000       0x2c c:/arm/gcc-arm-none-eabi-7-2018-q2-update-win32/bin/../lib/gcc/arm-none-eabi/7.3.1/../../../../arm-none-eabi/lib/thumb/v6-m\libg.a(lib_a-__call_atexit.o)
 .text          0x00000000        0x0 c:/arm/gcc-arm-none-eabi-7-2018-q2-update-win32/bin/../lib/gcc/arm-none-eabi/7.3.1/../../../../arm-none-eabi/lib/thumb/v6-m\libg.a(lib_a-atexit.o)
 .data          0x00000000        0x0 c:/arm/gcc-arm-none-eabi-7-2018-q2-update-win32/bin/../lib/gcc/arm-none-eabi/7.3.1/../../../../arm-none-eabi/lib/thumb/v6-m\libg.a(lib_a-atexit.o)
 .bss           0x00000000        0x0 c:/arm/gcc-arm-none-eabi-7-2018-q2-update-win32/bin/../lib/gcc/arm-none-eabi/7.3.1/../../../../arm-none-eabi/lib/thumb/v6-m\libg.a(lib_a-atexit.o)
 .text.atexit   0x00000000       0x10 c:/arm/gcc-arm-none-eabi-7-2018-q2-update-win32/bin/../lib/gcc/arm-none-eabi/7.3.1/../../../../arm-none-eabi/lib/thumb/v6-m\libg.a(lib_a-atexit.o)
 .debug_frame   0x00000000       0x28 c:/arm/gcc-arm-none-eabi-7-2018-q2-update-win32/bin/../lib/gcc/arm-none-eabi/7.3.1/../../../../arm-none-eabi/lib/thumb/v6-m\libg.a(lib_a-atexit.o)
 .ARM.attributes
                0x00000000       0x2c c:/arm/gcc-arm-none-eabi-7-2018-q2-update-win32/bin/../lib/gcc/arm-none-eabi/7.3.1/../../../../arm-none-eabi/lib/thumb/v6-m\libg.a(lib_a-atexit.o)
 .text          0x00000000        0x0 c:/arm/gcc-arm-none-eabi-7-2018-q2-update-win32/bin/../lib/gcc/arm-none-eabi/7.3.1/../../../../arm-none-eabi/lib/thumb/v6-m\libg.a(lib_a-fini.o)
 .data          0x00000000        0x0 c:/arm/gcc-arm-none-eabi-7-2018-q2-update-win32/bin/../lib/gcc/arm-none-eabi/7.3.1/../../../../arm-none-eabi/lib/thumb/v6-m\libg.a(lib_a-fini.o)
 .bss           0x00000000        0x0 c:/arm/gcc-arm-none-eabi-7-2018-q2-update-win32/bin/../lib/gcc/arm-none-eabi/7.3.1/../../../../arm-none-eabi/lib/thumb/v6-m\libg.a(lib_a-fini.o)
 .text.__libc_fini_array
                0x00000000       0x34 c:/arm/gcc-arm-none-eabi-7-2018-q2-update-win32/bin/../lib/gcc/arm-none-eabi/7.3.1/../../../../arm-none-eabi/lib/thumb/v6-m\libg.a(lib_a-fini.o)
 .debug_frame   0x00000000       0x2c c:/arm/gcc-arm-none-eabi-7-2018-q2-update-win32/bin/../lib/gcc/arm-none-eabi/7.3.1/../../../../arm-none-eabi/lib/thumb/v6-m\libg.a(lib_a-fini.o)
 .ARM.attributes
                0x00000000       0x2c c:/arm/gcc-arm-none-eabi-7-2018-q2-update-win32/bin/../lib/gcc/arm-none-eabi/7.3.1/../../../../arm-none-eabi/lib/thumb/v6-m\libg.a(lib_a-fini.o)
 .text          0x00000000        0x0 c:/arm/gcc-arm-none-eabi-7-2018-q2-update-win32/bin/../lib/gcc/arm-none-eabi/7.3.1/../../../../arm-none-eabi/lib/thumb/v6-m\libg.a(lib_a-lock.o)
 .data          0x00000000        0x0 c:/arm/gcc-arm-none-eabi-7-2018-q2-update-win32/bin/../lib/gcc/arm-none-eabi/7.3.1/../../../../arm-none-eabi/lib/thumb/v6-m\libg.a(lib_a-lock.o)
 .bss           0x00000000        0x0 c:/arm/gcc-arm-none-eabi-7-2018-q2-update-win32/bin/../lib/gcc/arm-none-eabi/7.3.1/../../../../arm-none-eabi/lib/thumb/v6-m\libg.a(lib_a-lock.o)
 .text.__retarget_lock_init
                0x00000000        0x4 c:/arm/gcc-arm-none-eabi-7-2018-q2-update-win32/bin/../lib/gcc/arm-none-eabi/7.3.1/../../../../arm-none-eabi/lib/thumb/v6-m\libg.a(lib_a-lock.o)
 .text.__retarget_lock_init_recursive
                0x00000000        0x4 c:/arm/gcc-arm-none-eabi-7-2018-q2-update-win32/bin/../lib/gcc/arm-none-eabi/7.3.1/../../../../arm-none-eabi/lib/thumb/v6-m\libg.a(lib_a-lock.o)
 .text.__retarget_lock_close
                0x00000000        0x4 c:/arm/gcc-arm-none-eabi-7-2018-q2-update-win32/bin/../lib/gcc/arm-none-eabi/7.3.1/../../../../arm-none-eabi/lib/thumb/v6-m\libg.a(lib_a-lock.o)
 .text.__retarget_lock_close_recursive
                0x00000000        0x4 c:/arm/gcc-arm-none-eabi-7-2018-q2-update-win32/bin/../lib/gcc/arm-none-eabi/7.3.1/../../../../arm-none-eabi/lib/thumb/v6-m\libg.a(lib_a-lock.o)
 .text.__retarget_lock_acquire
                0x00000000        0x4 c:/arm/gcc-arm-none-eabi-7-2018-q2-update-win32/bin/../lib/gcc/arm-none-eabi/7.3.1/../../../../arm-none-eabi/lib/thumb/v6-m\libg.a(lib_a-lock.o)
 .text.__retarget_lock_acquire_recursive
                0x00000000        0x4 c:/arm/gcc-arm-none-eabi-7-2018-q2-update-win32/bin/../lib/gcc/arm-none-eabi/7.3.1/../../../../arm-none-eabi/lib/thumb/v6-m\libg.a(lib_a-lock.o)
 .text.__retarget_lock_try_acquire
                0x00000000        0x4 c:/arm/gcc-arm-none-eabi-7-2018-q2-update-win32/bin/../lib/gcc/arm-none-eabi/7.3.1/../../../../arm-none-eabi/lib/thumb/v6-m\libg.a(lib_a-lock.o)
 .text.__retarget_lock_try_acquire_recursive
                0x00000000        0x4 c:/arm/gcc-arm-none-eabi-7-2018-q2-update-win32/bin/../lib/gcc/arm-none-eabi/7.3.1/../../../../arm-none-eabi/lib/thumb/v6-m\libg.a(lib_a-lock.o)
 .text.__retarget_lock_release
                0x00000000        0x4 c:/arm/gcc-arm-none-eabi-7-2018-q2-update-win32/bin/../lib/gcc/arm-none-eabi/7.3.1/../../../../arm-none-eabi/lib/thumb/v6-m\libg.a(lib_a-lock.o)
 .text.__retarget_lock_release_recursive
                0x00000000        0x4 c:/arm/gcc-arm-none-eabi-7-2018-q2-update-win32/bin/../lib/gcc/arm-none-eabi/7.3.1/../../../../arm-none-eabi/lib/thumb/v6-m\libg.a(lib_a-lock.o)
 .debug_frame   0x00000000       0xb0 c:/arm/gcc-arm-none-eabi-7-2018-q2-update-win32/bin/../lib/gcc/arm-none-eabi/7.3.1/../../../../arm-none-eabi/lib/thumb/v6-m\libg.a(lib_a-lock.o)
 .ARM.attributes
                0x00000000       0x2c c:/arm/gcc-arm-none-eabi-7-2018-q2-update-win32/bin/../lib/gcc/arm-none-eabi/7.3.1/../../../../arm-none-eabi/lib/thumb/v6-m\libg.a(lib_a-lock.o)
 COMMON         0x00000000       0x21 c:/arm/gcc-arm-none-eabi-7-2018-q2-update-win32/bin/../lib/gcc/arm-none-eabi/7.3.1/../../../../arm-none-eabi/lib/thumb/v6-m\libg.a(lib_a-lock.o)
 .text          0x00000000        0x0 c:/arm/gcc-arm-none-eabi-7-2018-q2-update-win32/bin/../lib/gcc/arm-none-eabi/7.3.1/../../../../arm-none-eabi/lib/thumb/v6-m\libg.a(lib_a-mallocr.o)
 .data          0x00000000        0x0 c:/arm/gcc-arm-none-eabi-7-2018-q2-update-win32/bin/../lib/gcc/arm-none-eabi/7.3.1/../../../../arm-none-eabi/lib/thumb/v6-m\libg.a(lib_a-mallocr.o)
 .bss           0x00000000        0x0 c:/arm/gcc-arm-none-eabi-7-2018-q2-update-win32/bin/../lib/gcc/arm-none-eabi/7.3.1/../../../../arm-none-eabi/lib/thumb/v6-m\libg.a(lib_a-mallocr.o)
 .text._malloc_r
                0x00000000      0x554 c:/arm/gcc-arm-none-eabi-7-2018-q2-update-win32/bin/../lib/gcc/arm-none-eabi/7.3.1/../../../../arm-none-eabi/lib/thumb/v6-m\libg.a(lib_a-mallocr.o)
 .bss.__malloc_current_mallinfo
                0x00000000       0x28 c:/arm/gcc-arm-none-eabi-7-2018-q2-update-win32/bin/../lib/gcc/arm-none-eabi/7.3.1/../../../../arm-none-eabi/lib/thumb/v6-m\libg.a(lib_a-mallocr.o)
 .bss.__malloc_max_sbrked_mem
                0x00000000        0x4 c:/arm/gcc-arm-none-eabi-7-2018-q2-update-win32/bin/../lib/gcc/arm-none-eabi/7.3.1/../../../../arm-none-eabi/lib/thumb/v6-m\libg.a(lib_a-mallocr.o)
 .bss.__malloc_max_total_mem
                0x00000000        0x4 c:/arm/gcc-arm-none-eabi-7-2018-q2-update-win32/bin/../lib/gcc/arm-none-eabi/7.3.1/../../../../arm-none-eabi/lib/thumb/v6-m\libg.a(lib_a-mallocr.o)
 .bss.__malloc_top_pad
                0x00000000        0x4 c:/arm/gcc-arm-none-eabi-7-2018-q2-update-win32/bin/../lib/gcc/arm-none-eabi/7.3.1/../../../../arm-none-eabi/lib/thumb/v6-m\libg.a(lib_a-mallocr.o)
 .data.__malloc_av_
                0x00000000      0x408 c:/arm/gcc-arm-none-eabi-7-2018-q2-update-win32/bin/../lib/gcc/arm-none-eabi/7.3.1/../../../../arm-none-eabi/lib/thumb/v6-m\libg.a(lib_a-mallocr.o)
 .data.__malloc_sbrk_base
                0x00000000        0x4 c:/arm/gcc-arm-none-eabi-7-2018-q2-update-win32/bin/../lib/gcc/arm-none-eabi/7.3.1/../../../../arm-none-eabi/lib/thumb/v6-m\libg.a(lib_a-mallocr.o)
 .data.__malloc_trim_threshold
                0x00000000        0x4 c:/arm/gcc-arm-none-eabi-7-2018-q2-update-win32/bin/../lib/gcc/arm-none-eabi/7.3.1/../../../../arm-none-eabi/lib/thumb/v6-m\libg.a(lib_a-mallocr.o)
 .debug_frame   0x00000000       0x3c c:/arm/gcc-arm-none-eabi-7-2018-q2-update-win32/bin/../lib/gcc/arm-none-eabi/7.3.1/../../../../arm-none-eabi/lib/thumb/v6-m\libg.a(lib_a-mallocr.o)
 .ARM.attributes
                0x00000000       0x2c c:/arm/gcc-arm-none-eabi-7-2018-q2-update-win32/bin/../lib/gcc/arm-none-eabi/7.3.1/../../../../arm-none-eabi/lib/thumb/v6-m\libg.a(lib_a-mallocr.o)
 .text          0x00000000        0x0 c:/arm/gcc-arm-none-eabi-7-2018-q2-update-win32/bin/../lib/gcc/arm-none-eabi/7.3.1/../../../../arm-none-eabi/lib/thumb/v6-m\libg.a(lib_a-mlock.o)
 .data          0x00000000        0x0 c:/arm/gcc-arm-none-eabi-7-2018-q2-update-win32/bin/../lib/gcc/arm-none-eabi/7.3.1/../../../../arm-none-eabi/lib/thumb/v6-m\libg.a(lib_a-mlock.o)
 .bss           0x00000000        0x0 c:/arm/gcc-arm-none-eabi-7-2018-q2-update-win32/bin/../lib/gcc/arm-none-eabi/7.3.1/../../../../arm-none-eabi/lib/thumb/v6-m\libg.a(lib_a-mlock.o)
 .text.__malloc_lock
                0x00000000       0x10 c:/arm/gcc-arm-none-eabi-7-2018-q2-update-win32/bin/../lib/gcc/arm-none-eabi/7.3.1/../../../../arm-none-eabi/lib/thumb/v6-m\libg.a(lib_a-mlock.o)
 .text.__malloc_unlock
                0x00000000       0x10 c:/arm/gcc-arm-none-eabi-7-2018-q2-update-win32/bin/../lib/gcc/arm-none-eabi/7.3.1/../../../../arm-none-eabi/lib/thumb/v6-m\libg.a(lib_a-mlock.o)
 .debug_frame   0x00000000       0x40 c:/arm/gcc-arm-none-eabi-7-2018-q2-update-win32/bin/../lib/gcc/arm-none-eabi/7.3.1/../../../../arm-none-eabi/lib/thumb/v6-m\libg.a(lib_a-mlock.o)
 .ARM.attributes
                0x00000000       0x2c c:/arm/gcc-arm-none-eabi-7-2018-q2-update-win32/bin/../lib/gcc/arm-none-eabi/7.3.1/../../../../arm-none-eabi/lib/thumb/v6-m\libg.a(lib_a-mlock.o)
 .text          0x00000000        0x0 c:/arm/gcc-arm-none-eabi-7-2018-q2-update-win32/bin/../lib/gcc/arm-none-eabi/7.3.1/../../../../arm-none-eabi/lib/thumb/v6-m\libg.a(lib_a-reent.o)
 .data          0x00000000        0x0 c:/arm/gcc-arm-none-eabi-7-2018-q2-update-win32/bin/../lib/gcc/arm-none-eabi/7.3.1/../../../../arm-none-eabi/lib/thumb/v6-m\libg.a(lib_a-reent.o)
 .bss           0x00000000        0x0 c:/arm/gcc-arm-none-eabi-7-2018-q2-update-win32/bin/../lib/gcc/arm-none-eabi/7.3.1/../../../../arm-none-eabi/lib/thumb/v6-m\libg.a(lib_a-reent.o)
 .text.cleanup_glue
                0x00000000       0x1c c:/arm/gcc-arm-none-eabi-7-2018-q2-update-win32/bin/../lib/gcc/arm-none-eabi/7.3.1/../../../../arm-none-eabi/lib/thumb/v6-m\libg.a(lib_a-reent.o)
 .text._reclaim_reent
                0x00000000       0x94 c:/arm/gcc-arm-none-eabi-7-2018-q2-update-win32/bin/../lib/gcc/arm-none-eabi/7.3.1/../../../../arm-none-eabi/lib/thumb/v6-m\libg.a(lib_a-reent.o)
 .debug_frame   0x00000000       0x48 c:/arm/gcc-arm-none-eabi-7-2018-q2-update-win32/bin/../lib/gcc/arm-none-eabi/7.3.1/../../../../arm-none-eabi/lib/thumb/v6-m\libg.a(lib_a-reent.o)
 .ARM.attributes
                0x00000000       0x2c c:/arm/gcc-arm-none-eabi-7-2018-q2-update-win32/bin/../lib/gcc/arm-none-eabi/7.3.1/../../../../arm-none-eabi/lib/thumb/v6-m\libg.a(lib_a-reent.o)
 .text          0x00000000        0x0 c:/arm/gcc-arm-none-eabi-7-2018-q2-update-win32/bin/../lib/gcc/arm-none-eabi/7.3.1/../../../../arm-none-eabi/lib/thumb/v6-m\libg.a(lib_a-sbrkr.o)
 .data          0x00000000        0x0 c:/arm/gcc-arm-none-eabi-7-2018-q2-update-win32/bin/../lib/gcc/arm-none-eabi/7.3.1/../../../../arm-none-eabi/lib/thumb/v6-m\libg.a(lib_a-sbrkr.o)
 .bss           0x00000000        0x0 c:/arm/gcc-arm-none-eabi-7-2018-q2-update-win32/bin/../lib/gcc/arm-none-eabi/7.3.1/../../../../arm-none-eabi/lib/thumb/v6-m\libg.a(lib_a-sbrkr.o)
 .text._sbrk_r  0x00000000       0x24 c:/arm/gcc-arm-none-eabi-7-2018-q2-update-win32/bin/../lib/gcc/arm-none-eabi/7.3.1/../../../../arm-none-eabi/lib/thumb/v6-m\libg.a(lib_a-sbrkr.o)
 .debug_frame   0x00000000       0x2c c:/arm/gcc-arm-none-eabi-7-2018-q2-update-win32/bin/../lib/gcc/arm-none-eabi/7.3.1/../../../../arm-none-eabi/lib/thumb/v6-m\libg.a(lib_a-sbrkr.o)
 .ARM.attributes
                0x00000000       0x2c c:/arm/gcc-arm-none-eabi-7-2018-q2-update-win32/bin/../lib/gcc/arm-none-eabi/7.3.1/../../../../arm-none-eabi/lib/thumb/v6-m\libg.a(lib_a-sbrkr.o)
 .text          0x00000000        0x0 c:/arm/gcc-arm-none-eabi-7-2018-q2-update-win32/bin/../lib/gcc/arm-none-eabi/7.3.1/../../../../arm-none-eabi/lib/thumb/v6-m\libg.a(lib_a-__atexit.o)
 .data          0x00000000        0x0 c:/arm/gcc-arm-none-eabi-7-2018-q2-update-win32/bin/../lib/gcc/arm-none-eabi/7.3.1/../../../../arm-none-eabi/lib/thumb/v6-m\libg.a(lib_a-__atexit.o)
 .bss           0x00000000        0x0 c:/arm/gcc-arm-none-eabi-7-2018-q2-update-win32/bin/../lib/gcc/arm-none-eabi/7.3.1/../../../../arm-none-eabi/lib/thumb/v6-m\libg.a(lib_a-__atexit.o)
 .text.__register_exitproc
                0x00000000       0xf4 c:/arm/gcc-arm-none-eabi-7-2018-q2-update-win32/bin/../lib/gcc/arm-none-eabi/7.3.1/../../../../arm-none-eabi/lib/thumb/v6-m\libg.a(lib_a-__atexit.o)
 .debug_frame   0x00000000       0x3c c:/arm/gcc-arm-none-eabi-7-2018-q2-update-win32/bin/../lib/gcc/arm-none-eabi/7.3.1/../../../../arm-none-eabi/lib/thumb/v6-m\libg.a(lib_a-__atexit.o)
 .ARM.attributes
                0x00000000       0x2c c:/arm/gcc-arm-none-eabi-7-2018-q2-update-win32/bin/../lib/gcc/arm-none-eabi/7.3.1/../../../../arm-none-eabi/lib/thumb/v6-m\libg.a(lib_a-__atexit.o)
 .text          0x00000000        0x0 c:/arm/gcc-arm-none-eabi-7-2018-q2-update-win32/bin/../lib/gcc/arm-none-eabi/7.3.1/../../../../arm-none-eabi/lib/thumb/v6-m\libg.a(lib_a-freer.o)
 .data          0x00000000        0x0 c:/arm/gcc-arm-none-eabi-7-2018-q2-update-win32/bin/../lib/gcc/arm-none-eabi/7.3.1/../../../../arm-none-eabi/lib/thumb/v6-m\libg.a(lib_a-freer.o)
 .bss           0x00000000        0x0 c:/arm/gcc-arm-none-eabi-7-2018-q2-update-win32/bin/../lib/gcc/arm-none-eabi/7.3.1/../../../../arm-none-eabi/lib/thumb/v6-m\libg.a(lib_a-freer.o)
 .text._malloc_trim_r
                0x00000000       0xa0 c:/arm/gcc-arm-none-eabi-7-2018-q2-update-win32/bin/../lib/gcc/arm-none-eabi/7.3.1/../../../../arm-none-eabi/lib/thumb/v6-m\libg.a(lib_a-freer.o)
 .text._free_r  0x00000000      0x1d4 c:/arm/gcc-arm-none-eabi-7-2018-q2-update-win32/bin/../lib/gcc/arm-none-eabi/7.3.1/../../../../arm-none-eabi/lib/thumb/v6-m\libg.a(lib_a-freer.o)
 .debug_frame   0x00000000       0x58 c:/arm/gcc-arm-none-eabi-7-2018-q2-update-win32/bin/../lib/gcc/arm-none-eabi/7.3.1/../../../../arm-none-eabi/lib/thumb/v6-m\libg.a(lib_a-freer.o)
 .ARM.attributes
                0x00000000       0x2c c:/arm/gcc-arm-none-eabi-7-2018-q2-update-win32/bin/../lib/gcc/arm-none-eabi/7.3.1/../../../../arm-none-eabi/lib/thumb/v6-m\libg.a(lib_a-freer.o)
 .text          0x00000000        0x0 c:/arm/gcc-arm-none-eabi-7-2018-q2-update-win32/bin/../lib/gcc/arm-none-eabi/7.3.1/../../../../arm-none-eabi/lib/thumb/v6-m\libnosys.a(getpid.o)
 .data          0x00000000        0x0 c:/arm/gcc-arm-none-eabi-7-2018-q2-update-win32/bin/../lib/gcc/arm-none-eabi/7.3.1/../../../../arm-none-eabi/lib/thumb/v6-m\libnosys.a(getpid.o)
 .bss           0x00000000        0x0 c:/arm/gcc-arm-none-eabi-7-2018-q2-update-win32/bin/../lib/gcc/arm-none-eabi/7.3.1/../../../../arm-none-eabi/lib/thumb/v6-m\libnosys.a(getpid.o)
 .stab          0x00000000       0x24 c:/arm/gcc-arm-none-eabi-7-2018-q2-update-win32/bin/../lib/gcc/arm-none-eabi/7.3.1/../../../../arm-none-eabi/lib/thumb/v6-m\libnosys.a(getpid.o)
 .debug_frame   0x00000000       0x20 c:/arm/gcc-arm-none-eabi-7-2018-q2-update-win32/bin/../lib/gcc/arm-none-eabi/7.3.1/../../../../arm-none-eabi/lib/thumb/v6-m\libnosys.a(getpid.o)
 .ARM.attributes
                0x00000000       0x2c c:/arm/gcc-arm-none-eabi-7-2018-q2-update-win32/bin/../lib/gcc/arm-none-eabi/7.3.1/../../../../arm-none-eabi/lib/thumb/v6-m\libnosys.a(getpid.o)
 .text          0x00000000        0x0 c:/arm/gcc-arm-none-eabi-7-2018-q2-update-win32/bin/../lib/gcc/arm-none-eabi/7.3.1/../../../../arm-none-eabi/lib/thumb/v6-m\libnosys.a(kill.o)
 .data          0x00000000        0x0 c:/arm/gcc-arm-none-eabi-7-2018-q2-update-win32/bin/../lib/gcc/arm-none-eabi/7.3.1/../../../../arm-none-eabi/lib/thumb/v6-m\libnosys.a(kill.o)
 .bss           0x00000000        0x0 c:/arm/gcc-arm-none-eabi-7-2018-q2-update-win32/bin/../lib/gcc/arm-none-eabi/7.3.1/../../../../arm-none-eabi/lib/thumb/v6-m\libnosys.a(kill.o)
 .stab          0x00000000       0x18 c:/arm/gcc-arm-none-eabi-7-2018-q2-update-win32/bin/../lib/gcc/arm-none-eabi/7.3.1/../../../../arm-none-eabi/lib/thumb/v6-m\libnosys.a(kill.o)
                                 0x24 (size before relaxing)
 .debug_frame   0x00000000       0x20 c:/arm/gcc-arm-none-eabi-7-2018-q2-update-win32/bin/../lib/gcc/arm-none-eabi/7.3.1/../../../../arm-none-eabi/lib/thumb/v6-m\libnosys.a(kill.o)
 .ARM.attributes
                0x00000000       0x2c c:/arm/gcc-arm-none-eabi-7-2018-q2-update-win32/bin/../lib/gcc/arm-none-eabi/7.3.1/../../../../arm-none-eabi/lib/thumb/v6-m\libnosys.a(kill.o)
 .text          0x00000000        0x0 c:/arm/gcc-arm-none-eabi-7-2018-q2-update-win32/bin/../lib/gcc/arm-none-eabi/7.3.1/../../../../arm-none-eabi/lib/thumb/v6-m\libnosys.a(sbrk.o)
 .data          0x00000000        0x0 c:/arm/gcc-arm-none-eabi-7-2018-q2-update-win32/bin/../lib/gcc/arm-none-eabi/7.3.1/../../../../arm-none-eabi/lib/thumb/v6-m\libnosys.a(sbrk.o)
 .bss           0x00000000        0x0 c:/arm/gcc-arm-none-eabi-7-2018-q2-update-win32/bin/../lib/gcc/arm-none-eabi/7.3.1/../../../../arm-none-eabi/lib/thumb/v6-m\libnosys.a(sbrk.o)
 .text._sbrk    0x00000000       0x1c c:/arm/gcc-arm-none-eabi-7-2018-q2-update-win32/bin/../lib/gcc/arm-none-eabi/7.3.1/../../../../arm-none-eabi/lib/thumb/v6-m\libnosys.a(sbrk.o)
 .bss.heap_end.4102
                0x00000000        0x4 c:/arm/gcc-arm-none-eabi-7-2018-q2-update-win32/bin/../lib/gcc/arm-none-eabi/7.3.1/../../../../arm-none-eabi/lib/thumb/v6-m\libnosys.a(sbrk.o)
 .debug_frame   0x00000000       0x20 c:/arm/gcc-arm-none-eabi-7-2018-q2-update-win32/bin/../lib/gcc/arm-none-eabi/7.3.1/../../../../arm-none-eabi/lib/thumb/v6-m\libnosys.a(sbrk.o)
 .ARM.attributes
                0x00000000       0x2c c:/arm/gcc-arm-none-eabi-7-2018-q2-update-win32/bin/../lib/gcc/arm-none-eabi/7.3.1/../../../../arm-none-eabi/lib/thumb/v6-m\libnosys.a(sbrk.o)
 .text          0x00000000        0x0 c:/arm/gcc-arm-none-eabi-7-2018-q2-update-win32/bin/../lib/gcc/arm-none-eabi/7.3.1/../../../../arm-none-eabi/lib/thumb/v6-m\libnosys.a(_exit.o)
 .data          0x00000000        0x0 c:/arm/gcc-arm-none-eabi-7-2018-q2-update-win32/bin/../lib/gcc/arm-none-eabi/7.3.1/../../../../arm-none-eabi/lib/thumb/v6-m\libnosys.a(_exit.o)
 .bss           0x00000000        0x0 c:/arm/gcc-arm-none-eabi-7-2018-q2-update-win32/bin/../lib/gcc/arm-none-eabi/7.3.1/../../../../arm-none-eabi/lib/thumb/v6-m\libnosys.a(_exit.o)
 .debug_frame   0x00000000       0x20 c:/arm/gcc-arm-none-eabi-7-2018-q2-update-win32/bin/../lib/gcc/arm-none-eabi/7.3.1/../../../../arm-none-eabi/lib/thumb/v6-m\libnosys.a(_exit.o)
 .ARM.attributes
                0x00000000       0x2c c:/arm/gcc-arm-none-eabi-7-2018-q2-update-win32/bin/../lib/gcc/arm-none-eabi/7.3.1/../../../../arm-none-eabi/lib/thumb/v6-m\libnosys.a(_exit.o)
 .text          0x00000000        0x0 c:/arm/gcc-arm-none-eabi-7-2018-q2-update-win32/bin/../lib/gcc/arm-none-eabi/7.3.1/thumb/v6-m/crtend.o
 .data          0x00000000        0x0 c:/arm/gcc-arm-none-eabi-7-2018-q2-update-win32/bin/../lib/gcc/arm-none-eabi/7.3.1/thumb/v6-m/crtend.o
 .bss           0x00000000        0x0 c:/arm/gcc-arm-none-eabi-7-2018-q2-update-win32/bin/../lib/gcc/arm-none-eabi/7.3.1/thumb/v6-m/crtend.o
 .eh_frame      0x00000000        0x4 c:/arm/gcc-arm-none-eabi-7-2018-q2-update-win32/bin/../lib/gcc/arm-none-eabi/7.3.1/thumb/v6-m/crtend.o
 .ARM.attributes
                0x00000000       0x2c c:/arm/gcc-arm-none-eabi-7-2018-q2-update-win32/bin/../lib/gcc/arm-none-eabi/7.3.1/thumb/v6-m/crtend.o
 .text          0x00000000        0x0 c:/arm/gcc-arm-none-eabi-7-2018-q2-update-win32/bin/../lib/gcc/arm-none-eabi/7.3.1/thumb/v6-m/crtn.o
 .data          0x00000000        0x0 c:/arm/gcc-arm-none-eabi-7-2018-q2-update-win32/bin/../lib/gcc/arm-none-eabi/7.3.1/thumb/v6-m/crtn.o
 .bss           0x00000000        0x0 c:/arm/gcc-arm-none-eabi-7-2018-q2-update-win32/bin/../lib/gcc/arm-none-eabi/7.3.1/thumb/v6-m/crtn.o
 .init          0x00000000        0x8 c:/arm/gcc-arm-none-eabi-7-2018-q2-update-win32/bin/../lib/gcc/arm-none-eabi/7.3.1/thumb/v6-m/crtn.o
 .fini          0x00000000        0x8 c:/arm/gcc-arm-none-eabi-7-2018-q2-update-win32/bin/../lib/gcc/arm-none-eabi/7.3.1/thumb/v6-m/crtn.o
 .ARM.attributes
                0x00000000       0x1e c:/arm/gcc-arm-none-eabi-7-2018-q2-update-win32/bin/../lib/gcc/arm-none-eabi/7.3.1/thumb/v6-m/crtn.o
 .data          0x00000000        0x0 c:/arm/gcc-arm-none-eabi-7-2018-q2-update-win32/bin/../lib/gcc/arm-none-eabi/7.3.1/thumb/v6-m\libgcc.a(_thumb1_case_uqi.o)
 .bss           0x00000000        0x0 c:/arm/gcc-arm-none-eabi-7-2018-q2-update-win32/bin/../lib/gcc/arm-none-eabi/7.3.1/thumb/v6-m\libgcc.a(_thumb1_case_uqi.o)
 .data          0x00000000        0x0 c:/arm/gcc-arm-none-eabi-7-2018-q2-update-win32/bin/../lib/gcc/arm-none-eabi/7.3.1/thumb/v6-m\libgcc.a(_thumb1_case_uhi.o)
 .bss           0x00000000        0x0 c:/arm/gcc-arm-none-eabi-7-2018-q2-update-win32/bin/../lib/gcc/arm-none-eabi/7.3.1/thumb/v6-m\libgcc.a(_thumb1_case_uhi.o)

Memory Configuration

Name             Origin             Length             Attributes
FLASH            0x08000000         0x00008000         xr
RAM              0x20000000         0x00001800         xrw
*default*        0x00000000         0xffffffff

Linker script and memory map

LOAD c:/arm/gcc-arm-none-eabi-7-2018-q2-update-win32/bin/../lib/gcc/arm-none-eabi/7.3.1/thumb/v6-m/crti.o
LOAD c:/arm/gcc-arm-none-eabi-7-2018-q2-update-win32/bin/../lib/gcc/arm-none-eabi/7.3.1/thumb/v6-m/crtbegin.o
LOAD c:/arm/gcc-arm-none-eabi-7-2018-q2-update-win32/bin/../lib/gcc/arm-none-eabi/7.3.1/../../../../arm-none-eabi/lib/thumb/v6-m/crt0.o
LOAD C:\Users\PAUL_D~1\AppData\Local\Temp\ccOm59Pi.o
LOAD C:\Users\PAUL_D~1\AppData\Local\Temp\ccu17E4l.ltrans0.ltrans.o
LOAD C:\Users\PAUL_D~1\AppData\Local\Temp\ccYiu3Ln.o
LOAD C:\Users\PAUL_D~1\AppData\Local\Temp\cc21n1gw.o
START GROUP
LOAD c:/arm/gcc-arm-none-eabi-7-2018-q2-update-win32/bin/../lib/gcc/arm-none-eabi/7.3.1/thumb/v6-m\libgcc.a
LOAD c:/arm/gcc-arm-none-eabi-7-2018-q2-update-win32/bin/../lib/gcc/arm-none-eabi/7.3.1/../../../../arm-none-eabi/lib/thumb/v6-m\libg.a
LOAD c:/arm/gcc-arm-none-eabi-7-2018-q2-update-win32/bin/../lib/gcc/arm-none-eabi/7.3.1/../../../../arm-none-eabi/lib/thumb/v6-m\libc.a
END GROUP
START GROUP
LOAD c:/arm/gcc-arm-none-eabi-7-2018-q2-update-win32/bin/../lib/gcc/arm-none-eabi/7.3.1/thumb/v6-m\libgcc.a
LOAD c:/arm/gcc-arm-none-eabi-7-2018-q2-update-win32/bin/../lib/gcc/arm-none-eabi/7.3.1/../../../../arm-none-eabi/lib/thumb/v6-m\libc.a
LOAD c:/arm/gcc-arm-none-eabi-7-2018-q2-update-win32/bin/../lib/gcc/arm-none-eabi/7.3.1/../../../../arm-none-eabi/lib/thumb/v6-m\libnosys.a
END GROUP
LOAD c:/arm/gcc-arm-none-eabi-7-2018-q2-update-win32/bin/../lib/gcc/arm-none-eabi/7.3.1/thumb/v6-m/crtend.o
LOAD c:/arm/gcc-arm-none-eabi-7-2018-q2-update-win32/bin/../lib/gcc/arm-none-eabi/7.3.1/thumb/v6-m/crtn.o

.text           0x08000000     0x5740
 *(.isr_vector)
 .isr_vector    0x08000000       0xc0 C:\Users\PAUL_D~1\AppData\Local\Temp\ccOm59Pi.o
                0x08000000                __isr_vector
 *(.usb_driver)
 .usb_driver    0x080000c0      0x3bc C:\Users\PAUL_D~1\AppData\Local\Temp\ccu17E4l.ltrans0.ltrans.o
                0x08000198                USB_IRQHandler
 *(.usb_desc)
 .usb_desc      0x0800047c       0xb8 C:\Users\PAUL_D~1\AppData\Local\Temp\ccu17E4l.ltrans0.ltrans.o
 *(.hardfault)
 .hardfault     0x08000534        0x2 C:\Users\PAUL_D~1\AppData\Local\Temp\ccOm59Pi.o
                0x08000534                TIM1_CC_IRQHandler
                0x08000534                TSC_IRQHandler
                0x08000534                ADC1_COMP_IRQHandler
                0x08000534                SysTick_Handler
                0x08000534                PendSV_Handler
                0x08000534                NMI_Handler
                0x08000534                I2C1_IRQHandler
                0x08000534                RCC_CRS_IRQHandler
                0x08000534                SPI1_IRQHandler
                0x08000534                TIM6_DAC_IRQHandler
                0x08000534                USART3_4_IRQHandler
                0x08000534                EXTI2_3_IRQHandler
                0x08000534                I2C2_IRQHandler
                0x08000534                TIM17_IRQHandler
                0x08000534                CEC_CAN_IRQHandler
                0x08000534                PVD_VDDIO2_IRQHandler
                0x08000534                DMA1_Channel4_5_6_7_IRQHandler
                0x08000534                TIM16_IRQHandler
                0x08000534                TIM3_IRQHandler
                0x08000534                EXTI4_15_IRQHandler
                0x08000534                DMA1_Channel1_IRQHandler
                0x08000534                Default_Handler
                0x08000534                TIM14_IRQHandler
                0x08000534                TIM7_IRQHandler
                0x08000534                TIM15_IRQHandler
                0x08000534                EXTI0_1_IRQHandler
                0x08000534                SPI2_IRQHandler
                0x08000534                SVC_Handler
                0x08000534                RTC_IRQHand
                0x08000534                WWDG_IRQHandler
                0x08000534                TIM2_IRQHandler
                0x08000534                DEF_IRQHandler
                0x08000534                DMA1_Channel2_3_IRQHandler
                0x08000534                USART2_IRQHandler
                0x08000534                FLASH_IRQHandler
                0x08000534                USART1_IRQHandler
                0x08000534                TIM1_BRK_UP_TRG_COM_IRQHandler
 *fill*         0x08000536        0x2 ff
 .hardfault     0x08000538        0xc C:\Users\PAUL_D~1\AppData\Local\Temp\ccu17E4l.ltrans0.ltrans.o
                0x08000538                HardFault_Handler
 *_thumb1_case_uqi.o()
 .text          0x08000544       0x14 c:/arm/gcc-arm-none-eabi-7-2018-q2-update-win32/bin/../lib/gcc/arm-none-eabi/7.3.1/thumb/v6-m\libgcc.a(_thumb1_case_uqi.o)
                0x08000544                __gnu_thumb1_case_uqi
 .ARM.attributes
                0x08000558       0x1e c:/arm/gcc-arm-none-eabi-7-2018-q2-update-win32/bin/../lib/gcc/arm-none-eabi/7.3.1/thumb/v6-m\libgcc.a(_thumb1_case_uqi.o)
 *_thumb1_case_shi.o()
 *_thumb1_case_uhi.o()
 *fill*         0x08000576        0x2 ff
 .text          0x08000578       0x14 c:/arm/gcc-arm-none-eabi-7-2018-q2-update-win32/bin/../lib/gcc/arm-none-eabi/7.3.1/thumb/v6-m\libgcc.a(_thumb1_case_uhi.o)
                0x08000578                __gnu_thumb1_case_uhi
 .ARM.attributes
                0x0800058c       0x1e c:/arm/gcc-arm-none-eabi-7-2018-q2-update-win32/bin/../lib/gcc/arm-none-eabi/7.3.1/thumb/v6-m\libgcc.a(_thumb1_case_uhi.o)
 *(.fw_update)
 *fill*         0x080005aa        0x2 ff
 .fw_update     0x080005ac      0x150 C:\Users\PAUL_D~1\AppData\Local\Temp\ccu17E4l.ltrans0.ltrans.o
                0x00000770                . = 0x770
 *fill*         0x080006fc       0x74 ff
 *(.fw_up_main)
 .fw_up_main    0x08000770       0x70 C:\Users\PAUL_D~1\AppData\Local\Temp\ccu17E4l.ltrans0.ltrans.o
                0x00000800                . = 0x800
 *fill*         0x080007e0       0x20 ff
 *(.appver)
                0x00000804                . = 0x804
 *fill*         0x08000800        0x4 ff
 *(.reset_handler)
 .reset_handler
                0x08000804       0x3c C:\Users\PAUL_D~1\AppData\Local\Temp\ccOm59Pi.o
                0x08000804                Reset_Handler
 *(.usbFuncWrite)
 .usbFuncWrite  0x08000840       0x44 C:\Users\PAUL_D~1\AppData\Local\Temp\ccu17E4l.ltrans0.ltrans.o
 *(.usbFuncSetup)
 .usbFuncSetup  0x08000884     0x1d04 C:\Users\PAUL_D~1\AppData\Local\Temp\ccu17E4l.ltrans0.ltrans.o
 *(.text*)
 .text.snes_page_rd_poll.constprop.29
                0x08002588       0x7c C:\Users\PAUL_D~1\AppData\Local\Temp\ccu17E4l.ltrans0.ltrans.o
 .text.nes_cpu_page_rd_poll.constprop.28
                0x08002604       0x6c C:\Users\PAUL_D~1\AppData\Local\Temp\ccu17E4l.ltrans0.ltrans.o
 .text.nes_ppu_page_rd_poll.constprop.25
                0x08002670       0x68 C:\Users\PAUL_D~1\AppData\Local\Temp\ccu17E4l.ltrans0.ltrans.o
 .text.append_pairity
                0x080026d8       0x1e C:\Users\PAUL_D~1\AppData\Local\Temp\ccu17E4l.ltrans0.ltrans.o
 .text.delay_us
                0x080026f6       0x14 C:\Users\PAUL_D~1\AppData\Local\Temp\ccu17E4l.ltrans0.ltrans.o
 *fill*         0x0800270a        0x2 ff
 .text.lfsr_32  0x0800270c       0x30 C:\Users\PAUL_D~1\AppData\Local\Temp\ccu17E4l.ltrans0.ltrans.o
 .text.snes_wr  0x0800273c       0x60 C:\Users\PAUL_D~1\AppData\Local\Temp\ccu17E4l.ltrans0.ltrans.o
 .text.snes_rd  0x0800279c       0x48 C:\Users\PAUL_D~1\AppData\Local\Temp\ccu17E4l.ltrans0.ltrans.o
 .text.write_page_snes.constprop.34
                0x080027e4      0x194 C:\Users\PAUL_D~1\AppData\Local\Temp\ccu17E4l.ltrans0.ltrans.o
 .text.snes_3v_flash_wr
                0x08002978       0x50 C:\Users\PAUL_D~1\AppData\Local\Temp\ccu17E4l.ltrans0.ltrans.o
 .text.snes_5v_flash_wr
                0x080029c8       0x50 C:\Users\PAUL_D~1\AppData\Local\Temp\ccu17E4l.ltrans0.ltrans.o
 .text.genesis_page_rd
                0x08002a18       0xa4 C:\Users\PAUL_D~1\AppData\Local\Temp\ccu17E4l.ltrans0.ltrans.o
 .text.mmc3s_prgrom_flash_wr
                0x08002abc        0x4 C:\Users\PAUL_D~1\AppData\Local\Temp\ccu17E4l.ltrans0.ltrans.o
 .text.nes_dualport_wr
                0x08002ac0       0x50 C:\Users\PAUL_D~1\AppData\Local\Temp\ccu17E4l.ltrans0.ltrans.o
 .text.nes_dualport_rd
                0x08002b10       0x38 C:\Users\PAUL_D~1\AppData\Local\Temp\ccu17E4l.ltrans0.ltrans.o
 .text.nes_ppu_wr
                0x08002b48       0x50 C:\Users\PAUL_D~1\AppData\Local\Temp\ccu17E4l.ltrans0.ltrans.o
 .text.nes_ppu_rd
                0x08002b98       0x38 C:\Users\PAUL_D~1\AppData\Local\Temp\ccu17E4l.ltrans0.ltrans.o
 .text.mmc3_chrrom_flash_wr
                0x08002bd0       0x44 C:\Users\PAUL_D~1\AppData\Local\Temp\ccu17E4l.ltrans0.ltrans.o
 .text.nrom_chrrom_flash_wr
                0x08002c14       0x44 C:\Users\PAUL_D~1\AppData\Local\Temp\ccu17E4l.ltrans0.ltrans.o
 .text.nes_m2_high_wr
                0x08002c58       0x60 C:\Users\PAUL_D~1\AppData\Local\Temp\ccu17E4l.ltrans0.ltrans.o
 .text.nes_cpu_wr
                0x08002cb8       0x7c C:\Users\PAUL_D~1\AppData\Local\Temp\ccu17E4l.ltrans0.ltrans.o
 .text.cdream_chrrom_flash_wr
                0x08002d34       0x8c C:\Users\PAUL_D~1\AppData\Local\Temp\ccu17E4l.ltrans0.ltrans.o
 .text.mmc4_chrrom_flash_wr
                0x08002dc0       0x74 C:\Users\PAUL_D~1\AppData\Local\Temp\ccu17E4l.ltrans0.ltrans.o
 .text.cnrom_chrrom_flash_wr
                0x08002e34       0x7c C:\Users\PAUL_D~1\AppData\Local\Temp\ccu17E4l.ltrans0.ltrans.o
 .text.nes_cpu_rd
                0x08002eb0       0x38 C:\Users\PAUL_D~1\AppData\Local\Temp\ccu17E4l.ltrans0.ltrans.o
 .text.tssop_prgrom_flash_wr
                0x08002ee8       0x2a C:\Users\PAUL_D~1\AppData\Local\Temp\ccu17E4l.ltrans0.ltrans.o
 .text.a53_tssop_prgrom_flash_wr
                0x08002f12       0x36 C:\Users\PAUL_D~1\AppData\Local\Temp\ccu17E4l.ltrans0.ltrans.o
 .text.gtrom_prgrom_flash_wr
                0x08002f48       0x4c C:\Users\PAUL_D~1\AppData\Local\Temp\ccu17E4l.ltrans0.ltrans.o
 .text.map30_prgrom_flash_wr
                0x08002f94       0x74 C:\Users\PAUL_D~1\AppData\Local\Temp\ccu17E4l.ltrans0.ltrans.o
 .text.mmc4_prgrom_flash_wr
                0x08003008       0x54 C:\Users\PAUL_D~1\AppData\Local\Temp\ccu17E4l.ltrans0.ltrans.o
 .text.mmc3_prgrom_flash_wr
                0x0800305c       0x50 C:\Users\PAUL_D~1\AppData\Local\Temp\ccu17E4l.ltrans0.ltrans.o
 .text.disc_push_exp0_prgrom_wr
                0x080030ac       0x48 C:\Users\PAUL_D~1\AppData\Local\Temp\ccu17E4l.ltrans0.ltrans.o
 .text.discrete_exp0_prgrom_wr
                0x080030f4       0x58 C:\Users\PAUL_D~1\AppData\Local\Temp\ccu17E4l.ltrans0.ltrans.o
 .text.unrom_prgrom_flash_wr
                0x0800314c       0x64 C:\Users\PAUL_D~1\AppData\Local\Temp\ccu17E4l.ltrans0.ltrans.o
 .text.nrom_prgrom_flash_wr
                0x080031b0       0x44 C:\Users\PAUL_D~1\AppData\Local\Temp\ccu17E4l.ltrans0.ltrans.o
 .text.n64_latch_addr
                0x080031f4       0x60 C:\Users\PAUL_D~1\AppData\Local\Temp\ccu17E4l.ltrans0.ltrans.o
 .text.pbje_scan
                0x08003254      0x10c C:\Users\PAUL_D~1\AppData\Local\Temp\ccu17E4l.ltrans0.ltrans.o
 .text.pbje_state_change
                0x08003360       0x88 C:\Users\PAUL_D~1\AppData\Local\Temp\ccu17E4l.ltrans0.ltrans.o
 .text.jtag_init_pbje
                0x080033e8       0xe0 C:\Users\PAUL_D~1\AppData\Local\Temp\ccu17E4l.ltrans0.ltrans.o
 .text.jtag_run_pbje.part.0
                0x080034c8       0xb8 C:\Users\PAUL_D~1\AppData\Local\Temp\ccu17E4l.ltrans0.ltrans.o
 .text.io_reset
                0x08003580      0x174 C:\Users\PAUL_D~1\AppData\Local\Temp\ccu17E4l.ltrans0.ltrans.o
 .text.gba_rd   0x080036f4       0x4c C:\Users\PAUL_D~1\AppData\Local\Temp\ccu17E4l.ltrans0.ltrans.o
 .text.write_page_verify
                0x08003740       0x5c C:\Users\PAUL_D~1\AppData\Local\Temp\ccu17E4l.ltrans0.ltrans.o
 .text.write_page
                0x0800379c       0x34 C:\Users\PAUL_D~1\AppData\Local\Temp\ccu17E4l.ltrans0.ltrans.o
 .text.get_next_buff
                0x080037d0       0x54 C:\Users\PAUL_D~1\AppData\Local\Temp\ccu17E4l.ltrans0.ltrans.o
 .text.mmc1_wr.constprop.12
                0x08003824       0x22 C:\Users\PAUL_D~1\AppData\Local\Temp\ccu17E4l.ltrans0.ltrans.o
 *fill*         0x08003846        0x2 ff
 .text.mmc1_chrrom_flash_wr
                0x08003848       0x60 C:\Users\PAUL_D~1\AppData\Local\Temp\ccu17E4l.ltrans0.ltrans.o
 .text.mmc1_prgrom_flash_wr
                0x080038a8       0x50 C:\Users\PAUL_D~1\AppData\Local\Temp\ccu17E4l.ltrans0.ltrans.o
 .text.swim_wotf
                0x080038f8       0xb4 C:\Users\PAUL_D~1\AppData\Local\Temp\ccu17E4l.ltrans0.ltrans.o
 .text.swim_rotf
                0x080039ac       0xac C:\Users\PAUL_D~1\AppData\Local\Temp\ccu17E4l.ltrans0.ltrans.o
 .text.startup.main
                0x08003a58      0xb48 C:\Users\PAUL_D~1\AppData\Local\Temp\ccu17E4l.ltrans0.ltrans.o
                0x08003a58                main
 .text          0x080045a0      0x154 C:\Users\PAUL_D~1\AppData\Local\Temp\cc21n1gw.o
                0x080045a0                swim_xfr
 .text          0x080046f4      0xa08 c:/arm/gcc-arm-none-eabi-7-2018-q2-update-win32/bin/../lib/gcc/arm-none-eabi/7.3.1/thumb/v6-m\libgcc.a(unwind-arm.o)
                0x080049b0                _Unwind_GetCFA
                0x080049b4                __gnu_Unwind_RaiseException
                0x08004a08                __gnu_Unwind_ForcedUnwind
                0x08004a1c                __gnu_Unwind_Resume
                0x08004a64                __gnu_Unwind_Resume_or_Rethrow
                0x08004a80                _Unwind_Complete
                0x08004a84                _Unwind_DeleteException
                0x08004a94                _Unwind_VRS_Get
                0x08004adc                _Unwind_VRS_Set
                0x08004b24                __gnu_Unwind_Backtrace
                0x08004e74                __aeabi_unwind_cpp_pr0
                0x08004e80                __aeabi_unwind_cpp_pr1
                0x08004e8c                __aeabi_unwind_cpp_pr2
                0x08004e98                _Unwind_VRS_Pop
 .text          0x080050fc      0x144 c:/arm/gcc-arm-none-eabi-7-2018-q2-update-win32/bin/../lib/gcc/arm-none-eabi/7.3.1/thumb/v6-m\libgcc.a(libunwind.o)
                0x080050fc                __restore_core_regs
                0x080050fc                restore_core_regs
                0x08005128                __gnu_Unwind_Restore_VFP
                0x0800512c                __gnu_Unwind_Save_VFP
                0x08005130                __gnu_Unwind_Restore_VFP_D
                0x08005134                __gnu_Unwind_Save_VFP_D
                0x08005138                __gnu_Unwind_Restore_VFP_D_16_to_31
                0x0800513c                __gnu_Unwind_Save_VFP_D_16_to_31
                0x08005140                __gnu_Unwind_Restore_WMMXD
                0x08005144                __gnu_Unwind_Save_WMMXD
                0x08005148                __gnu_Unwind_Restore_WMMXC
                0x0800514c                __gnu_Unwind_Save_WMMXC
                0x08005150                ___Unwind_RaiseException
                0x08005150                _Unwind_RaiseException
                0x08005180                _Unwind_Resume
                0x08005180                ___Unwind_Resume
                0x080051b0                _Unwind_Resume_or_Rethrow
                0x080051b0                ___Unwind_Resume_or_Rethrow
                0x080051e0                _Unwind_ForcedUnwind
                0x080051e0                ___Unwind_ForcedUnwind
                0x08005210                ___Unwind_Backtrace
                0x08005210                _Unwind_Backtrace
 .text          0x08005240      0x39c c:/arm/gcc-arm-none-eabi-7-2018-q2-update-win32/bin/../lib/gcc/arm-none-eabi/7.3.1/thumb/v6-m\libgcc.a(pr-support.o)
                0x08005294                __gnu_unwind_execute
                0x08005584                __gnu_unwind_frame
                0x080055ac                _Unwind_GetRegionStart
                0x080055b8                _Unwind_GetLanguageSpecificData
                0x080055cc                _Unwind_GetDataRelBase
                0x080055d4                _Unwind_GetTextRelBase
 .text.abort    0x080055dc       0x10 c:/arm/gcc-arm-none-eabi-7-2018-q2-update-win32/bin/../lib/gcc/arm-none-eabi/7.3.1/../../../../arm-none-eabi/lib/thumb/v6-m\libg.a(lib_a-abort.o)
                0x080055dc                abort
 .text.memcpy   0x080055ec       0x88 c:/arm/gcc-arm-none-eabi-7-2018-q2-update-win32/bin/../lib/gcc/arm-none-eabi/7.3.1/../../../../arm-none-eabi/lib/thumb/v6-m\libg.a(lib_a-memcpy-stub.o)
                0x080055ec                memcpy
 .text._raise_r
                0x08005674       0x5c c:/arm/gcc-arm-none-eabi-7-2018-q2-update-win32/bin/../lib/gcc/arm-none-eabi/7.3.1/../../../../arm-none-eabi/lib/thumb/v6-m\libg.a(lib_a-signal.o)
                0x08005674                _raise_r
 .text.raise    0x080056d0       0x14 c:/arm/gcc-arm-none-eabi-7-2018-q2-update-win32/bin/../lib/gcc/arm-none-eabi/7.3.1/../../../../arm-none-eabi/lib/thumb/v6-m\libg.a(lib_a-signal.o)
                0x080056d0                raise
 .text._kill_r  0x080056e4       0x28 c:/arm/gcc-arm-none-eabi-7-2018-q2-update-win32/bin/../lib/gcc/arm-none-eabi/7.3.1/../../../../arm-none-eabi/lib/thumb/v6-m\libg.a(lib_a-signalr.o)
                0x080056e4                _kill_r
 .text._getpid_r
                0x0800570c        0x8 c:/arm/gcc-arm-none-eabi-7-2018-q2-update-win32/bin/../lib/gcc/arm-none-eabi/7.3.1/../../../../arm-none-eabi/lib/thumb/v6-m\libg.a(lib_a-signalr.o)
                0x0800570c                _getpid_r
 .text._getpid  0x08005714       0x10 c:/arm/gcc-arm-none-eabi-7-2018-q2-update-win32/bin/../lib/gcc/arm-none-eabi/7.3.1/../../../../arm-none-eabi/lib/thumb/v6-m\libnosys.a(getpid.o)
                0x08005714                _getpid
 .text._kill    0x08005724       0x10 c:/arm/gcc-arm-none-eabi-7-2018-q2-update-win32/bin/../lib/gcc/arm-none-eabi/7.3.1/../../../../arm-none-eabi/lib/thumb/v6-m\libnosys.a(kill.o)
                0x08005724                _kill
 .text._exit    0x08005734        0x4 c:/arm/gcc-arm-none-eabi-7-2018-q2-update-win32/bin/../lib/gcc/arm-none-eabi/7.3.1/../../../../arm-none-eabi/lib/thumb/v6-m\libnosys.a(_exit.o)
                0x08005734                _exit
 *(.init)
 .init          0x08005738        0x4 c:/arm/gcc-arm-none-eabi-7-2018-q2-update-win32/bin/../lib/gcc/arm-none-eabi/7.3.1/thumb/v6-m/crti.o
                0x08005738                _init
 *(.fini)
 .fini          0x0800573c        0x4 c:/arm/gcc-arm-none-eabi-7-2018-q2-update-win32/bin/../lib/gcc/arm-none-eabi/7.3.1/thumb/v6-m/crti.o
                0x0800573c                _fini
 *crtbegin.o(.ctors)
 *crtbegin?.o(.ctors)
 *(EXCLUDE_FILE(*crtend.o *crtend?.o) .ctors)
 *(SORT_BY_NAME(.ctors.*))
 *(.ctors)
 *crtbegin.o(.dtors)
 *crtbegin?.o(.dtors)
 *(EXCLUDE_FILE(*crtend.o *crtend?.o) .dtors)
 *(SORT_BY_NAME(.dtors.*))
 *(.dtors)
 *(.rodata*)
 *(.eh_frame*)

.glue_7         0x08005740        0x0
 .glue_7        0x08005740        0x0 linker stubs

.glue_7t        0x08005740        0x0
 .glue_7t       0x08005740        0x0 linker stubs

.vfp11_veneer   0x08005740        0x0
 .vfp11_veneer  0x08005740        0x0 linker stubs

.v4_bx          0x08005740        0x0
 .v4_bx         0x08005740        0x0 linker stubs

.iplt           0x08005740        0x0
 .iplt          0x08005740        0x0 C:\Users\PAUL_D~1\AppData\Local\Temp\ccOm59Pi.o

.ARM.extab      0x08005740       0x30
 *(.ARM.extab* .gnu.linkonce.armextab.*)
 .ARM.extab     0x08005740       0x24 c:/arm/gcc-arm-none-eabi-7-2018-q2-update-win32/bin/../lib/gcc/arm-none-eabi/7.3.1/thumb/v6-m\libgcc.a(unwind-arm.o)
 .ARM.extab     0x08005764        0xc c:/arm/gcc-arm-none-eabi-7-2018-q2-update-win32/bin/../lib/gcc/arm-none-eabi/7.3.1/thumb/v6-m\libgcc.a(pr-support.o)
                0x08005770                __exidx_start = .

.ARM.exidx      0x08005770       0xd0
 *(.ARM.exidx* .gnu.linkonce.armexidx.*)
 .ARM.exidx     0x08005770        0x8 C:\Users\PAUL_D~1\AppData\Local\Temp\cc21n1gw.o
                                 0x10 (size before relaxing)
 .ARM.exidx     0x08005778       0x98 c:/arm/gcc-arm-none-eabi-7-2018-q2-update-win32/bin/../lib/gcc/arm-none-eabi/7.3.1/thumb/v6-m\libgcc.a(unwind-arm.o)
                                 0xd8 (size before relaxing)
 .ARM.exidx     0x08005810       0x30 c:/arm/gcc-arm-none-eabi-7-2018-q2-update-win32/bin/../lib/gcc/arm-none-eabi/7.3.1/thumb/v6-m\libgcc.a(pr-support.o)
                                 0x48 (size before relaxing)
                0x08005840                __exidx_end = .
                0x08005840                __etext = ALIGN (0x4)

.rel.dyn        0x08005840        0x0
 .rel.iplt      0x08005840        0x0 C:\Users\PAUL_D~1\AppData\Local\Temp\ccOm59Pi.o

.data           0x20000000      0x430 load address 0x08005840
                0x20000000                __data_start__ = .
 *(vtable)
 *(.data*)
 .data._impure_ptr
                0x20000000        0x4 c:/arm/gcc-arm-none-eabi-7-2018-q2-update-win32/bin/../lib/gcc/arm-none-eabi/7.3.1/../../../../arm-none-eabi/lib/thumb/v6-m\libg.a(lib_a-impure.o)
                0x20000000                _impure_ptr
 *fill*         0x20000004        0x4 
 .data.impure_data
                0x20000008      0x428 c:/arm/gcc-arm-none-eabi-7-2018-q2-update-win32/bin/../lib/gcc/arm-none-eabi/7.3.1/../../../../arm-none-eabi/lib/thumb/v6-m\libg.a(lib_a-impure.o)
                0x20000430                . = ALIGN (0x4)
                0x20000430                PROVIDE (__preinit_array_start = .)
 *(.preinit_array)
                0x20000430                PROVIDE (__preinit_array_end = .)
                0x20000430                . = ALIGN (0x4)
                0x20000430                PROVIDE (__init_array_start = .)
 *(SORT_BY_NAME(.init_array.*))
 *(.init_array)
                0x20000430                PROVIDE (__init_array_end = .)
                0x20000430                . = ALIGN (0x4)
                0x20000430                PROVIDE (__fini_array_start = .)
 *(SORT_BY_NAME(.fini_array.*))
 *(.fini_array)
                0x20000430                PROVIDE (__fini_array_end = .)
                0x20000430                . = ALIGN (0x4)
 *(.fastrun)
                0x20000430                __data_end__ = .

.igot.plt       0x20000430        0x0 load address 0x08005c70
 .igot.plt      0x20000430        0x0 C:\Users\PAUL_D~1\AppData\Local\Temp\ccOm59Pi.o

.bss            0x20000430      0x308 load address 0x08005c70
                0x20000430                . = ALIGN (0x4)
                0x20000430                __bss_start__ = .
 *(.bss*)
 .bss.addr_ptr  0x20000430        0x4 C:\Users\PAUL_D~1\AppData\Local\Temp\ccu17E4l.ltrans0.ltrans.o
 .bss.addrh     0x20000434        0x2 C:\Users\PAUL_D~1\AppData\Local\Temp\ccu17E4l.ltrans0.ltrans.o
 .bss.bank_table
                0x20000436        0x2 C:\Users\PAUL_D~1\AppData\Local\Temp\ccu17E4l.ltrans0.ltrans.o
 .bss.buff0     0x20000438       0x14 C:\Users\PAUL_D~1\AppData\Local\Temp\ccu17E4l.ltrans0.ltrans.o
 .bss.buff1     0x2000044c       0x14 C:\Users\PAUL_D~1\AppData\Local\Temp\ccu17E4l.ltrans0.ltrans.o
 .bss.buff2     0x20000460       0x14 C:\Users\PAUL_D~1\AppData\Local\Temp\ccu17E4l.ltrans0.ltrans.o
 .bss.buff3     0x20000474       0x14 C:\Users\PAUL_D~1\AppData\Local\Temp\ccu17E4l.ltrans0.ltrans.o
 .bss.cur_addr_hi
                0x20000488        0x1 C:\Users\PAUL_D~1\AppData\Local\Temp\ccu17E4l.ltrans0.ltrans.o
 *fill*         0x20000489        0x1 
 .bss.cur_addr_lo
                0x2000048a        0x2 C:\Users\PAUL_D~1\AppData\Local\Temp\ccu17E4l.ltrans0.ltrans.o
 .bss.cur_bank  0x2000048c        0x1 C:\Users\PAUL_D~1\AppData\Local\Temp\ccu17E4l.ltrans0.ltrans.o
 *fill*         0x2000048d        0x3 
 .bss.cur_buff  0x20000490        0x4 C:\Users\PAUL_D~1\AppData\Local\Temp\ccu17E4l.ltrans0.ltrans.o
 .bss.cur_usb_load_buff
                0x20000494        0x4 C:\Users\PAUL_D~1\AppData\Local\Temp\ccu17E4l.ltrans0.ltrans.o
 .bss.incoming_bytes_remain
                0x20000498        0x1 C:\Users\PAUL_D~1\AppData\Local\Temp\ccu17E4l.ltrans0.ltrans.o
 *fill*         0x20000499        0x3 
 .bss.lfsr      0x2000049c        0x4 C:\Users\PAUL_D~1\AppData\Local\Temp\ccu17E4l.ltrans0.ltrans.o
 .bss.n64_bank  0x200004a0        0x2 C:\Users\PAUL_D~1\AppData\Local\Temp\ccu17E4l.ltrans0.ltrans.o
 .bss.num_buff.5134
                0x200004a2        0x1 C:\Users\PAUL_D~1\AppData\Local\Temp\ccu17E4l.ltrans0.ltrans.o
 .bss.num_prg_banks
                0x200004a3        0x1 C:\Users\PAUL_D~1\AppData\Local\Temp\ccu17E4l.ltrans0.ltrans.o
 .bss.oper_info_struct
                0x200004a4       0x20 C:\Users\PAUL_D~1\AppData\Local\Temp\ccu17E4l.ltrans0.ltrans.o
 .bss.pbje_command
                0x200004c4        0x1 C:\Users\PAUL_D~1\AppData\Local\Temp\ccu17E4l.ltrans0.ltrans.o
 .bss.pbje_data
                0x200004c5       0x20 C:\Users\PAUL_D~1\AppData\Local\Temp\ccu17E4l.ltrans0.ltrans.o
 .bss.pbje_numclk
                0x200004e5        0x1 C:\Users\PAUL_D~1\AppData\Local\Temp\ccu17E4l.ltrans0.ltrans.o
 .bss.pbje_status
                0x200004e6        0x1 C:\Users\PAUL_D~1\AppData\Local\Temp\ccu17E4l.ltrans0.ltrans.o
 .bss.raw_bank_status
                0x200004e7       0x10 C:\Users\PAUL_D~1\AppData\Local\Temp\ccu17E4l.ltrans0.ltrans.o
 *fill*         0x200004f7        0x1 
 .bss.raw_buffer16
                0x200004f8      0x200 C:\Users\PAUL_D~1\AppData\Local\Temp\ccu17E4l.ltrans0.ltrans.o
 .bss.rv16.4756
                0x200006f8        0x8 C:\Users\PAUL_D~1\AppData\Local\Temp\ccu17E4l.ltrans0.ltrans.o
 .bss.rv16.5054
                0x20000700        0x8 C:\Users\PAUL_D~1\AppData\Local\Temp\ccu17E4l.ltrans0.ltrans.o
 .bss.stm_debug_disable
                0x20000708        0x1 C:\Users\PAUL_D~1\AppData\Local\Temp\ccu17E4l.ltrans0.ltrans.o
 *fill*         0x20000709        0x3 
 .bss.swim_base
                0x2000070c        0x4 C:\Users\PAUL_D~1\AppData\Local\Temp\ccu17E4l.ltrans0.ltrans.o
 .bss.swim_pin  0x20000710        0x1 C:\Users\PAUL_D~1\AppData\Local\Temp\ccu17E4l.ltrans0.ltrans.o
 *fill*         0x20000711        0x3 
 .bss.tck_base  0x20000714        0x4 C:\Users\PAUL_D~1\AppData\Local\Temp\ccu17E4l.ltrans0.ltrans.o
 .bss.tck_pin   0x20000718        0x1 C:\Users\PAUL_D~1\AppData\Local\Temp\ccu17E4l.ltrans0.ltrans.o
 *fill*         0x20000719        0x3 
 .bss.tdi_base  0x2000071c        0x4 C:\Users\PAUL_D~1\AppData\Local\Temp\ccu17E4l.ltrans0.ltrans.o
 .bss.tdi_pin   0x20000720        0x1 C:\Users\PAUL_D~1\AppData\Local\Temp\ccu17E4l.ltrans0.ltrans.o
 *fill*         0x20000721        0x3 
 .bss.tdo_base  0x20000724        0x4 C:\Users\PAUL_D~1\AppData\Local\Temp\ccu17E4l.ltrans0.ltrans.o
 .bss.tdo_pin   0x20000728        0x1 C:\Users\PAUL_D~1\AppData\Local\Temp\ccu17E4l.ltrans0.ltrans.o
 *fill*         0x20000729        0x3 
 .bss.tms_base  0x2000072c        0x4 C:\Users\PAUL_D~1\AppData\Local\Temp\ccu17E4l.ltrans0.ltrans.o
 .bss.tms_pin   0x20000730        0x1 C:\Users\PAUL_D~1\AppData\Local\Temp\ccu17E4l.ltrans0.ltrans.o
 *(COMMON)
 *fill*         0x20000731        0x3 
 COMMON         0x20000734        0x4 c:/arm/gcc-arm-none-eabi-7-2018-q2-update-win32/bin/../lib/gcc/arm-none-eabi/7.3.1/../../../../arm-none-eabi/lib/thumb/v6-m\libg.a(lib_a-reent.o)
                0x20000734                errno
                0x20000738                . = ALIGN (0x4)
                0x20000738                __bss_end__ = .

.heap           0x20000738        0x0
                0x20000738                __end__ = .
                0x20000738                PROVIDE (end = .)
 *(.heap*)
                0x20000738                __HeapLimit = .

.stack_dummy    0x20000738        0x0
 *(.stack*)
                0x20001800                __StackTop = (ORIGIN (RAM) + LENGTH (RAM))
                0x20001800                __StackLimit = (__StackTop - SIZEOF (.stack_dummy))
                0x20001800                PROVIDE (__stack = __StackTop)
                0x00000001                ASSERT ((__StackLimit >= __HeapLimit), region RAM overflowed with stack)
OUTPUT(build_stm/inlretro_stm.elf elf32-littlearm)

.ARM.attributes
                0x00000000       0x28
 .ARM.attributes
                0x00000000       0x1e c:/arm/gcc-arm-none-eabi-7-2018-q2-update-win32/bin/../lib/gcc/arm-none-eabi/7.3.1/thumb/v6-m/crti.o
 .ARM.attributes
                0x0000001e       0x2f C:\Users\PAUL_D~1\AppData\Local\Temp\ccu17E4l.ltrans0.ltrans.o
 .ARM.attributes
                0x0000004d       0x21 C:\Users\PAUL_D~1\AppData\Local\Temp\cc21n1gw.o

.comment        0x00000000       0x7f
 .comment       0x00000000       0x7f C:\Users\PAUL_D~1\AppData\Local\Temp\ccu17E4l.ltrans0.ltrans.o
                                 0x80 (size before relaxing)

.debug_info     0x00000000     0x57e5
 .debug_info    0x00000000     0x57bf C:\Users\PAUL_D~1\AppData\Local\Temp\ccu17E4l.ltrans0.ltrans.o
 .debug_info    0x000057bf       0x26 C:\Users\PAUL_D~1\AppData\Local\Temp\cc21n1gw.o

.debug_abbrev   0x00000000      0x6ba
 .debug_abbrev  0x00000000      0x6a6 C:\Users\PAUL_D~1\AppData\Local\Temp\ccu17E4l.ltrans0.ltrans.o
 .debug_abbrev  0x000006a6       0x14 C:\Users\PAUL_D~1\AppData\Local\Temp\cc21n1gw.o

.debug_loc      0x00000000     0x8e80
 .debug_loc     0x00000000     0x8e80 C:\Users\PAUL_D~1\AppData\Local\Temp\ccu17E4l.ltrans0.ltrans.o

.debug_aranges  0x00000000      0x218
 .debug_aranges
                0x00000000      0x1f8 C:\Users\PAUL_D~1\AppData\Local\Temp\ccu17E4l.ltrans0.ltrans.o
 .debug_aranges
                0x000001f8       0x20 C:\Users\PAUL_D~1\AppData\Local\Temp\cc21n1gw.o

.debug_ranges   0x00000000      0xe08
 .debug_ranges  0x00000000      0xe08 C:\Users\PAUL_D~1\AppData\Local\Temp\ccu17E4l.ltrans0.ltrans.o

.debug_line     0x00000000     0x1bfa
 .debug_line    0x00000000     0x1b07 C:\Users\PAUL_D~1\AppData\Local\Temp\ccu17E4l.ltrans0.ltrans.o
 .debug_line    0x00001b07       0xf3 C:\Users\PAUL_D~1\AppData\Local\Temp\cc21n1gw.o

.debug_str      0x00000000     0x12b2
 .debug_str     0x00000000     0x1249 C:\Users\PAUL_D~1\AppData\Local\Temp\ccu17E4l.ltrans0.ltrans.o
                               0x1384 (size before relaxing)
 .debug_str     0x00001249       0x69 C:\Users\PAUL_D~1\AppData\Local\Temp\cc21n1gw.o

.debug_frame    0x00000000      0x658
 .debug_frame   0x00000000      0x658 C:\Users\PAUL_D~1\AppData\Local\Temp\ccu17E4l.ltrans0.ltrans.o

.stabstr        0x00000000       0x76
 .stabstr       0x00000000       0x76 c:/arm/gcc-arm-none-eabi-7-2018-q2-update-win32/bin/../lib/gcc/arm-none-eabi/7.3.1/../../../../arm-none-eabi/lib/thumb/v6-m\libnosys.a(getpid.o)
