Archive member included to satisfy reference by file (symbol)

c:/arm/gcc-arm-none-eabi-6_2-2016q4-20161216-win32/bin/../lib/gcc/arm-none-eabi/6.2.1/thumb/v6-m\libgcc.a(unwind-arm.o)
                              C:\Users\skido\AppData\Local\Temp\ccfw3XWp.o (__aeabi_unwind_cpp_pr0)
c:/arm/gcc-arm-none-eabi-6_2-2016q4-20161216-win32/bin/../lib/gcc/arm-none-eabi/6.2.1/thumb/v6-m\libgcc.a(libunwind.o)
                              c:/arm/gcc-arm-none-eabi-6_2-2016q4-20161216-win32/bin/../lib/gcc/arm-none-eabi/6.2.1/thumb/v6-m\libgcc.a(unwind-arm.o) (restore_core_regs)
c:/arm/gcc-arm-none-eabi-6_2-2016q4-20161216-win32/bin/../lib/gcc/arm-none-eabi/6.2.1/thumb/v6-m\libgcc.a(pr-support.o)
                              c:/arm/gcc-arm-none-eabi-6_2-2016q4-20161216-win32/bin/../lib/gcc/arm-none-eabi/6.2.1/thumb/v6-m\libgcc.a(unwind-arm.o) (__gnu_unwind_execute)
c:/arm/gcc-arm-none-eabi-6_2-2016q4-20161216-win32/bin/../lib/gcc/arm-none-eabi/6.2.1/../../../../arm-none-eabi/lib/thumb/v6-m\libg.a(lib_a-abort.o)
                              c:/arm/gcc-arm-none-eabi-6_2-2016q4-20161216-win32/bin/../lib/gcc/arm-none-eabi/6.2.1/thumb/v6-m\libgcc.a(unwind-arm.o) (abort)
c:/arm/gcc-arm-none-eabi-6_2-2016q4-20161216-win32/bin/../lib/gcc/arm-none-eabi/6.2.1/../../../../arm-none-eabi/lib/thumb/v6-m\libg.a(lib_a-exit.o)
                              c:/arm/gcc-arm-none-eabi-6_2-2016q4-20161216-win32/bin/../lib/gcc/arm-none-eabi/6.2.1/../../../../arm-none-eabi/lib/thumb/v6-m/crt0.o (exit)
c:/arm/gcc-arm-none-eabi-6_2-2016q4-20161216-win32/bin/../lib/gcc/arm-none-eabi/6.2.1/../../../../arm-none-eabi/lib/thumb/v6-m\libg.a(lib_a-impure.o)
                              c:/arm/gcc-arm-none-eabi-6_2-2016q4-20161216-win32/bin/../lib/gcc/arm-none-eabi/6.2.1/../../../../arm-none-eabi/lib/thumb/v6-m\libg.a(lib_a-exit.o) (_global_impure_ptr)
c:/arm/gcc-arm-none-eabi-6_2-2016q4-20161216-win32/bin/../lib/gcc/arm-none-eabi/6.2.1/../../../../arm-none-eabi/lib/thumb/v6-m\libg.a(lib_a-init.o)
                              c:/arm/gcc-arm-none-eabi-6_2-2016q4-20161216-win32/bin/../lib/gcc/arm-none-eabi/6.2.1/../../../../arm-none-eabi/lib/thumb/v6-m/crt0.o (__libc_init_array)
c:/arm/gcc-arm-none-eabi-6_2-2016q4-20161216-win32/bin/../lib/gcc/arm-none-eabi/6.2.1/../../../../arm-none-eabi/lib/thumb/v6-m\libg.a(lib_a-memcpy-stub.o)
                              c:/arm/gcc-arm-none-eabi-6_2-2016q4-20161216-win32/bin/../lib/gcc/arm-none-eabi/6.2.1/thumb/v6-m\libgcc.a(unwind-arm.o) (memcpy)
c:/arm/gcc-arm-none-eabi-6_2-2016q4-20161216-win32/bin/../lib/gcc/arm-none-eabi/6.2.1/../../../../arm-none-eabi/lib/thumb/v6-m\libg.a(lib_a-memset.o)
                              c:/arm/gcc-arm-none-eabi-6_2-2016q4-20161216-win32/bin/../lib/gcc/arm-none-eabi/6.2.1/../../../../arm-none-eabi/lib/thumb/v6-m/crt0.o (memset)
c:/arm/gcc-arm-none-eabi-6_2-2016q4-20161216-win32/bin/../lib/gcc/arm-none-eabi/6.2.1/../../../../arm-none-eabi/lib/thumb/v6-m\libg.a(lib_a-signal.o)
                              c:/arm/gcc-arm-none-eabi-6_2-2016q4-20161216-win32/bin/../lib/gcc/arm-none-eabi/6.2.1/../../../../arm-none-eabi/lib/thumb/v6-m\libg.a(lib_a-abort.o) (raise)
c:/arm/gcc-arm-none-eabi-6_2-2016q4-20161216-win32/bin/../lib/gcc/arm-none-eabi/6.2.1/../../../../arm-none-eabi/lib/thumb/v6-m\libg.a(lib_a-signalr.o)
                              c:/arm/gcc-arm-none-eabi-6_2-2016q4-20161216-win32/bin/../lib/gcc/arm-none-eabi/6.2.1/../../../../arm-none-eabi/lib/thumb/v6-m\libg.a(lib_a-signal.o) (_kill_r)
c:/arm/gcc-arm-none-eabi-6_2-2016q4-20161216-win32/bin/../lib/gcc/arm-none-eabi/6.2.1/../../../../arm-none-eabi/lib/thumb/v6-m\libg.a(lib_a-__call_atexit.o)
                              c:/arm/gcc-arm-none-eabi-6_2-2016q4-20161216-win32/bin/../lib/gcc/arm-none-eabi/6.2.1/../../../../arm-none-eabi/lib/thumb/v6-m\libg.a(lib_a-exit.o) (__call_exitprocs)
c:/arm/gcc-arm-none-eabi-6_2-2016q4-20161216-win32/bin/../lib/gcc/arm-none-eabi/6.2.1/../../../../arm-none-eabi/lib/thumb/v6-m\libg.a(lib_a-atexit.o)
                              c:/arm/gcc-arm-none-eabi-6_2-2016q4-20161216-win32/bin/../lib/gcc/arm-none-eabi/6.2.1/../../../../arm-none-eabi/lib/thumb/v6-m\libg.a(lib_a-__call_atexit.o) (atexit)
c:/arm/gcc-arm-none-eabi-6_2-2016q4-20161216-win32/bin/../lib/gcc/arm-none-eabi/6.2.1/../../../../arm-none-eabi/lib/thumb/v6-m\libg.a(lib_a-fini.o)
                              c:/arm/gcc-arm-none-eabi-6_2-2016q4-20161216-win32/bin/../lib/gcc/arm-none-eabi/6.2.1/../../../../arm-none-eabi/lib/thumb/v6-m\libg.a(lib_a-__call_atexit.o) (__libc_fini_array)
c:/arm/gcc-arm-none-eabi-6_2-2016q4-20161216-win32/bin/../lib/gcc/arm-none-eabi/6.2.1/../../../../arm-none-eabi/lib/thumb/v6-m\libg.a(lib_a-mallocr.o)
                              c:/arm/gcc-arm-none-eabi-6_2-2016q4-20161216-win32/bin/../lib/gcc/arm-none-eabi/6.2.1/../../../../arm-none-eabi/lib/thumb/v6-m\libg.a(lib_a-signal.o) (_malloc_r)
c:/arm/gcc-arm-none-eabi-6_2-2016q4-20161216-win32/bin/../lib/gcc/arm-none-eabi/6.2.1/../../../../arm-none-eabi/lib/thumb/v6-m\libg.a(lib_a-mlock.o)
                              c:/arm/gcc-arm-none-eabi-6_2-2016q4-20161216-win32/bin/../lib/gcc/arm-none-eabi/6.2.1/../../../../arm-none-eabi/lib/thumb/v6-m\libg.a(lib_a-mallocr.o) (__malloc_lock)
c:/arm/gcc-arm-none-eabi-6_2-2016q4-20161216-win32/bin/../lib/gcc/arm-none-eabi/6.2.1/../../../../arm-none-eabi/lib/thumb/v6-m\libg.a(lib_a-reent.o)
                              c:/arm/gcc-arm-none-eabi-6_2-2016q4-20161216-win32/bin/../lib/gcc/arm-none-eabi/6.2.1/../../../../arm-none-eabi/lib/thumb/v6-m\libg.a(lib_a-signalr.o) (errno)
c:/arm/gcc-arm-none-eabi-6_2-2016q4-20161216-win32/bin/../lib/gcc/arm-none-eabi/6.2.1/../../../../arm-none-eabi/lib/thumb/v6-m\libg.a(lib_a-sbrkr.o)
                              c:/arm/gcc-arm-none-eabi-6_2-2016q4-20161216-win32/bin/../lib/gcc/arm-none-eabi/6.2.1/../../../../arm-none-eabi/lib/thumb/v6-m\libg.a(lib_a-mallocr.o) (_sbrk_r)
c:/arm/gcc-arm-none-eabi-6_2-2016q4-20161216-win32/bin/../lib/gcc/arm-none-eabi/6.2.1/../../../../arm-none-eabi/lib/thumb/v6-m\libg.a(lib_a-__atexit.o)
                              c:/arm/gcc-arm-none-eabi-6_2-2016q4-20161216-win32/bin/../lib/gcc/arm-none-eabi/6.2.1/../../../../arm-none-eabi/lib/thumb/v6-m\libg.a(lib_a-atexit.o) (__register_exitproc)
c:/arm/gcc-arm-none-eabi-6_2-2016q4-20161216-win32/bin/../lib/gcc/arm-none-eabi/6.2.1/../../../../arm-none-eabi/lib/thumb/v6-m\libg.a(lib_a-freer.o)
                              c:/arm/gcc-arm-none-eabi-6_2-2016q4-20161216-win32/bin/../lib/gcc/arm-none-eabi/6.2.1/../../../../arm-none-eabi/lib/thumb/v6-m\libg.a(lib_a-mallocr.o) (_free_r)
c:/arm/gcc-arm-none-eabi-6_2-2016q4-20161216-win32/bin/../lib/gcc/arm-none-eabi/6.2.1/../../../../arm-none-eabi/lib/thumb/v6-m\libnosys.a(getpid.o)
                              c:/arm/gcc-arm-none-eabi-6_2-2016q4-20161216-win32/bin/../lib/gcc/arm-none-eabi/6.2.1/../../../../arm-none-eabi/lib/thumb/v6-m\libg.a(lib_a-signalr.o) (_getpid)
c:/arm/gcc-arm-none-eabi-6_2-2016q4-20161216-win32/bin/../lib/gcc/arm-none-eabi/6.2.1/../../../../arm-none-eabi/lib/thumb/v6-m\libnosys.a(kill.o)
                              c:/arm/gcc-arm-none-eabi-6_2-2016q4-20161216-win32/bin/../lib/gcc/arm-none-eabi/6.2.1/../../../../arm-none-eabi/lib/thumb/v6-m\libg.a(lib_a-signalr.o) (_kill)
c:/arm/gcc-arm-none-eabi-6_2-2016q4-20161216-win32/bin/../lib/gcc/arm-none-eabi/6.2.1/../../../../arm-none-eabi/lib/thumb/v6-m\libnosys.a(sbrk.o)
                              c:/arm/gcc-arm-none-eabi-6_2-2016q4-20161216-win32/bin/../lib/gcc/arm-none-eabi/6.2.1/../../../../arm-none-eabi/lib/thumb/v6-m\libg.a(lib_a-sbrkr.o) (_sbrk)
c:/arm/gcc-arm-none-eabi-6_2-2016q4-20161216-win32/bin/../lib/gcc/arm-none-eabi/6.2.1/../../../../arm-none-eabi/lib/thumb/v6-m\libnosys.a(_exit.o)
                              c:/arm/gcc-arm-none-eabi-6_2-2016q4-20161216-win32/bin/../lib/gcc/arm-none-eabi/6.2.1/../../../../arm-none-eabi/lib/thumb/v6-m\libg.a(lib_a-abort.o) (_exit)
c:/arm/gcc-arm-none-eabi-6_2-2016q4-20161216-win32/bin/../lib/gcc/arm-none-eabi/6.2.1/thumb/v6-m\libgcc.a(_thumb1_case_uqi.o)
                              C:\Users\skido\AppData\Local\Temp\ccRyd8KI.ltrans0.ltrans.o (__gnu_thumb1_case_uqi)
c:/arm/gcc-arm-none-eabi-6_2-2016q4-20161216-win32/bin/../lib/gcc/arm-none-eabi/6.2.1/thumb/v6-m\libgcc.a(_thumb1_case_shi.o)
                              C:\Users\skido\AppData\Local\Temp\ccRyd8KI.ltrans0.ltrans.o (__gnu_thumb1_case_shi)
c:/arm/gcc-arm-none-eabi-6_2-2016q4-20161216-win32/bin/../lib/gcc/arm-none-eabi/6.2.1/thumb/v6-m\libgcc.a(_thumb1_case_uhi.o)
                              C:\Users\skido\AppData\Local\Temp\ccRyd8KI.ltrans1.ltrans.o (__gnu_thumb1_case_uhi)

Allocating common symbols
Common symbol       size              file

errno               0x4               c:/arm/gcc-arm-none-eabi-6_2-2016q4-20161216-win32/bin/../lib/gcc/arm-none-eabi/6.2.1/../../../../arm-none-eabi/lib/thumb/v6-m\libg.a(lib_a-reent.o)
incoming_bytes_remain
                    0x1               source/buffer.o (symbol from plugin)
raw_bank_status     0x10              source/buffer.o (symbol from plugin)
raw_buffer16        0x200             source/buffer.o (symbol from plugin)
swim_pin            0x1               source/swim.o (symbol from plugin)
cur_usb_load_buff   0x4               source/buffer.o (symbol from plugin)

Discarded input sections

 .text          0x00000000        0x0 c:/arm/gcc-arm-none-eabi-6_2-2016q4-20161216-win32/bin/../lib/gcc/arm-none-eabi/6.2.1/thumb/v6-m/crti.o
 .data          0x00000000        0x0 c:/arm/gcc-arm-none-eabi-6_2-2016q4-20161216-win32/bin/../lib/gcc/arm-none-eabi/6.2.1/thumb/v6-m/crti.o
 .bss           0x00000000        0x0 c:/arm/gcc-arm-none-eabi-6_2-2016q4-20161216-win32/bin/../lib/gcc/arm-none-eabi/6.2.1/thumb/v6-m/crti.o
 .text          0x00000000       0x60 c:/arm/gcc-arm-none-eabi-6_2-2016q4-20161216-win32/bin/../lib/gcc/arm-none-eabi/6.2.1/thumb/v6-m/crtbegin.o
 .data          0x00000000        0x4 c:/arm/gcc-arm-none-eabi-6_2-2016q4-20161216-win32/bin/../lib/gcc/arm-none-eabi/6.2.1/thumb/v6-m/crtbegin.o
 .bss           0x00000000       0x1c c:/arm/gcc-arm-none-eabi-6_2-2016q4-20161216-win32/bin/../lib/gcc/arm-none-eabi/6.2.1/thumb/v6-m/crtbegin.o
 .init_array    0x00000000        0x4 c:/arm/gcc-arm-none-eabi-6_2-2016q4-20161216-win32/bin/../lib/gcc/arm-none-eabi/6.2.1/thumb/v6-m/crtbegin.o
 .fini_array    0x00000000        0x4 c:/arm/gcc-arm-none-eabi-6_2-2016q4-20161216-win32/bin/../lib/gcc/arm-none-eabi/6.2.1/thumb/v6-m/crtbegin.o
 .eh_frame      0x00000000        0x0 c:/arm/gcc-arm-none-eabi-6_2-2016q4-20161216-win32/bin/../lib/gcc/arm-none-eabi/6.2.1/thumb/v6-m/crtbegin.o
 .jcr           0x00000000        0x0 c:/arm/gcc-arm-none-eabi-6_2-2016q4-20161216-win32/bin/../lib/gcc/arm-none-eabi/6.2.1/thumb/v6-m/crtbegin.o
 .ARM.attributes
                0x00000000       0x2c c:/arm/gcc-arm-none-eabi-6_2-2016q4-20161216-win32/bin/../lib/gcc/arm-none-eabi/6.2.1/thumb/v6-m/crtbegin.o
 .text          0x00000000       0x78 c:/arm/gcc-arm-none-eabi-6_2-2016q4-20161216-win32/bin/../lib/gcc/arm-none-eabi/6.2.1/../../../../arm-none-eabi/lib/thumb/v6-m/crt0.o
 .data          0x00000000        0x0 c:/arm/gcc-arm-none-eabi-6_2-2016q4-20161216-win32/bin/../lib/gcc/arm-none-eabi/6.2.1/../../../../arm-none-eabi/lib/thumb/v6-m/crt0.o
 .bss           0x00000000        0x0 c:/arm/gcc-arm-none-eabi-6_2-2016q4-20161216-win32/bin/../lib/gcc/arm-none-eabi/6.2.1/../../../../arm-none-eabi/lib/thumb/v6-m/crt0.o
 .ARM.extab     0x00000000        0x0 c:/arm/gcc-arm-none-eabi-6_2-2016q4-20161216-win32/bin/../lib/gcc/arm-none-eabi/6.2.1/../../../../arm-none-eabi/lib/thumb/v6-m/crt0.o
 .ARM.exidx     0x00000000        0x8 c:/arm/gcc-arm-none-eabi-6_2-2016q4-20161216-win32/bin/../lib/gcc/arm-none-eabi/6.2.1/../../../../arm-none-eabi/lib/thumb/v6-m/crt0.o
 .ARM.attributes
                0x00000000       0x1b c:/arm/gcc-arm-none-eabi-6_2-2016q4-20161216-win32/bin/../lib/gcc/arm-none-eabi/6.2.1/../../../../arm-none-eabi/lib/thumb/v6-m/crt0.o
 .data          0x00000000        0x0 C:\Users\skido\AppData\Local\Temp\cchGVmTG.o
 .bss           0x00000000        0x0 C:\Users\skido\AppData\Local\Temp\cchGVmTG.o
 .text          0x00000000        0x0 source/buffer.o (symbol from plugin)
 .text          0x00000000        0x0 C:\Users\skido\AppData\Local\Temp\ccRyd8KI.ltrans0.ltrans.o
 .data          0x00000000        0x0 C:\Users\skido\AppData\Local\Temp\ccRyd8KI.ltrans0.ltrans.o
 .bss           0x00000000        0x0 C:\Users\skido\AppData\Local\Temp\ccRyd8KI.ltrans0.ltrans.o
 .text          0x00000000        0x0 C:\Users\skido\AppData\Local\Temp\ccRyd8KI.ltrans1.ltrans.o
 .data          0x00000000        0x0 C:\Users\skido\AppData\Local\Temp\ccRyd8KI.ltrans1.ltrans.o
 .bss           0x00000000        0x0 C:\Users\skido\AppData\Local\Temp\ccRyd8KI.ltrans1.ltrans.o
 .rodata.oper_info
                0x00000000        0x4 C:\Users\skido\AppData\Local\Temp\ccRyd8KI.ltrans1.ltrans.o
 .text          0x00000000        0x0 C:\Users\skido\AppData\Local\Temp\ccRyd8KI.ltrans2.ltrans.o
 .data          0x00000000        0x0 C:\Users\skido\AppData\Local\Temp\ccRyd8KI.ltrans2.ltrans.o
 .bss           0x00000000        0x0 C:\Users\skido\AppData\Local\Temp\ccRyd8KI.ltrans2.ltrans.o
 .text          0x00000000        0x0 C:\Users\skido\AppData\Local\Temp\ccRyd8KI.ltrans3.ltrans.o
 .data          0x00000000        0x0 C:\Users\skido\AppData\Local\Temp\ccRyd8KI.ltrans3.ltrans.o
 .bss           0x00000000        0x0 C:\Users\skido\AppData\Local\Temp\ccRyd8KI.ltrans3.ltrans.o
 .text          0x00000000        0x0 source/dump.o (symbol from plugin)
 .text          0x00000000        0x0 source/flash.o (symbol from plugin)
 .text          0x00000000        0x0 source/io.o (symbol from plugin)
 .text          0x00000000        0x0 source/main.o (symbol from plugin)
 .text          0x00000000        0x0 source/nes.o (symbol from plugin)
 .text          0x00000000        0x0 source/operation.o (symbol from plugin)
 .text          0x00000000        0x0 source/pinport.o (symbol from plugin)
 .text          0x00000000        0x0 source/snes.o (symbol from plugin)
 .text          0x00000000        0x0 source/swim.o (symbol from plugin)
 .text          0x00000000        0x0 source/usb.o (symbol from plugin)
 .text          0x00000000        0x0 source_stm_only/stm_init.o (symbol from plugin)
 .text          0x00000000        0x0 source_stm_only/usbstm.o (symbol from plugin)
 .data          0x00000000        0x0 C:\Users\skido\AppData\Local\Temp\ccfw3XWp.o
 .bss           0x00000000        0x0 C:\Users\skido\AppData\Local\Temp\ccfw3XWp.o
 .ARM.extab     0x00000000        0x0 C:\Users\skido\AppData\Local\Temp\ccfw3XWp.o
 .data          0x00000000        0x0 c:/arm/gcc-arm-none-eabi-6_2-2016q4-20161216-win32/bin/../lib/gcc/arm-none-eabi/6.2.1/thumb/v6-m\libgcc.a(unwind-arm.o)
 .bss           0x00000000        0x0 c:/arm/gcc-arm-none-eabi-6_2-2016q4-20161216-win32/bin/../lib/gcc/arm-none-eabi/6.2.1/thumb/v6-m\libgcc.a(unwind-arm.o)
 .debug_frame   0x00000000      0x2c4 c:/arm/gcc-arm-none-eabi-6_2-2016q4-20161216-win32/bin/../lib/gcc/arm-none-eabi/6.2.1/thumb/v6-m\libgcc.a(unwind-arm.o)
 .ARM.attributes
                0x00000000       0x2c c:/arm/gcc-arm-none-eabi-6_2-2016q4-20161216-win32/bin/../lib/gcc/arm-none-eabi/6.2.1/thumb/v6-m\libgcc.a(unwind-arm.o)
 .data          0x00000000        0x0 c:/arm/gcc-arm-none-eabi-6_2-2016q4-20161216-win32/bin/../lib/gcc/arm-none-eabi/6.2.1/thumb/v6-m\libgcc.a(libunwind.o)
 .bss           0x00000000        0x0 c:/arm/gcc-arm-none-eabi-6_2-2016q4-20161216-win32/bin/../lib/gcc/arm-none-eabi/6.2.1/thumb/v6-m\libgcc.a(libunwind.o)
 .ARM.attributes
                0x00000000       0x1e c:/arm/gcc-arm-none-eabi-6_2-2016q4-20161216-win32/bin/../lib/gcc/arm-none-eabi/6.2.1/thumb/v6-m\libgcc.a(libunwind.o)
 .data          0x00000000        0x0 c:/arm/gcc-arm-none-eabi-6_2-2016q4-20161216-win32/bin/../lib/gcc/arm-none-eabi/6.2.1/thumb/v6-m\libgcc.a(pr-support.o)
 .bss           0x00000000        0x0 c:/arm/gcc-arm-none-eabi-6_2-2016q4-20161216-win32/bin/../lib/gcc/arm-none-eabi/6.2.1/thumb/v6-m\libgcc.a(pr-support.o)
 .debug_frame   0x00000000       0xf4 c:/arm/gcc-arm-none-eabi-6_2-2016q4-20161216-win32/bin/../lib/gcc/arm-none-eabi/6.2.1/thumb/v6-m\libgcc.a(pr-support.o)
 .ARM.attributes
                0x00000000       0x2c c:/arm/gcc-arm-none-eabi-6_2-2016q4-20161216-win32/bin/../lib/gcc/arm-none-eabi/6.2.1/thumb/v6-m\libgcc.a(pr-support.o)
 .text          0x00000000        0x0 c:/arm/gcc-arm-none-eabi-6_2-2016q4-20161216-win32/bin/../lib/gcc/arm-none-eabi/6.2.1/../../../../arm-none-eabi/lib/thumb/v6-m\libg.a(lib_a-abort.o)
 .data          0x00000000        0x0 c:/arm/gcc-arm-none-eabi-6_2-2016q4-20161216-win32/bin/../lib/gcc/arm-none-eabi/6.2.1/../../../../arm-none-eabi/lib/thumb/v6-m\libg.a(lib_a-abort.o)
 .bss           0x00000000        0x0 c:/arm/gcc-arm-none-eabi-6_2-2016q4-20161216-win32/bin/../lib/gcc/arm-none-eabi/6.2.1/../../../../arm-none-eabi/lib/thumb/v6-m\libg.a(lib_a-abort.o)
 .debug_frame   0x00000000       0x28 c:/arm/gcc-arm-none-eabi-6_2-2016q4-20161216-win32/bin/../lib/gcc/arm-none-eabi/6.2.1/../../../../arm-none-eabi/lib/thumb/v6-m\libg.a(lib_a-abort.o)
 .ARM.attributes
                0x00000000       0x2c c:/arm/gcc-arm-none-eabi-6_2-2016q4-20161216-win32/bin/../lib/gcc/arm-none-eabi/6.2.1/../../../../arm-none-eabi/lib/thumb/v6-m\libg.a(lib_a-abort.o)
 .text          0x00000000        0x0 c:/arm/gcc-arm-none-eabi-6_2-2016q4-20161216-win32/bin/../lib/gcc/arm-none-eabi/6.2.1/../../../../arm-none-eabi/lib/thumb/v6-m\libg.a(lib_a-exit.o)
 .data          0x00000000        0x0 c:/arm/gcc-arm-none-eabi-6_2-2016q4-20161216-win32/bin/../lib/gcc/arm-none-eabi/6.2.1/../../../../arm-none-eabi/lib/thumb/v6-m\libg.a(lib_a-exit.o)
 .bss           0x00000000        0x0 c:/arm/gcc-arm-none-eabi-6_2-2016q4-20161216-win32/bin/../lib/gcc/arm-none-eabi/6.2.1/../../../../arm-none-eabi/lib/thumb/v6-m\libg.a(lib_a-exit.o)
 .text.exit     0x00000000       0x20 c:/arm/gcc-arm-none-eabi-6_2-2016q4-20161216-win32/bin/../lib/gcc/arm-none-eabi/6.2.1/../../../../arm-none-eabi/lib/thumb/v6-m\libg.a(lib_a-exit.o)
 .debug_frame   0x00000000       0x28 c:/arm/gcc-arm-none-eabi-6_2-2016q4-20161216-win32/bin/../lib/gcc/arm-none-eabi/6.2.1/../../../../arm-none-eabi/lib/thumb/v6-m\libg.a(lib_a-exit.o)
 .ARM.attributes
                0x00000000       0x2c c:/arm/gcc-arm-none-eabi-6_2-2016q4-20161216-win32/bin/../lib/gcc/arm-none-eabi/6.2.1/../../../../arm-none-eabi/lib/thumb/v6-m\libg.a(lib_a-exit.o)
 .text          0x00000000        0x0 c:/arm/gcc-arm-none-eabi-6_2-2016q4-20161216-win32/bin/../lib/gcc/arm-none-eabi/6.2.1/../../../../arm-none-eabi/lib/thumb/v6-m\libg.a(lib_a-impure.o)
 .data          0x00000000        0x0 c:/arm/gcc-arm-none-eabi-6_2-2016q4-20161216-win32/bin/../lib/gcc/arm-none-eabi/6.2.1/../../../../arm-none-eabi/lib/thumb/v6-m\libg.a(lib_a-impure.o)
 .bss           0x00000000        0x0 c:/arm/gcc-arm-none-eabi-6_2-2016q4-20161216-win32/bin/../lib/gcc/arm-none-eabi/6.2.1/../../../../arm-none-eabi/lib/thumb/v6-m\libg.a(lib_a-impure.o)
 .rodata._global_impure_ptr
                0x00000000        0x4 c:/arm/gcc-arm-none-eabi-6_2-2016q4-20161216-win32/bin/../lib/gcc/arm-none-eabi/6.2.1/../../../../arm-none-eabi/lib/thumb/v6-m\libg.a(lib_a-impure.o)
 .ARM.attributes
                0x00000000       0x2c c:/arm/gcc-arm-none-eabi-6_2-2016q4-20161216-win32/bin/../lib/gcc/arm-none-eabi/6.2.1/../../../../arm-none-eabi/lib/thumb/v6-m\libg.a(lib_a-impure.o)
 .text          0x00000000        0x0 c:/arm/gcc-arm-none-eabi-6_2-2016q4-20161216-win32/bin/../lib/gcc/arm-none-eabi/6.2.1/../../../../arm-none-eabi/lib/thumb/v6-m\libg.a(lib_a-init.o)
 .data          0x00000000        0x0 c:/arm/gcc-arm-none-eabi-6_2-2016q4-20161216-win32/bin/../lib/gcc/arm-none-eabi/6.2.1/../../../../arm-none-eabi/lib/thumb/v6-m\libg.a(lib_a-init.o)
 .bss           0x00000000        0x0 c:/arm/gcc-arm-none-eabi-6_2-2016q4-20161216-win32/bin/../lib/gcc/arm-none-eabi/6.2.1/../../../../arm-none-eabi/lib/thumb/v6-m\libg.a(lib_a-init.o)
 .text.__libc_init_array
                0x00000000       0x48 c:/arm/gcc-arm-none-eabi-6_2-2016q4-20161216-win32/bin/../lib/gcc/arm-none-eabi/6.2.1/../../../../arm-none-eabi/lib/thumb/v6-m\libg.a(lib_a-init.o)
 .debug_frame   0x00000000       0x2c c:/arm/gcc-arm-none-eabi-6_2-2016q4-20161216-win32/bin/../lib/gcc/arm-none-eabi/6.2.1/../../../../arm-none-eabi/lib/thumb/v6-m\libg.a(lib_a-init.o)
 .ARM.attributes
                0x00000000       0x2c c:/arm/gcc-arm-none-eabi-6_2-2016q4-20161216-win32/bin/../lib/gcc/arm-none-eabi/6.2.1/../../../../arm-none-eabi/lib/thumb/v6-m\libg.a(lib_a-init.o)
 .text          0x00000000        0x0 c:/arm/gcc-arm-none-eabi-6_2-2016q4-20161216-win32/bin/../lib/gcc/arm-none-eabi/6.2.1/../../../../arm-none-eabi/lib/thumb/v6-m\libg.a(lib_a-memcpy-stub.o)
 .data          0x00000000        0x0 c:/arm/gcc-arm-none-eabi-6_2-2016q4-20161216-win32/bin/../lib/gcc/arm-none-eabi/6.2.1/../../../../arm-none-eabi/lib/thumb/v6-m\libg.a(lib_a-memcpy-stub.o)
 .bss           0x00000000        0x0 c:/arm/gcc-arm-none-eabi-6_2-2016q4-20161216-win32/bin/../lib/gcc/arm-none-eabi/6.2.1/../../../../arm-none-eabi/lib/thumb/v6-m\libg.a(lib_a-memcpy-stub.o)
 .debug_frame   0x00000000       0x30 c:/arm/gcc-arm-none-eabi-6_2-2016q4-20161216-win32/bin/../lib/gcc/arm-none-eabi/6.2.1/../../../../arm-none-eabi/lib/thumb/v6-m\libg.a(lib_a-memcpy-stub.o)
 .ARM.attributes
                0x00000000       0x2c c:/arm/gcc-arm-none-eabi-6_2-2016q4-20161216-win32/bin/../lib/gcc/arm-none-eabi/6.2.1/../../../../arm-none-eabi/lib/thumb/v6-m\libg.a(lib_a-memcpy-stub.o)
 .text          0x00000000        0x0 c:/arm/gcc-arm-none-eabi-6_2-2016q4-20161216-win32/bin/../lib/gcc/arm-none-eabi/6.2.1/../../../../arm-none-eabi/lib/thumb/v6-m\libg.a(lib_a-memset.o)
 .data          0x00000000        0x0 c:/arm/gcc-arm-none-eabi-6_2-2016q4-20161216-win32/bin/../lib/gcc/arm-none-eabi/6.2.1/../../../../arm-none-eabi/lib/thumb/v6-m\libg.a(lib_a-memset.o)
 .bss           0x00000000        0x0 c:/arm/gcc-arm-none-eabi-6_2-2016q4-20161216-win32/bin/../lib/gcc/arm-none-eabi/6.2.1/../../../../arm-none-eabi/lib/thumb/v6-m\libg.a(lib_a-memset.o)
 .text.memset   0x00000000       0x94 c:/arm/gcc-arm-none-eabi-6_2-2016q4-20161216-win32/bin/../lib/gcc/arm-none-eabi/6.2.1/../../../../arm-none-eabi/lib/thumb/v6-m\libg.a(lib_a-memset.o)
 .debug_frame   0x00000000       0x30 c:/arm/gcc-arm-none-eabi-6_2-2016q4-20161216-win32/bin/../lib/gcc/arm-none-eabi/6.2.1/../../../../arm-none-eabi/lib/thumb/v6-m\libg.a(lib_a-memset.o)
 .ARM.attributes
                0x00000000       0x2c c:/arm/gcc-arm-none-eabi-6_2-2016q4-20161216-win32/bin/../lib/gcc/arm-none-eabi/6.2.1/../../../../arm-none-eabi/lib/thumb/v6-m\libg.a(lib_a-memset.o)
 .text          0x00000000        0x0 c:/arm/gcc-arm-none-eabi-6_2-2016q4-20161216-win32/bin/../lib/gcc/arm-none-eabi/6.2.1/../../../../arm-none-eabi/lib/thumb/v6-m\libg.a(lib_a-signal.o)
 .data          0x00000000        0x0 c:/arm/gcc-arm-none-eabi-6_2-2016q4-20161216-win32/bin/../lib/gcc/arm-none-eabi/6.2.1/../../../../arm-none-eabi/lib/thumb/v6-m\libg.a(lib_a-signal.o)
 .bss           0x00000000        0x0 c:/arm/gcc-arm-none-eabi-6_2-2016q4-20161216-win32/bin/../lib/gcc/arm-none-eabi/6.2.1/../../../../arm-none-eabi/lib/thumb/v6-m\libg.a(lib_a-signal.o)
 .text._init_signal_r.part.0
                0x00000000       0x2c c:/arm/gcc-arm-none-eabi-6_2-2016q4-20161216-win32/bin/../lib/gcc/arm-none-eabi/6.2.1/../../../../arm-none-eabi/lib/thumb/v6-m\libg.a(lib_a-signal.o)
 .text._init_signal_r
                0x00000000       0x1c c:/arm/gcc-arm-none-eabi-6_2-2016q4-20161216-win32/bin/../lib/gcc/arm-none-eabi/6.2.1/../../../../arm-none-eabi/lib/thumb/v6-m\libg.a(lib_a-signal.o)
 .text._signal_r
                0x00000000       0x3c c:/arm/gcc-arm-none-eabi-6_2-2016q4-20161216-win32/bin/../lib/gcc/arm-none-eabi/6.2.1/../../../../arm-none-eabi/lib/thumb/v6-m\libg.a(lib_a-signal.o)
 .text.__sigtramp_r
                0x00000000       0x50 c:/arm/gcc-arm-none-eabi-6_2-2016q4-20161216-win32/bin/../lib/gcc/arm-none-eabi/6.2.1/../../../../arm-none-eabi/lib/thumb/v6-m\libg.a(lib_a-signal.o)
 .text.signal   0x00000000       0x18 c:/arm/gcc-arm-none-eabi-6_2-2016q4-20161216-win32/bin/../lib/gcc/arm-none-eabi/6.2.1/../../../../arm-none-eabi/lib/thumb/v6-m\libg.a(lib_a-signal.o)
 .text._init_signal
                0x00000000       0x20 c:/arm/gcc-arm-none-eabi-6_2-2016q4-20161216-win32/bin/../lib/gcc/arm-none-eabi/6.2.1/../../../../arm-none-eabi/lib/thumb/v6-m\libg.a(lib_a-signal.o)
 .text.__sigtramp
                0x00000000       0x14 c:/arm/gcc-arm-none-eabi-6_2-2016q4-20161216-win32/bin/../lib/gcc/arm-none-eabi/6.2.1/../../../../arm-none-eabi/lib/thumb/v6-m\libg.a(lib_a-signal.o)
 .debug_frame   0x00000000       0xf8 c:/arm/gcc-arm-none-eabi-6_2-2016q4-20161216-win32/bin/../lib/gcc/arm-none-eabi/6.2.1/../../../../arm-none-eabi/lib/thumb/v6-m\libg.a(lib_a-signal.o)
 .ARM.attributes
                0x00000000       0x2c c:/arm/gcc-arm-none-eabi-6_2-2016q4-20161216-win32/bin/../lib/gcc/arm-none-eabi/6.2.1/../../../../arm-none-eabi/lib/thumb/v6-m\libg.a(lib_a-signal.o)
 .text          0x00000000        0x0 c:/arm/gcc-arm-none-eabi-6_2-2016q4-20161216-win32/bin/../lib/gcc/arm-none-eabi/6.2.1/../../../../arm-none-eabi/lib/thumb/v6-m\libg.a(lib_a-signalr.o)
 .data          0x00000000        0x0 c:/arm/gcc-arm-none-eabi-6_2-2016q4-20161216-win32/bin/../lib/gcc/arm-none-eabi/6.2.1/../../../../arm-none-eabi/lib/thumb/v6-m\libg.a(lib_a-signalr.o)
 .bss           0x00000000        0x0 c:/arm/gcc-arm-none-eabi-6_2-2016q4-20161216-win32/bin/../lib/gcc/arm-none-eabi/6.2.1/../../../../arm-none-eabi/lib/thumb/v6-m\libg.a(lib_a-signalr.o)
 .debug_frame   0x00000000       0x44 c:/arm/gcc-arm-none-eabi-6_2-2016q4-20161216-win32/bin/../lib/gcc/arm-none-eabi/6.2.1/../../../../arm-none-eabi/lib/thumb/v6-m\libg.a(lib_a-signalr.o)
 .ARM.attributes
                0x00000000       0x2c c:/arm/gcc-arm-none-eabi-6_2-2016q4-20161216-win32/bin/../lib/gcc/arm-none-eabi/6.2.1/../../../../arm-none-eabi/lib/thumb/v6-m\libg.a(lib_a-signalr.o)
 .text          0x00000000        0x0 c:/arm/gcc-arm-none-eabi-6_2-2016q4-20161216-win32/bin/../lib/gcc/arm-none-eabi/6.2.1/../../../../arm-none-eabi/lib/thumb/v6-m\libg.a(lib_a-__call_atexit.o)
 .data          0x00000000        0x0 c:/arm/gcc-arm-none-eabi-6_2-2016q4-20161216-win32/bin/../lib/gcc/arm-none-eabi/6.2.1/../../../../arm-none-eabi/lib/thumb/v6-m\libg.a(lib_a-__call_atexit.o)
 .bss           0x00000000        0x0 c:/arm/gcc-arm-none-eabi-6_2-2016q4-20161216-win32/bin/../lib/gcc/arm-none-eabi/6.2.1/../../../../arm-none-eabi/lib/thumb/v6-m\libg.a(lib_a-__call_atexit.o)
 .text.startup.register_fini
                0x00000000       0x18 c:/arm/gcc-arm-none-eabi-6_2-2016q4-20161216-win32/bin/../lib/gcc/arm-none-eabi/6.2.1/../../../../arm-none-eabi/lib/thumb/v6-m\libg.a(lib_a-__call_atexit.o)
 .init_array.00000
                0x00000000        0x4 c:/arm/gcc-arm-none-eabi-6_2-2016q4-20161216-win32/bin/../lib/gcc/arm-none-eabi/6.2.1/../../../../arm-none-eabi/lib/thumb/v6-m\libg.a(lib_a-__call_atexit.o)
 .text.__call_exitprocs
                0x00000000       0xf8 c:/arm/gcc-arm-none-eabi-6_2-2016q4-20161216-win32/bin/../lib/gcc/arm-none-eabi/6.2.1/../../../../arm-none-eabi/lib/thumb/v6-m\libg.a(lib_a-__call_atexit.o)
 .debug_frame   0x00000000       0x54 c:/arm/gcc-arm-none-eabi-6_2-2016q4-20161216-win32/bin/../lib/gcc/arm-none-eabi/6.2.1/../../../../arm-none-eabi/lib/thumb/v6-m\libg.a(lib_a-__call_atexit.o)
 .ARM.attributes
                0x00000000       0x2c c:/arm/gcc-arm-none-eabi-6_2-2016q4-20161216-win32/bin/../lib/gcc/arm-none-eabi/6.2.1/../../../../arm-none-eabi/lib/thumb/v6-m\libg.a(lib_a-__call_atexit.o)
 .text          0x00000000        0x0 c:/arm/gcc-arm-none-eabi-6_2-2016q4-20161216-win32/bin/../lib/gcc/arm-none-eabi/6.2.1/../../../../arm-none-eabi/lib/thumb/v6-m\libg.a(lib_a-atexit.o)
 .data          0x00000000        0x0 c:/arm/gcc-arm-none-eabi-6_2-2016q4-20161216-win32/bin/../lib/gcc/arm-none-eabi/6.2.1/../../../../arm-none-eabi/lib/thumb/v6-m\libg.a(lib_a-atexit.o)
 .bss           0x00000000        0x0 c:/arm/gcc-arm-none-eabi-6_2-2016q4-20161216-win32/bin/../lib/gcc/arm-none-eabi/6.2.1/../../../../arm-none-eabi/lib/thumb/v6-m\libg.a(lib_a-atexit.o)
 .text.atexit   0x00000000       0x10 c:/arm/gcc-arm-none-eabi-6_2-2016q4-20161216-win32/bin/../lib/gcc/arm-none-eabi/6.2.1/../../../../arm-none-eabi/lib/thumb/v6-m\libg.a(lib_a-atexit.o)
 .debug_frame   0x00000000       0x28 c:/arm/gcc-arm-none-eabi-6_2-2016q4-20161216-win32/bin/../lib/gcc/arm-none-eabi/6.2.1/../../../../arm-none-eabi/lib/thumb/v6-m\libg.a(lib_a-atexit.o)
 .ARM.attributes
                0x00000000       0x2c c:/arm/gcc-arm-none-eabi-6_2-2016q4-20161216-win32/bin/../lib/gcc/arm-none-eabi/6.2.1/../../../../arm-none-eabi/lib/thumb/v6-m\libg.a(lib_a-atexit.o)
 .text          0x00000000        0x0 c:/arm/gcc-arm-none-eabi-6_2-2016q4-20161216-win32/bin/../lib/gcc/arm-none-eabi/6.2.1/../../../../arm-none-eabi/lib/thumb/v6-m\libg.a(lib_a-fini.o)
 .data          0x00000000        0x0 c:/arm/gcc-arm-none-eabi-6_2-2016q4-20161216-win32/bin/../lib/gcc/arm-none-eabi/6.2.1/../../../../arm-none-eabi/lib/thumb/v6-m\libg.a(lib_a-fini.o)
 .bss           0x00000000        0x0 c:/arm/gcc-arm-none-eabi-6_2-2016q4-20161216-win32/bin/../lib/gcc/arm-none-eabi/6.2.1/../../../../arm-none-eabi/lib/thumb/v6-m\libg.a(lib_a-fini.o)
 .text.__libc_fini_array
                0x00000000       0x34 c:/arm/gcc-arm-none-eabi-6_2-2016q4-20161216-win32/bin/../lib/gcc/arm-none-eabi/6.2.1/../../../../arm-none-eabi/lib/thumb/v6-m\libg.a(lib_a-fini.o)
 .debug_frame   0x00000000       0x2c c:/arm/gcc-arm-none-eabi-6_2-2016q4-20161216-win32/bin/../lib/gcc/arm-none-eabi/6.2.1/../../../../arm-none-eabi/lib/thumb/v6-m\libg.a(lib_a-fini.o)
 .ARM.attributes
                0x00000000       0x2c c:/arm/gcc-arm-none-eabi-6_2-2016q4-20161216-win32/bin/../lib/gcc/arm-none-eabi/6.2.1/../../../../arm-none-eabi/lib/thumb/v6-m\libg.a(lib_a-fini.o)
 .text          0x00000000        0x0 c:/arm/gcc-arm-none-eabi-6_2-2016q4-20161216-win32/bin/../lib/gcc/arm-none-eabi/6.2.1/../../../../arm-none-eabi/lib/thumb/v6-m\libg.a(lib_a-mallocr.o)
 .data          0x00000000        0x0 c:/arm/gcc-arm-none-eabi-6_2-2016q4-20161216-win32/bin/../lib/gcc/arm-none-eabi/6.2.1/../../../../arm-none-eabi/lib/thumb/v6-m\libg.a(lib_a-mallocr.o)
 .bss           0x00000000        0x0 c:/arm/gcc-arm-none-eabi-6_2-2016q4-20161216-win32/bin/../lib/gcc/arm-none-eabi/6.2.1/../../../../arm-none-eabi/lib/thumb/v6-m\libg.a(lib_a-mallocr.o)
 .text._malloc_r
                0x00000000      0x568 c:/arm/gcc-arm-none-eabi-6_2-2016q4-20161216-win32/bin/../lib/gcc/arm-none-eabi/6.2.1/../../../../arm-none-eabi/lib/thumb/v6-m\libg.a(lib_a-mallocr.o)
 .bss.__malloc_current_mallinfo
                0x00000000       0x28 c:/arm/gcc-arm-none-eabi-6_2-2016q4-20161216-win32/bin/../lib/gcc/arm-none-eabi/6.2.1/../../../../arm-none-eabi/lib/thumb/v6-m\libg.a(lib_a-mallocr.o)
 .bss.__malloc_max_sbrked_mem
                0x00000000        0x4 c:/arm/gcc-arm-none-eabi-6_2-2016q4-20161216-win32/bin/../lib/gcc/arm-none-eabi/6.2.1/../../../../arm-none-eabi/lib/thumb/v6-m\libg.a(lib_a-mallocr.o)
 .bss.__malloc_max_total_mem
                0x00000000        0x4 c:/arm/gcc-arm-none-eabi-6_2-2016q4-20161216-win32/bin/../lib/gcc/arm-none-eabi/6.2.1/../../../../arm-none-eabi/lib/thumb/v6-m\libg.a(lib_a-mallocr.o)
 .bss.__malloc_top_pad
                0x00000000        0x4 c:/arm/gcc-arm-none-eabi-6_2-2016q4-20161216-win32/bin/../lib/gcc/arm-none-eabi/6.2.1/../../../../arm-none-eabi/lib/thumb/v6-m\libg.a(lib_a-mallocr.o)
 .data.__malloc_av_
                0x00000000      0x408 c:/arm/gcc-arm-none-eabi-6_2-2016q4-20161216-win32/bin/../lib/gcc/arm-none-eabi/6.2.1/../../../../arm-none-eabi/lib/thumb/v6-m\libg.a(lib_a-mallocr.o)
 .data.__malloc_sbrk_base
                0x00000000        0x4 c:/arm/gcc-arm-none-eabi-6_2-2016q4-20161216-win32/bin/../lib/gcc/arm-none-eabi/6.2.1/../../../../arm-none-eabi/lib/thumb/v6-m\libg.a(lib_a-mallocr.o)
 .data.__malloc_trim_threshold
                0x00000000        0x4 c:/arm/gcc-arm-none-eabi-6_2-2016q4-20161216-win32/bin/../lib/gcc/arm-none-eabi/6.2.1/../../../../arm-none-eabi/lib/thumb/v6-m\libg.a(lib_a-mallocr.o)
 .debug_frame   0x00000000       0x3c c:/arm/gcc-arm-none-eabi-6_2-2016q4-20161216-win32/bin/../lib/gcc/arm-none-eabi/6.2.1/../../../../arm-none-eabi/lib/thumb/v6-m\libg.a(lib_a-mallocr.o)
 .ARM.attributes
                0x00000000       0x2c c:/arm/gcc-arm-none-eabi-6_2-2016q4-20161216-win32/bin/../lib/gcc/arm-none-eabi/6.2.1/../../../../arm-none-eabi/lib/thumb/v6-m\libg.a(lib_a-mallocr.o)
 .text          0x00000000        0x0 c:/arm/gcc-arm-none-eabi-6_2-2016q4-20161216-win32/bin/../lib/gcc/arm-none-eabi/6.2.1/../../../../arm-none-eabi/lib/thumb/v6-m\libg.a(lib_a-mlock.o)
 .data          0x00000000        0x0 c:/arm/gcc-arm-none-eabi-6_2-2016q4-20161216-win32/bin/../lib/gcc/arm-none-eabi/6.2.1/../../../../arm-none-eabi/lib/thumb/v6-m\libg.a(lib_a-mlock.o)
 .bss           0x00000000        0x0 c:/arm/gcc-arm-none-eabi-6_2-2016q4-20161216-win32/bin/../lib/gcc/arm-none-eabi/6.2.1/../../../../arm-none-eabi/lib/thumb/v6-m\libg.a(lib_a-mlock.o)
 .text.__malloc_lock
                0x00000000        0x4 c:/arm/gcc-arm-none-eabi-6_2-2016q4-20161216-win32/bin/../lib/gcc/arm-none-eabi/6.2.1/../../../../arm-none-eabi/lib/thumb/v6-m\libg.a(lib_a-mlock.o)
 .text.__malloc_unlock
                0x00000000        0x4 c:/arm/gcc-arm-none-eabi-6_2-2016q4-20161216-win32/bin/../lib/gcc/arm-none-eabi/6.2.1/../../../../arm-none-eabi/lib/thumb/v6-m\libg.a(lib_a-mlock.o)
 .debug_frame   0x00000000       0x30 c:/arm/gcc-arm-none-eabi-6_2-2016q4-20161216-win32/bin/../lib/gcc/arm-none-eabi/6.2.1/../../../../arm-none-eabi/lib/thumb/v6-m\libg.a(lib_a-mlock.o)
 .ARM.attributes
                0x00000000       0x2c c:/arm/gcc-arm-none-eabi-6_2-2016q4-20161216-win32/bin/../lib/gcc/arm-none-eabi/6.2.1/../../../../arm-none-eabi/lib/thumb/v6-m\libg.a(lib_a-mlock.o)
 .text          0x00000000        0x0 c:/arm/gcc-arm-none-eabi-6_2-2016q4-20161216-win32/bin/../lib/gcc/arm-none-eabi/6.2.1/../../../../arm-none-eabi/lib/thumb/v6-m\libg.a(lib_a-reent.o)
 .data          0x00000000        0x0 c:/arm/gcc-arm-none-eabi-6_2-2016q4-20161216-win32/bin/../lib/gcc/arm-none-eabi/6.2.1/../../../../arm-none-eabi/lib/thumb/v6-m\libg.a(lib_a-reent.o)
 .bss           0x00000000        0x0 c:/arm/gcc-arm-none-eabi-6_2-2016q4-20161216-win32/bin/../lib/gcc/arm-none-eabi/6.2.1/../../../../arm-none-eabi/lib/thumb/v6-m\libg.a(lib_a-reent.o)
 .text.cleanup_glue
                0x00000000       0x1c c:/arm/gcc-arm-none-eabi-6_2-2016q4-20161216-win32/bin/../lib/gcc/arm-none-eabi/6.2.1/../../../../arm-none-eabi/lib/thumb/v6-m\libg.a(lib_a-reent.o)
 .text._reclaim_reent
                0x00000000       0x94 c:/arm/gcc-arm-none-eabi-6_2-2016q4-20161216-win32/bin/../lib/gcc/arm-none-eabi/6.2.1/../../../../arm-none-eabi/lib/thumb/v6-m\libg.a(lib_a-reent.o)
 .debug_frame   0x00000000       0x48 c:/arm/gcc-arm-none-eabi-6_2-2016q4-20161216-win32/bin/../lib/gcc/arm-none-eabi/6.2.1/../../../../arm-none-eabi/lib/thumb/v6-m\libg.a(lib_a-reent.o)
 .ARM.attributes
                0x00000000       0x2c c:/arm/gcc-arm-none-eabi-6_2-2016q4-20161216-win32/bin/../lib/gcc/arm-none-eabi/6.2.1/../../../../arm-none-eabi/lib/thumb/v6-m\libg.a(lib_a-reent.o)
 .text          0x00000000        0x0 c:/arm/gcc-arm-none-eabi-6_2-2016q4-20161216-win32/bin/../lib/gcc/arm-none-eabi/6.2.1/../../../../arm-none-eabi/lib/thumb/v6-m\libg.a(lib_a-sbrkr.o)
 .data          0x00000000        0x0 c:/arm/gcc-arm-none-eabi-6_2-2016q4-20161216-win32/bin/../lib/gcc/arm-none-eabi/6.2.1/../../../../arm-none-eabi/lib/thumb/v6-m\libg.a(lib_a-sbrkr.o)
 .bss           0x00000000        0x0 c:/arm/gcc-arm-none-eabi-6_2-2016q4-20161216-win32/bin/../lib/gcc/arm-none-eabi/6.2.1/../../../../arm-none-eabi/lib/thumb/v6-m\libg.a(lib_a-sbrkr.o)
 .text._sbrk_r  0x00000000       0x24 c:/arm/gcc-arm-none-eabi-6_2-2016q4-20161216-win32/bin/../lib/gcc/arm-none-eabi/6.2.1/../../../../arm-none-eabi/lib/thumb/v6-m\libg.a(lib_a-sbrkr.o)
 .debug_frame   0x00000000       0x2c c:/arm/gcc-arm-none-eabi-6_2-2016q4-20161216-win32/bin/../lib/gcc/arm-none-eabi/6.2.1/../../../../arm-none-eabi/lib/thumb/v6-m\libg.a(lib_a-sbrkr.o)
 .ARM.attributes
                0x00000000       0x2c c:/arm/gcc-arm-none-eabi-6_2-2016q4-20161216-win32/bin/../lib/gcc/arm-none-eabi/6.2.1/../../../../arm-none-eabi/lib/thumb/v6-m\libg.a(lib_a-sbrkr.o)
 .text          0x00000000        0x0 c:/arm/gcc-arm-none-eabi-6_2-2016q4-20161216-win32/bin/../lib/gcc/arm-none-eabi/6.2.1/../../../../arm-none-eabi/lib/thumb/v6-m\libg.a(lib_a-__atexit.o)
 .data          0x00000000        0x0 c:/arm/gcc-arm-none-eabi-6_2-2016q4-20161216-win32/bin/../lib/gcc/arm-none-eabi/6.2.1/../../../../arm-none-eabi/lib/thumb/v6-m\libg.a(lib_a-__atexit.o)
 .bss           0x00000000        0x0 c:/arm/gcc-arm-none-eabi-6_2-2016q4-20161216-win32/bin/../lib/gcc/arm-none-eabi/6.2.1/../../../../arm-none-eabi/lib/thumb/v6-m\libg.a(lib_a-__atexit.o)
 .text.__register_exitproc
                0x00000000       0xd4 c:/arm/gcc-arm-none-eabi-6_2-2016q4-20161216-win32/bin/../lib/gcc/arm-none-eabi/6.2.1/../../../../arm-none-eabi/lib/thumb/v6-m\libg.a(lib_a-__atexit.o)
 .debug_frame   0x00000000       0x3c c:/arm/gcc-arm-none-eabi-6_2-2016q4-20161216-win32/bin/../lib/gcc/arm-none-eabi/6.2.1/../../../../arm-none-eabi/lib/thumb/v6-m\libg.a(lib_a-__atexit.o)
 .ARM.attributes
                0x00000000       0x2c c:/arm/gcc-arm-none-eabi-6_2-2016q4-20161216-win32/bin/../lib/gcc/arm-none-eabi/6.2.1/../../../../arm-none-eabi/lib/thumb/v6-m\libg.a(lib_a-__atexit.o)
 .text          0x00000000        0x0 c:/arm/gcc-arm-none-eabi-6_2-2016q4-20161216-win32/bin/../lib/gcc/arm-none-eabi/6.2.1/../../../../arm-none-eabi/lib/thumb/v6-m\libg.a(lib_a-freer.o)
 .data          0x00000000        0x0 c:/arm/gcc-arm-none-eabi-6_2-2016q4-20161216-win32/bin/../lib/gcc/arm-none-eabi/6.2.1/../../../../arm-none-eabi/lib/thumb/v6-m\libg.a(lib_a-freer.o)
 .bss           0x00000000        0x0 c:/arm/gcc-arm-none-eabi-6_2-2016q4-20161216-win32/bin/../lib/gcc/arm-none-eabi/6.2.1/../../../../arm-none-eabi/lib/thumb/v6-m\libg.a(lib_a-freer.o)
 .text._malloc_trim_r
                0x00000000       0xa0 c:/arm/gcc-arm-none-eabi-6_2-2016q4-20161216-win32/bin/../lib/gcc/arm-none-eabi/6.2.1/../../../../arm-none-eabi/lib/thumb/v6-m\libg.a(lib_a-freer.o)
 .text._free_r  0x00000000      0x1bc c:/arm/gcc-arm-none-eabi-6_2-2016q4-20161216-win32/bin/../lib/gcc/arm-none-eabi/6.2.1/../../../../arm-none-eabi/lib/thumb/v6-m\libg.a(lib_a-freer.o)
 .debug_frame   0x00000000       0x50 c:/arm/gcc-arm-none-eabi-6_2-2016q4-20161216-win32/bin/../lib/gcc/arm-none-eabi/6.2.1/../../../../arm-none-eabi/lib/thumb/v6-m\libg.a(lib_a-freer.o)
 .ARM.attributes
                0x00000000       0x2c c:/arm/gcc-arm-none-eabi-6_2-2016q4-20161216-win32/bin/../lib/gcc/arm-none-eabi/6.2.1/../../../../arm-none-eabi/lib/thumb/v6-m\libg.a(lib_a-freer.o)
 .text          0x00000000        0x0 c:/arm/gcc-arm-none-eabi-6_2-2016q4-20161216-win32/bin/../lib/gcc/arm-none-eabi/6.2.1/../../../../arm-none-eabi/lib/thumb/v6-m\libnosys.a(getpid.o)
 .data          0x00000000        0x0 c:/arm/gcc-arm-none-eabi-6_2-2016q4-20161216-win32/bin/../lib/gcc/arm-none-eabi/6.2.1/../../../../arm-none-eabi/lib/thumb/v6-m\libnosys.a(getpid.o)
 .bss           0x00000000        0x0 c:/arm/gcc-arm-none-eabi-6_2-2016q4-20161216-win32/bin/../lib/gcc/arm-none-eabi/6.2.1/../../../../arm-none-eabi/lib/thumb/v6-m\libnosys.a(getpid.o)
 .stab          0x00000000       0x24 c:/arm/gcc-arm-none-eabi-6_2-2016q4-20161216-win32/bin/../lib/gcc/arm-none-eabi/6.2.1/../../../../arm-none-eabi/lib/thumb/v6-m\libnosys.a(getpid.o)
 .debug_frame   0x00000000       0x20 c:/arm/gcc-arm-none-eabi-6_2-2016q4-20161216-win32/bin/../lib/gcc/arm-none-eabi/6.2.1/../../../../arm-none-eabi/lib/thumb/v6-m\libnosys.a(getpid.o)
 .ARM.attributes
                0x00000000       0x2c c:/arm/gcc-arm-none-eabi-6_2-2016q4-20161216-win32/bin/../lib/gcc/arm-none-eabi/6.2.1/../../../../arm-none-eabi/lib/thumb/v6-m\libnosys.a(getpid.o)
 .text          0x00000000        0x0 c:/arm/gcc-arm-none-eabi-6_2-2016q4-20161216-win32/bin/../lib/gcc/arm-none-eabi/6.2.1/../../../../arm-none-eabi/lib/thumb/v6-m\libnosys.a(kill.o)
 .data          0x00000000        0x0 c:/arm/gcc-arm-none-eabi-6_2-2016q4-20161216-win32/bin/../lib/gcc/arm-none-eabi/6.2.1/../../../../arm-none-eabi/lib/thumb/v6-m\libnosys.a(kill.o)
 .bss           0x00000000        0x0 c:/arm/gcc-arm-none-eabi-6_2-2016q4-20161216-win32/bin/../lib/gcc/arm-none-eabi/6.2.1/../../../../arm-none-eabi/lib/thumb/v6-m\libnosys.a(kill.o)
 .stab          0x00000000       0x18 c:/arm/gcc-arm-none-eabi-6_2-2016q4-20161216-win32/bin/../lib/gcc/arm-none-eabi/6.2.1/../../../../arm-none-eabi/lib/thumb/v6-m\libnosys.a(kill.o)
                                 0x24 (size before relaxing)
 .debug_frame   0x00000000       0x20 c:/arm/gcc-arm-none-eabi-6_2-2016q4-20161216-win32/bin/../lib/gcc/arm-none-eabi/6.2.1/../../../../arm-none-eabi/lib/thumb/v6-m\libnosys.a(kill.o)
 .ARM.attributes
                0x00000000       0x2c c:/arm/gcc-arm-none-eabi-6_2-2016q4-20161216-win32/bin/../lib/gcc/arm-none-eabi/6.2.1/../../../../arm-none-eabi/lib/thumb/v6-m\libnosys.a(kill.o)
 .text          0x00000000        0x0 c:/arm/gcc-arm-none-eabi-6_2-2016q4-20161216-win32/bin/../lib/gcc/arm-none-eabi/6.2.1/../../../../arm-none-eabi/lib/thumb/v6-m\libnosys.a(sbrk.o)
 .data          0x00000000        0x0 c:/arm/gcc-arm-none-eabi-6_2-2016q4-20161216-win32/bin/../lib/gcc/arm-none-eabi/6.2.1/../../../../arm-none-eabi/lib/thumb/v6-m\libnosys.a(sbrk.o)
 .bss           0x00000000        0x0 c:/arm/gcc-arm-none-eabi-6_2-2016q4-20161216-win32/bin/../lib/gcc/arm-none-eabi/6.2.1/../../../../arm-none-eabi/lib/thumb/v6-m\libnosys.a(sbrk.o)
 .text._sbrk    0x00000000       0x1c c:/arm/gcc-arm-none-eabi-6_2-2016q4-20161216-win32/bin/../lib/gcc/arm-none-eabi/6.2.1/../../../../arm-none-eabi/lib/thumb/v6-m\libnosys.a(sbrk.o)
 .bss.heap_end.4116
                0x00000000        0x4 c:/arm/gcc-arm-none-eabi-6_2-2016q4-20161216-win32/bin/../lib/gcc/arm-none-eabi/6.2.1/../../../../arm-none-eabi/lib/thumb/v6-m\libnosys.a(sbrk.o)
 .debug_frame   0x00000000       0x20 c:/arm/gcc-arm-none-eabi-6_2-2016q4-20161216-win32/bin/../lib/gcc/arm-none-eabi/6.2.1/../../../../arm-none-eabi/lib/thumb/v6-m\libnosys.a(sbrk.o)
 .ARM.attributes
                0x00000000       0x2c c:/arm/gcc-arm-none-eabi-6_2-2016q4-20161216-win32/bin/../lib/gcc/arm-none-eabi/6.2.1/../../../../arm-none-eabi/lib/thumb/v6-m\libnosys.a(sbrk.o)
 .text          0x00000000        0x0 c:/arm/gcc-arm-none-eabi-6_2-2016q4-20161216-win32/bin/../lib/gcc/arm-none-eabi/6.2.1/../../../../arm-none-eabi/lib/thumb/v6-m\libnosys.a(_exit.o)
 .data          0x00000000        0x0 c:/arm/gcc-arm-none-eabi-6_2-2016q4-20161216-win32/bin/../lib/gcc/arm-none-eabi/6.2.1/../../../../arm-none-eabi/lib/thumb/v6-m\libnosys.a(_exit.o)
 .bss           0x00000000        0x0 c:/arm/gcc-arm-none-eabi-6_2-2016q4-20161216-win32/bin/../lib/gcc/arm-none-eabi/6.2.1/../../../../arm-none-eabi/lib/thumb/v6-m\libnosys.a(_exit.o)
 .debug_frame   0x00000000       0x20 c:/arm/gcc-arm-none-eabi-6_2-2016q4-20161216-win32/bin/../lib/gcc/arm-none-eabi/6.2.1/../../../../arm-none-eabi/lib/thumb/v6-m\libnosys.a(_exit.o)
 .ARM.attributes
                0x00000000       0x2c c:/arm/gcc-arm-none-eabi-6_2-2016q4-20161216-win32/bin/../lib/gcc/arm-none-eabi/6.2.1/../../../../arm-none-eabi/lib/thumb/v6-m\libnosys.a(_exit.o)
 .text          0x00000000        0x0 c:/arm/gcc-arm-none-eabi-6_2-2016q4-20161216-win32/bin/../lib/gcc/arm-none-eabi/6.2.1/thumb/v6-m/crtend.o
 .data          0x00000000        0x0 c:/arm/gcc-arm-none-eabi-6_2-2016q4-20161216-win32/bin/../lib/gcc/arm-none-eabi/6.2.1/thumb/v6-m/crtend.o
 .bss           0x00000000        0x0 c:/arm/gcc-arm-none-eabi-6_2-2016q4-20161216-win32/bin/../lib/gcc/arm-none-eabi/6.2.1/thumb/v6-m/crtend.o
 .eh_frame      0x00000000        0x4 c:/arm/gcc-arm-none-eabi-6_2-2016q4-20161216-win32/bin/../lib/gcc/arm-none-eabi/6.2.1/thumb/v6-m/crtend.o
 .jcr           0x00000000        0x4 c:/arm/gcc-arm-none-eabi-6_2-2016q4-20161216-win32/bin/../lib/gcc/arm-none-eabi/6.2.1/thumb/v6-m/crtend.o
 .ARM.attributes
                0x00000000       0x2c c:/arm/gcc-arm-none-eabi-6_2-2016q4-20161216-win32/bin/../lib/gcc/arm-none-eabi/6.2.1/thumb/v6-m/crtend.o
 .text          0x00000000        0x0 c:/arm/gcc-arm-none-eabi-6_2-2016q4-20161216-win32/bin/../lib/gcc/arm-none-eabi/6.2.1/thumb/v6-m/crtn.o
 .data          0x00000000        0x0 c:/arm/gcc-arm-none-eabi-6_2-2016q4-20161216-win32/bin/../lib/gcc/arm-none-eabi/6.2.1/thumb/v6-m/crtn.o
 .bss           0x00000000        0x0 c:/arm/gcc-arm-none-eabi-6_2-2016q4-20161216-win32/bin/../lib/gcc/arm-none-eabi/6.2.1/thumb/v6-m/crtn.o
 .init          0x00000000        0x8 c:/arm/gcc-arm-none-eabi-6_2-2016q4-20161216-win32/bin/../lib/gcc/arm-none-eabi/6.2.1/thumb/v6-m/crtn.o
 .fini          0x00000000        0x8 c:/arm/gcc-arm-none-eabi-6_2-2016q4-20161216-win32/bin/../lib/gcc/arm-none-eabi/6.2.1/thumb/v6-m/crtn.o
 .ARM.attributes
                0x00000000       0x1e c:/arm/gcc-arm-none-eabi-6_2-2016q4-20161216-win32/bin/../lib/gcc/arm-none-eabi/6.2.1/thumb/v6-m/crtn.o
 .data          0x00000000        0x0 c:/arm/gcc-arm-none-eabi-6_2-2016q4-20161216-win32/bin/../lib/gcc/arm-none-eabi/6.2.1/thumb/v6-m\libgcc.a(_thumb1_case_uqi.o)
 .bss           0x00000000        0x0 c:/arm/gcc-arm-none-eabi-6_2-2016q4-20161216-win32/bin/../lib/gcc/arm-none-eabi/6.2.1/thumb/v6-m\libgcc.a(_thumb1_case_uqi.o)
 .data          0x00000000        0x0 c:/arm/gcc-arm-none-eabi-6_2-2016q4-20161216-win32/bin/../lib/gcc/arm-none-eabi/6.2.1/thumb/v6-m\libgcc.a(_thumb1_case_shi.o)
 .bss           0x00000000        0x0 c:/arm/gcc-arm-none-eabi-6_2-2016q4-20161216-win32/bin/../lib/gcc/arm-none-eabi/6.2.1/thumb/v6-m\libgcc.a(_thumb1_case_shi.o)
 .data          0x00000000        0x0 c:/arm/gcc-arm-none-eabi-6_2-2016q4-20161216-win32/bin/../lib/gcc/arm-none-eabi/6.2.1/thumb/v6-m\libgcc.a(_thumb1_case_uhi.o)
 .bss           0x00000000        0x0 c:/arm/gcc-arm-none-eabi-6_2-2016q4-20161216-win32/bin/../lib/gcc/arm-none-eabi/6.2.1/thumb/v6-m\libgcc.a(_thumb1_case_uhi.o)

Memory Configuration

Name             Origin             Length             Attributes
FLASH            0x08000000         0x00008000         xr
RAM              0x20000000         0x00001800         xrw
*default*        0x00000000         0xffffffff

Linker script and memory map

LOAD c:/arm/gcc-arm-none-eabi-6_2-2016q4-20161216-win32/bin/../lib/gcc/arm-none-eabi/6.2.1/thumb/v6-m/crti.o
LOAD c:/arm/gcc-arm-none-eabi-6_2-2016q4-20161216-win32/bin/../lib/gcc/arm-none-eabi/6.2.1/thumb/v6-m/crtbegin.o
LOAD c:/arm/gcc-arm-none-eabi-6_2-2016q4-20161216-win32/bin/../lib/gcc/arm-none-eabi/6.2.1/../../../../arm-none-eabi/lib/thumb/v6-m/crt0.o
LOAD C:\Users\skido\AppData\Local\Temp\cchGVmTG.o
LOAD source/buffer.o
LOAD C:\Users\skido\AppData\Local\Temp\ccRyd8KI.ltrans0.ltrans.o
LOAD C:\Users\skido\AppData\Local\Temp\ccRyd8KI.ltrans1.ltrans.o
LOAD C:\Users\skido\AppData\Local\Temp\ccRyd8KI.ltrans2.ltrans.o
LOAD C:\Users\skido\AppData\Local\Temp\ccRyd8KI.ltrans3.ltrans.o
LOAD source/dump.o
LOAD source/flash.o
LOAD source/io.o
LOAD source/main.o
LOAD source/nes.o
LOAD source/operation.o
LOAD source/pinport.o
LOAD source/snes.o
LOAD source/swim.o
LOAD source/usb.o
LOAD source_stm_only/stm_init.o
LOAD source_stm_only/usbstm.o
LOAD C:\Users\skido\AppData\Local\Temp\ccfw3XWp.o
START GROUP
LOAD c:/arm/gcc-arm-none-eabi-6_2-2016q4-20161216-win32/bin/../lib/gcc/arm-none-eabi/6.2.1/thumb/v6-m\libgcc.a
LOAD c:/arm/gcc-arm-none-eabi-6_2-2016q4-20161216-win32/bin/../lib/gcc/arm-none-eabi/6.2.1/../../../../arm-none-eabi/lib/thumb/v6-m\libg.a
LOAD c:/arm/gcc-arm-none-eabi-6_2-2016q4-20161216-win32/bin/../lib/gcc/arm-none-eabi/6.2.1/../../../../arm-none-eabi/lib/thumb/v6-m\libc.a
END GROUP
START GROUP
LOAD c:/arm/gcc-arm-none-eabi-6_2-2016q4-20161216-win32/bin/../lib/gcc/arm-none-eabi/6.2.1/thumb/v6-m\libgcc.a
LOAD c:/arm/gcc-arm-none-eabi-6_2-2016q4-20161216-win32/bin/../lib/gcc/arm-none-eabi/6.2.1/../../../../arm-none-eabi/lib/thumb/v6-m\libc.a
LOAD c:/arm/gcc-arm-none-eabi-6_2-2016q4-20161216-win32/bin/../lib/gcc/arm-none-eabi/6.2.1/../../../../arm-none-eabi/lib/thumb/v6-m\libnosys.a
END GROUP
LOAD c:/arm/gcc-arm-none-eabi-6_2-2016q4-20161216-win32/bin/../lib/gcc/arm-none-eabi/6.2.1/thumb/v6-m/crtend.o
LOAD c:/arm/gcc-arm-none-eabi-6_2-2016q4-20161216-win32/bin/../lib/gcc/arm-none-eabi/6.2.1/thumb/v6-m/crtn.o

.text           0x08000000     0x36bc
 *(.isr_vector)
 .isr_vector    0x08000000       0xc0 C:\Users\skido\AppData\Local\Temp\cchGVmTG.o
                0x08000000                __isr_vector
 *(.text*)
 .text          0x080000c0       0x40 C:\Users\skido\AppData\Local\Temp\cchGVmTG.o
                0x080000c0                Reset_Handler
                0x080000fc                TSC_IRQHandler
                0x080000fc                ADC1_COMP_IRQHandler
                0x080000fc                SysTick_Handler
                0x080000fc                PendSV_Handler
                0x080000fc                NMI_Handler
                0x080000fc                I2C1_IRQHandler
                0x080000fc                RCC_CRS_IRQHandler
                0x080000fc                SPI1_IRQHandler
                0x080000fc                TIM6_DAC_IRQHandler
                0x080000fc                USART3_4_IRQHandler
                0x080000fc                EXTI2_3_IRQHandler
                0x080000fc                I2C2_IRQHandler
                0x080000fc                TIM17_IRQHandler
                0x080000fc                CEC_CAN_IRQHandler
                0x080000fc                PVD_VDDIO2_IRQHandler
                0x080000fc                TIM1_CC_IRQHandler
                0x080000fc                DMA1_Channel4_5_6_7_IRQHandler
                0x080000fc                TIM16_IRQHandler
                0x080000fc                TIM3_IRQHandler
                0x080000fc                EXTI4_15_IRQHandler
                0x080000fc                DMA1_Channel1_IRQHandler
                0x080000fc                Default_Handler
                0x080000fc                TIM14_IRQHandler
                0x080000fc                TIM7_IRQHandler
                0x080000fc                TIM15_IRQHandler
                0x080000fc                EXTI0_1_IRQHandler
                0x080000fc                SPI2_IRQHandler
                0x080000fc                SVC_Handler
                0x080000fc                RTC_IRQHand
                0x080000fc                WWDG_IRQHandler
                0x080000fc                TIM2_IRQHandler
                0x080000fc                DEF_IRQHandler
                0x080000fc                DMA1_Channel2_3_IRQHandler
                0x080000fc                USART2_IRQHandler
                0x080000fc                FLASH_IRQHandler
                0x080000fc                USART1_IRQHandler
                0x080000fc                TIM1_BRK_UP_TRG_COM_IRQHandler
 .text.unlikely.append_pairity
                0x08000100       0x1e C:\Users\skido\AppData\Local\Temp\ccRyd8KI.ltrans0.ltrans.o
 *fill*         0x0800011e        0x2 
 .text.snes_rom_wr
                0x08000120       0x50 C:\Users\skido\AppData\Local\Temp\ccRyd8KI.ltrans0.ltrans.o
                0x08000120                snes_rom_wr
 .text.snes_rom_rd
                0x08000170       0x30 C:\Users\skido\AppData\Local\Temp\ccRyd8KI.ltrans0.ltrans.o
                0x08000170                snes_rom_rd
 .text.nes_ppu_wr
                0x080001a0       0x58 C:\Users\skido\AppData\Local\Temp\ccRyd8KI.ltrans0.ltrans.o
                0x080001a0                nes_ppu_wr
 .text.nes_ppu_rd
                0x080001f8       0x38 C:\Users\skido\AppData\Local\Temp\ccRyd8KI.ltrans0.ltrans.o
                0x080001f8                nes_ppu_rd
 .text.nes_cpu_rd
                0x08000230       0x40 C:\Users\skido\AppData\Local\Temp\ccRyd8KI.ltrans0.ltrans.o
                0x08000230                nes_cpu_rd
 .text.discrete_exp0_prgrom_wr
                0x08000270       0x60 C:\Users\skido\AppData\Local\Temp\ccRyd8KI.ltrans0.ltrans.o
                0x08000270                discrete_exp0_prgrom_wr
 .text.get_next_buff
                0x080002d0       0x54 C:\Users\skido\AppData\Local\Temp\ccRyd8KI.ltrans0.ltrans.o
 .text.control_xfr_in.lto_priv.25
                0x08000324       0xbc C:\Users\skido\AppData\Local\Temp\ccRyd8KI.ltrans0.ltrans.o
                0x08000324                control_xfr_in.lto_priv.25
 .text.HardFault_Handler
                0x080003e0        0x2 C:\Users\skido\AppData\Local\Temp\ccRyd8KI.ltrans0.ltrans.o
                0x080003e0                HardFault_Handler
 *fill*         0x080003e2        0x2 
 .text.unlikely.swim_wotf
                0x080003e4       0x8c C:\Users\skido\AppData\Local\Temp\ccRyd8KI.ltrans0.ltrans.o
                0x080003e4                swim_wotf
 .text.unlikely.swim_rotf
                0x08000470       0x94 C:\Users\skido\AppData\Local\Temp\ccRyd8KI.ltrans0.ltrans.o
                0x08000470                swim_rotf
 .text.unlikely.delay
                0x08000504       0x12 C:\Users\skido\AppData\Local\Temp\ccRyd8KI.ltrans0.ltrans.o
                0x08000504                delay
 *fill*         0x08000516        0x2 
 .text.io_reset
                0x08000518      0x148 C:\Users\skido\AppData\Local\Temp\ccRyd8KI.ltrans0.ltrans.o
                0x08000518                io_reset
 .text.startup.main
                0x08000660      0x60c C:\Users\skido\AppData\Local\Temp\ccRyd8KI.ltrans0.ltrans.o
                0x08000660                main
 .text.USB_IRQHandler
                0x08000c6c      0xafc C:\Users\skido\AppData\Local\Temp\ccRyd8KI.ltrans1.ltrans.o
                0x08000c6c                USB_IRQHandler
 .text.pinport_call.constprop.7
                0x08001768      0xc14 C:\Users\skido\AppData\Local\Temp\ccRyd8KI.ltrans2.ltrans.o
                0x08001768                pinport_call.constprop.7
 .text.nes_cpu_page_rd_poll.constprop.16
                0x0800237c       0x68 C:\Users\skido\AppData\Local\Temp\ccRyd8KI.ltrans3.ltrans.o
                0x0800237c                nes_cpu_page_rd_poll.constprop.16
 *fill*         0x080023e4        0xc 
 .text          0x080023f0      0x154 C:\Users\skido\AppData\Local\Temp\ccfw3XWp.o
                0x080023f0                swim_xfr
 .text          0x08002544      0xa38 c:/arm/gcc-arm-none-eabi-6_2-2016q4-20161216-win32/bin/../lib/gcc/arm-none-eabi/6.2.1/thumb/v6-m\libgcc.a(unwind-arm.o)
                0x08002814                _Unwind_GetCFA
                0x08002818                __gnu_Unwind_RaiseException
                0x0800286c                __gnu_Unwind_ForcedUnwind
                0x08002880                __gnu_Unwind_Resume
                0x080028c8                __gnu_Unwind_Resume_or_Rethrow
                0x080028e4                _Unwind_Complete
                0x080028e8                _Unwind_DeleteException
                0x080028f8                _Unwind_VRS_Get
                0x08002944                _Unwind_VRS_Set
                0x08002990                __gnu_Unwind_Backtrace
                0x08002cf0                __aeabi_unwind_cpp_pr0
                0x08002cfc                __aeabi_unwind_cpp_pr1
                0x08002d08                __aeabi_unwind_cpp_pr2
                0x08002d14                _Unwind_VRS_Pop
 .text          0x08002f7c      0x144 c:/arm/gcc-arm-none-eabi-6_2-2016q4-20161216-win32/bin/../lib/gcc/arm-none-eabi/6.2.1/thumb/v6-m\libgcc.a(libunwind.o)
                0x08002f7c                __restore_core_regs
                0x08002f7c                restore_core_regs
                0x08002fa8                __gnu_Unwind_Restore_VFP
                0x08002fac                __gnu_Unwind_Save_VFP
                0x08002fb0                __gnu_Unwind_Restore_VFP_D
                0x08002fb4                __gnu_Unwind_Save_VFP_D
                0x08002fb8                __gnu_Unwind_Restore_VFP_D_16_to_31
                0x08002fbc                __gnu_Unwind_Save_VFP_D_16_to_31
                0x08002fc0                __gnu_Unwind_Restore_WMMXD
                0x08002fc4                __gnu_Unwind_Save_WMMXD
                0x08002fc8                __gnu_Unwind_Restore_WMMXC
                0x08002fcc                __gnu_Unwind_Save_WMMXC
                0x08002fd0                ___Unwind_RaiseException
                0x08002fd0                _Unwind_RaiseException
                0x08003000                _Unwind_Resume
                0x08003000                ___Unwind_Resume
                0x08003030                _Unwind_Resume_or_Rethrow
                0x08003030                ___Unwind_Resume_or_Rethrow
                0x08003060                _Unwind_ForcedUnwind
                0x08003060                ___Unwind_ForcedUnwind
                0x08003090                ___Unwind_Backtrace
                0x08003090                _Unwind_Backtrace
 .text          0x080030c0      0x3a8 c:/arm/gcc-arm-none-eabi-6_2-2016q4-20161216-win32/bin/../lib/gcc/arm-none-eabi/6.2.1/thumb/v6-m\libgcc.a(pr-support.o)
                0x08003114                __gnu_unwind_execute
                0x08003410                __gnu_unwind_frame
                0x08003438                _Unwind_GetRegionStart
                0x08003444                _Unwind_GetLanguageSpecificData
                0x08003458                _Unwind_GetTextRelBase
                0x08003460                _Unwind_GetDataRelBase
 .text.abort    0x08003468       0x10 c:/arm/gcc-arm-none-eabi-6_2-2016q4-20161216-win32/bin/../lib/gcc/arm-none-eabi/6.2.1/../../../../arm-none-eabi/lib/thumb/v6-m\libg.a(lib_a-abort.o)
                0x08003468                abort
 .text.memcpy   0x08003478       0x84 c:/arm/gcc-arm-none-eabi-6_2-2016q4-20161216-win32/bin/../lib/gcc/arm-none-eabi/6.2.1/../../../../arm-none-eabi/lib/thumb/v6-m\libg.a(lib_a-memcpy-stub.o)
                0x08003478                memcpy
 .text._raise_r
                0x080034fc       0x5c c:/arm/gcc-arm-none-eabi-6_2-2016q4-20161216-win32/bin/../lib/gcc/arm-none-eabi/6.2.1/../../../../arm-none-eabi/lib/thumb/v6-m\libg.a(lib_a-signal.o)
                0x080034fc                _raise_r
 .text.raise    0x08003558       0x14 c:/arm/gcc-arm-none-eabi-6_2-2016q4-20161216-win32/bin/../lib/gcc/arm-none-eabi/6.2.1/../../../../arm-none-eabi/lib/thumb/v6-m\libg.a(lib_a-signal.o)
                0x08003558                raise
 .text._kill_r  0x0800356c       0x28 c:/arm/gcc-arm-none-eabi-6_2-2016q4-20161216-win32/bin/../lib/gcc/arm-none-eabi/6.2.1/../../../../arm-none-eabi/lib/thumb/v6-m\libg.a(lib_a-signalr.o)
                0x0800356c                _kill_r
 .text._getpid_r
                0x08003594        0x8 c:/arm/gcc-arm-none-eabi-6_2-2016q4-20161216-win32/bin/../lib/gcc/arm-none-eabi/6.2.1/../../../../arm-none-eabi/lib/thumb/v6-m\libg.a(lib_a-signalr.o)
                0x08003594                _getpid_r
 .text._getpid  0x0800359c       0x10 c:/arm/gcc-arm-none-eabi-6_2-2016q4-20161216-win32/bin/../lib/gcc/arm-none-eabi/6.2.1/../../../../arm-none-eabi/lib/thumb/v6-m\libnosys.a(getpid.o)
                0x0800359c                _getpid
 .text._kill    0x080035ac       0x10 c:/arm/gcc-arm-none-eabi-6_2-2016q4-20161216-win32/bin/../lib/gcc/arm-none-eabi/6.2.1/../../../../arm-none-eabi/lib/thumb/v6-m\libnosys.a(kill.o)
                0x080035ac                _kill
 .text._exit    0x080035bc        0x4 c:/arm/gcc-arm-none-eabi-6_2-2016q4-20161216-win32/bin/../lib/gcc/arm-none-eabi/6.2.1/../../../../arm-none-eabi/lib/thumb/v6-m\libnosys.a(_exit.o)
                0x080035bc                _exit
 .text          0x080035c0       0x14 c:/arm/gcc-arm-none-eabi-6_2-2016q4-20161216-win32/bin/../lib/gcc/arm-none-eabi/6.2.1/thumb/v6-m\libgcc.a(_thumb1_case_uqi.o)
                0x080035c0                __gnu_thumb1_case_uqi
 .text          0x080035d4       0x14 c:/arm/gcc-arm-none-eabi-6_2-2016q4-20161216-win32/bin/../lib/gcc/arm-none-eabi/6.2.1/thumb/v6-m\libgcc.a(_thumb1_case_shi.o)
                0x080035d4                __gnu_thumb1_case_shi
 .text          0x080035e8       0x14 c:/arm/gcc-arm-none-eabi-6_2-2016q4-20161216-win32/bin/../lib/gcc/arm-none-eabi/6.2.1/thumb/v6-m\libgcc.a(_thumb1_case_uhi.o)
                0x080035e8                __gnu_thumb1_case_uhi
 *(.init)
 .init          0x080035fc        0x4 c:/arm/gcc-arm-none-eabi-6_2-2016q4-20161216-win32/bin/../lib/gcc/arm-none-eabi/6.2.1/thumb/v6-m/crti.o
                0x080035fc                _init
 *(.fini)
 .fini          0x08003600        0x4 c:/arm/gcc-arm-none-eabi-6_2-2016q4-20161216-win32/bin/../lib/gcc/arm-none-eabi/6.2.1/thumb/v6-m/crti.o
                0x08003600                _fini
 *crtbegin.o(.ctors)
 *crtbegin?.o(.ctors)
 *(EXCLUDE_FILE(*crtend.o *crtend?.o) .ctors)
 *(SORT(.ctors.*))
 *(.ctors)
 *crtbegin.o(.dtors)
 *crtbegin?.o(.dtors)
 *(EXCLUDE_FILE(*crtend.o *crtend?.o) .dtors)
 *(SORT(.dtors.*))
 *(.dtors)
 *(.rodata*)
 .rodata.config_desc
                0x08003604       0x12 C:\Users\skido\AppData\Local\Temp\ccRyd8KI.ltrans1.ltrans.o
 .rodata.device_desc
                0x08003616       0x12 C:\Users\skido\AppData\Local\Temp\ccRyd8KI.ltrans1.ltrans.o
 .rodata.string0_desc
                0x08003628        0x4 C:\Users\skido\AppData\Local\Temp\ccRyd8KI.ltrans1.ltrans.o
 .rodata.string1_desc
                0x0800362c       0x54 C:\Users\skido\AppData\Local\Temp\ccRyd8KI.ltrans1.ltrans.o
 .rodata.string2_desc
                0x08003680       0x3c C:\Users\skido\AppData\Local\Temp\ccRyd8KI.ltrans1.ltrans.o
 *(.eh_frame*)

.glue_7         0x080036bc        0x0
 .glue_7        0x080036bc        0x0 linker stubs

.glue_7t        0x080036bc        0x0
 .glue_7t       0x080036bc        0x0 linker stubs

.vfp11_veneer   0x080036bc        0x0
 .vfp11_veneer  0x080036bc        0x0 linker stubs

.v4_bx          0x080036bc        0x0
 .v4_bx         0x080036bc        0x0 linker stubs

.iplt           0x080036bc        0x0
 .iplt          0x080036bc        0x0 c:/arm/gcc-arm-none-eabi-6_2-2016q4-20161216-win32/bin/../lib/gcc/arm-none-eabi/6.2.1/thumb/v6-m/crtbegin.o

.ARM.extab      0x080036bc       0x30
 *(.ARM.extab* .gnu.linkonce.armextab.*)
 .ARM.extab     0x080036bc       0x24 c:/arm/gcc-arm-none-eabi-6_2-2016q4-20161216-win32/bin/../lib/gcc/arm-none-eabi/6.2.1/thumb/v6-m\libgcc.a(unwind-arm.o)
 .ARM.extab     0x080036e0        0xc c:/arm/gcc-arm-none-eabi-6_2-2016q4-20161216-win32/bin/../lib/gcc/arm-none-eabi/6.2.1/thumb/v6-m\libgcc.a(pr-support.o)
                0x080036ec                __exidx_start = .

.ARM.exidx      0x080036ec       0xd0
 *(.ARM.exidx* .gnu.linkonce.armexidx.*)
 .ARM.exidx     0x080036ec        0x8 C:\Users\skido\AppData\Local\Temp\ccfw3XWp.o
                                 0x10 (size before relaxing)
 .ARM.exidx     0x080036f4       0x98 c:/arm/gcc-arm-none-eabi-6_2-2016q4-20161216-win32/bin/../lib/gcc/arm-none-eabi/6.2.1/thumb/v6-m\libgcc.a(unwind-arm.o)
                                 0xd8 (size before relaxing)
 .ARM.exidx     0x0800378c       0x30 c:/arm/gcc-arm-none-eabi-6_2-2016q4-20161216-win32/bin/../lib/gcc/arm-none-eabi/6.2.1/thumb/v6-m\libgcc.a(pr-support.o)
                                 0x48 (size before relaxing)
                0x080037bc                __exidx_end = .
                0x080037bc                __etext = ALIGN (0x4)

.rel.dyn        0x080037bc        0x0
 .rel.iplt      0x080037bc        0x0 c:/arm/gcc-arm-none-eabi-6_2-2016q4-20161216-win32/bin/../lib/gcc/arm-none-eabi/6.2.1/thumb/v6-m/crtbegin.o

.data           0x20000000      0x430 load address 0x080037bc
                0x20000000                __data_start__ = .
 *(vtable)
 *(.data*)
 .data._impure_ptr
                0x20000000        0x4 c:/arm/gcc-arm-none-eabi-6_2-2016q4-20161216-win32/bin/../lib/gcc/arm-none-eabi/6.2.1/../../../../arm-none-eabi/lib/thumb/v6-m\libg.a(lib_a-impure.o)
                0x20000000                _impure_ptr
 *fill*         0x20000004        0x4 
 .data.impure_data
                0x20000008      0x428 c:/arm/gcc-arm-none-eabi-6_2-2016q4-20161216-win32/bin/../lib/gcc/arm-none-eabi/6.2.1/../../../../arm-none-eabi/lib/thumb/v6-m\libg.a(lib_a-impure.o)
                0x20000430                . = ALIGN (0x4)
                0x20000430                PROVIDE (__preinit_array_start, .)
 *(.preinit_array)
                0x20000430                PROVIDE (__preinit_array_end, .)
                0x20000430                . = ALIGN (0x4)
                0x20000430                PROVIDE (__init_array_start, .)
 *(SORT(.init_array.*))
 *(.init_array)
                0x20000430                PROVIDE (__init_array_end, .)
                0x20000430                . = ALIGN (0x4)
                0x20000430                PROVIDE (__fini_array_start, .)
 *(SORT(.fini_array.*))
 *(.fini_array)
                0x20000430                PROVIDE (__fini_array_end, .)
 *(.jcr)
                0x20000430                . = ALIGN (0x4)
                0x20000430                __data_end__ = .

.igot.plt       0x20000430        0x0 load address 0x08003bec
 .igot.plt      0x20000430        0x0 c:/arm/gcc-arm-none-eabi-6_2-2016q4-20161216-win32/bin/../lib/gcc/arm-none-eabi/6.2.1/thumb/v6-m/crtbegin.o

.bss            0x20000430      0x2b8 load address 0x08003bec
                0x20000430                . = ALIGN (0x4)
                0x20000430                __bss_start__ = .
 *(.bss*)
 .bss.num_buff.4922
                0x20000430        0x1 C:\Users\skido\AppData\Local\Temp\ccRyd8KI.ltrans0.ltrans.o
 *fill*         0x20000431        0x3 
 .bss.buff0     0x20000434       0x14 C:\Users\skido\AppData\Local\Temp\ccRyd8KI.ltrans1.ltrans.o
                0x20000434                buff0
 .bss.buff1     0x20000448       0x14 C:\Users\skido\AppData\Local\Temp\ccRyd8KI.ltrans1.ltrans.o
                0x20000448                buff1
 .bss.buff2     0x2000045c       0x14 C:\Users\skido\AppData\Local\Temp\ccRyd8KI.ltrans1.ltrans.o
                0x2000045c                buff2
 .bss.buff3     0x20000470       0x14 C:\Users\skido\AppData\Local\Temp\ccRyd8KI.ltrans1.ltrans.o
                0x20000470                buff3
 .bss.cur_buff  0x20000484        0x4 C:\Users\skido\AppData\Local\Temp\ccRyd8KI.ltrans1.ltrans.o
                0x20000484                cur_buff
 .bss.cur_usb_load_buff
                0x20000488        0x4 C:\Users\skido\AppData\Local\Temp\ccRyd8KI.ltrans1.ltrans.o
 .bss.incoming_bytes_remain
                0x2000048c        0x1 C:\Users\skido\AppData\Local\Temp\ccRyd8KI.ltrans1.ltrans.o
 *fill*         0x2000048d        0x3 
 .bss.log       0x20000490        0x4 C:\Users\skido\AppData\Local\Temp\ccRyd8KI.ltrans1.ltrans.o
 .bss.new_address
                0x20000494        0x1 C:\Users\skido\AppData\Local\Temp\ccRyd8KI.ltrans1.ltrans.o
 *fill*         0x20000495        0x1 
 .bss.num_bytes_req.lto_priv.28
                0x20000496        0x2 C:\Users\skido\AppData\Local\Temp\ccRyd8KI.ltrans1.ltrans.o
                0x20000496                num_bytes_req.lto_priv.28
 .bss.num_bytes_sending.lto_priv.27
                0x20000498        0x2 C:\Users\skido\AppData\Local\Temp\ccRyd8KI.ltrans1.ltrans.o
                0x20000498                num_bytes_sending.lto_priv.27
 .bss.num_bytes_xfrd.lto_priv.26
                0x2000049a        0x2 C:\Users\skido\AppData\Local\Temp\ccRyd8KI.ltrans1.ltrans.o
                0x2000049a                num_bytes_xfrd.lto_priv.26
 .bss.oper_info_struct
                0x2000049c       0x20 C:\Users\skido\AppData\Local\Temp\ccRyd8KI.ltrans1.ltrans.o
                0x2000049c                oper_info_struct
 .bss.raw_bank_status
                0x200004bc       0x10 C:\Users\skido\AppData\Local\Temp\ccRyd8KI.ltrans1.ltrans.o
 .bss.raw_buffer16
                0x200004cc      0x200 C:\Users\skido\AppData\Local\Temp\ccRyd8KI.ltrans1.ltrans.o
 .bss.req_dir   0x200006cc        0x1 C:\Users\skido\AppData\Local\Temp\ccRyd8KI.ltrans1.ltrans.o
 .bss.reqdir    0x200006cd        0x1 C:\Users\skido\AppData\Local\Temp\ccRyd8KI.ltrans1.ltrans.o
 .bss.reqtype   0x200006ce        0x1 C:\Users\skido\AppData\Local\Temp\ccRyd8KI.ltrans1.ltrans.o
 *fill*         0x200006cf        0x1 
 .bss.rv16.4842
                0x200006d0        0x8 C:\Users\skido\AppData\Local\Temp\ccRyd8KI.ltrans1.ltrans.o
 .bss.swim_base
                0x200006d8        0x4 C:\Users\skido\AppData\Local\Temp\ccRyd8KI.ltrans1.ltrans.o
                0x200006d8                swim_base
 .bss.swim_mask
                0x200006dc        0x2 C:\Users\skido\AppData\Local\Temp\ccRyd8KI.ltrans1.ltrans.o
                0x200006dc                swim_mask
 .bss.swim_pin  0x200006de        0x1 C:\Users\skido\AppData\Local\Temp\ccRyd8KI.ltrans1.ltrans.o
 *fill*         0x200006df        0x1 
 .bss.usbMsgPtr
                0x200006e0        0x4 C:\Users\skido\AppData\Local\Temp\ccRyd8KI.ltrans1.ltrans.o
                0x200006e0                usbMsgPtr
 *(COMMON)
 COMMON         0x200006e4        0x4 c:/arm/gcc-arm-none-eabi-6_2-2016q4-20161216-win32/bin/../lib/gcc/arm-none-eabi/6.2.1/../../../../arm-none-eabi/lib/thumb/v6-m\libg.a(lib_a-reent.o)
                0x200006e4                errno
                0x200006e8                . = ALIGN (0x4)
                0x200006e8                __bss_end__ = .

.heap           0x200006e8        0x0
                0x200006e8                __end__ = .
                0x200006e8                PROVIDE (end, .)
 *(.heap*)
 .heap          0x200006e8        0x0 C:\Users\skido\AppData\Local\Temp\cchGVmTG.o
                0x200006e8                __HeapLimit = .

.stack_dummy    0x200006e8      0xc00
 *(.stack*)
 .stack         0x200006e8      0xc00 C:\Users\skido\AppData\Local\Temp\cchGVmTG.o
                0x20001800                __StackTop = (ORIGIN (RAM) + LENGTH (RAM))
                0x20000c00                __StackLimit = (__StackTop - SIZEOF (.stack_dummy))
                0x20001800                PROVIDE (__stack, __StackTop)
                0x00000001                ASSERT ((__StackLimit >= __HeapLimit), region RAM overflowed with stack)
OUTPUT(build_stm/inlretro_stm.elf elf32-littlearm)

.ARM.attributes
                0x00000000       0x28
 .ARM.attributes
                0x00000000       0x1e c:/arm/gcc-arm-none-eabi-6_2-2016q4-20161216-win32/bin/../lib/gcc/arm-none-eabi/6.2.1/thumb/v6-m/crti.o
 .ARM.attributes
                0x0000001e       0x1b C:\Users\skido\AppData\Local\Temp\cchGVmTG.o
 .ARM.attributes
                0x00000039       0x2f C:\Users\skido\AppData\Local\Temp\ccRyd8KI.ltrans0.ltrans.o
 .ARM.attributes
                0x00000068       0x2f C:\Users\skido\AppData\Local\Temp\ccRyd8KI.ltrans1.ltrans.o
 .ARM.attributes
                0x00000097       0x2f C:\Users\skido\AppData\Local\Temp\ccRyd8KI.ltrans2.ltrans.o
 .ARM.attributes
                0x000000c6       0x2f C:\Users\skido\AppData\Local\Temp\ccRyd8KI.ltrans3.ltrans.o
 .ARM.attributes
                0x000000f5       0x21 C:\Users\skido\AppData\Local\Temp\ccfw3XWp.o
 .ARM.attributes
                0x00000116       0x1e c:/arm/gcc-arm-none-eabi-6_2-2016q4-20161216-win32/bin/../lib/gcc/arm-none-eabi/6.2.1/thumb/v6-m\libgcc.a(_thumb1_case_uqi.o)
 .ARM.attributes
                0x00000134       0x1e c:/arm/gcc-arm-none-eabi-6_2-2016q4-20161216-win32/bin/../lib/gcc/arm-none-eabi/6.2.1/thumb/v6-m\libgcc.a(_thumb1_case_shi.o)
 .ARM.attributes
                0x00000152       0x1e c:/arm/gcc-arm-none-eabi-6_2-2016q4-20161216-win32/bin/../lib/gcc/arm-none-eabi/6.2.1/thumb/v6-m\libgcc.a(_thumb1_case_uhi.o)

.comment        0x00000000       0x6e
 .comment       0x00000000       0x6e C:\Users\skido\AppData\Local\Temp\ccRyd8KI.ltrans0.ltrans.o
                                 0x6f (size before relaxing)
 .comment       0x0000006e       0x6f C:\Users\skido\AppData\Local\Temp\ccRyd8KI.ltrans1.ltrans.o
 .comment       0x0000006e       0x6f C:\Users\skido\AppData\Local\Temp\ccRyd8KI.ltrans2.ltrans.o
 .comment       0x0000006e       0x6f C:\Users\skido\AppData\Local\Temp\ccRyd8KI.ltrans3.ltrans.o

.debug_line     0x00000000     0x1348
 .debug_line    0x00000000       0x6f C:\Users\skido\AppData\Local\Temp\cchGVmTG.o
 .debug_line    0x0000006f      0x665 C:\Users\skido\AppData\Local\Temp\ccRyd8KI.ltrans0.ltrans.o
 .debug_line    0x000006d4      0x557 C:\Users\skido\AppData\Local\Temp\ccRyd8KI.ltrans1.ltrans.o
 .debug_line    0x00000c2b      0x502 C:\Users\skido\AppData\Local\Temp\ccRyd8KI.ltrans2.ltrans.o
 .debug_line    0x0000112d      0x128 C:\Users\skido\AppData\Local\Temp\ccRyd8KI.ltrans3.ltrans.o
 .debug_line    0x00001255       0xf3 C:\Users\skido\AppData\Local\Temp\ccfw3XWp.o

.debug_info     0x00000000     0x253f
 .debug_info    0x00000000       0x8b C:\Users\skido\AppData\Local\Temp\cchGVmTG.o
 .debug_info    0x0000008b      0xecd C:\Users\skido\AppData\Local\Temp\ccRyd8KI.ltrans0.ltrans.o
 .debug_info    0x00000f58     0x1367 C:\Users\skido\AppData\Local\Temp\ccRyd8KI.ltrans1.ltrans.o
 .debug_info    0x000022bf      0x106 C:\Users\skido\AppData\Local\Temp\ccRyd8KI.ltrans2.ltrans.o
 .debug_info    0x000023c5       0xf6 C:\Users\skido\AppData\Local\Temp\ccRyd8KI.ltrans3.ltrans.o
 .debug_info    0x000024bb       0x84 C:\Users\skido\AppData\Local\Temp\ccfw3XWp.o

.debug_abbrev   0x00000000      0x91a
 .debug_abbrev  0x00000000       0x14 C:\Users\skido\AppData\Local\Temp\cchGVmTG.o
 .debug_abbrev  0x00000014      0x44f C:\Users\skido\AppData\Local\Temp\ccRyd8KI.ltrans0.ltrans.o
 .debug_abbrev  0x00000463      0x378 C:\Users\skido\AppData\Local\Temp\ccRyd8KI.ltrans1.ltrans.o
 .debug_abbrev  0x000007db       0x8f C:\Users\skido\AppData\Local\Temp\ccRyd8KI.ltrans2.ltrans.o
 .debug_abbrev  0x0000086a       0x9c C:\Users\skido\AppData\Local\Temp\ccRyd8KI.ltrans3.ltrans.o
 .debug_abbrev  0x00000906       0x14 C:\Users\skido\AppData\Local\Temp\ccfw3XWp.o

.debug_aranges  0x00000000      0x130
 .debug_aranges
                0x00000000       0x20 C:\Users\skido\AppData\Local\Temp\cchGVmTG.o
 .debug_aranges
                0x00000020       0x90 C:\Users\skido\AppData\Local\Temp\ccRyd8KI.ltrans0.ltrans.o
 .debug_aranges
                0x000000b0       0x20 C:\Users\skido\AppData\Local\Temp\ccRyd8KI.ltrans1.ltrans.o
 .debug_aranges
                0x000000d0       0x20 C:\Users\skido\AppData\Local\Temp\ccRyd8KI.ltrans2.ltrans.o
 .debug_aranges
                0x000000f0       0x20 C:\Users\skido\AppData\Local\Temp\ccRyd8KI.ltrans3.ltrans.o
 .debug_aranges
                0x00000110       0x20 C:\Users\skido\AppData\Local\Temp\ccfw3XWp.o

.debug_loc      0x00000000     0x3e21
 .debug_loc     0x00000000      0xc53 C:\Users\skido\AppData\Local\Temp\ccRyd8KI.ltrans0.ltrans.o
 .debug_loc     0x00000c53      0xcc3 C:\Users\skido\AppData\Local\Temp\ccRyd8KI.ltrans1.ltrans.o
 .debug_loc     0x00001916     0x2461 C:\Users\skido\AppData\Local\Temp\ccRyd8KI.ltrans2.ltrans.o
 .debug_loc     0x00003d77       0xaa C:\Users\skido\AppData\Local\Temp\ccRyd8KI.ltrans3.ltrans.o

.debug_ranges   0x00000000      0x850
 .debug_ranges  0x00000000      0x218 C:\Users\skido\AppData\Local\Temp\ccRyd8KI.ltrans0.ltrans.o
 .debug_ranges  0x00000218      0x618 C:\Users\skido\AppData\Local\Temp\ccRyd8KI.ltrans1.ltrans.o
 .debug_ranges  0x00000830       0x10 C:\Users\skido\AppData\Local\Temp\ccRyd8KI.ltrans2.ltrans.o
 .debug_ranges  0x00000840       0x10 C:\Users\skido\AppData\Local\Temp\ccRyd8KI.ltrans3.ltrans.o

.debug_str      0x00000000      0xa46
 .debug_str     0x00000000      0x460 C:\Users\skido\AppData\Local\Temp\ccRyd8KI.ltrans0.ltrans.o
                                0x4bf (size before relaxing)
 .debug_str     0x00000460      0x589 C:\Users\skido\AppData\Local\Temp\ccRyd8KI.ltrans1.ltrans.o
                                0x83a (size before relaxing)
 .debug_str     0x000009e9       0x26 C:\Users\skido\AppData\Local\Temp\ccRyd8KI.ltrans2.ltrans.o
                                0x201 (size before relaxing)
 .debug_str     0x00000a0f       0x37 C:\Users\skido\AppData\Local\Temp\ccRyd8KI.ltrans3.ltrans.o
                                0x1d9 (size before relaxing)

.debug_frame    0x00000000      0x1e0
 .debug_frame   0x00000000      0x154 C:\Users\skido\AppData\Local\Temp\ccRyd8KI.ltrans0.ltrans.o
 .debug_frame   0x00000154       0x30 C:\Users\skido\AppData\Local\Temp\ccRyd8KI.ltrans1.ltrans.o
 .debug_frame   0x00000184       0x2c C:\Users\skido\AppData\Local\Temp\ccRyd8KI.ltrans2.ltrans.o
 .debug_frame   0x000001b0       0x30 C:\Users\skido\AppData\Local\Temp\ccRyd8KI.ltrans3.ltrans.o

.stabstr        0x00000000       0x76
 .stabstr       0x00000000       0x76 c:/arm/gcc-arm-none-eabi-6_2-2016q4-20161216-win32/bin/../lib/gcc/arm-none-eabi/6.2.1/../../../../arm-none-eabi/lib/thumb/v6-m\libnosys.a(getpid.o)
