Archive member included to satisfy reference by file (symbol)

c:/arm/gcc-arm-none-eabi-6_2-2016q4-20161216-win32/bin/../lib/gcc/arm-none-eabi/6.2.1/thumb/v6-m\libgcc.a(unwind-arm.o)
                              C:\Users\paul\AppData\Local\Temp\ccSIjLzW.o (__aeabi_unwind_cpp_pr0)
c:/arm/gcc-arm-none-eabi-6_2-2016q4-20161216-win32/bin/../lib/gcc/arm-none-eabi/6.2.1/thumb/v6-m\libgcc.a(libunwind.o)
                              c:/arm/gcc-arm-none-eabi-6_2-2016q4-20161216-win32/bin/../lib/gcc/arm-none-eabi/6.2.1/thumb/v6-m\libgcc.a(unwind-arm.o) (restore_core_regs)
c:/arm/gcc-arm-none-eabi-6_2-2016q4-20161216-win32/bin/../lib/gcc/arm-none-eabi/6.2.1/thumb/v6-m\libgcc.a(pr-support.o)
                              c:/arm/gcc-arm-none-eabi-6_2-2016q4-20161216-win32/bin/../lib/gcc/arm-none-eabi/6.2.1/thumb/v6-m\libgcc.a(unwind-arm.o) (__gnu_unwind_execute)
c:/arm/gcc-arm-none-eabi-6_2-2016q4-20161216-win32/bin/../lib/gcc/arm-none-eabi/6.2.1/../../../../arm-none-eabi/lib/thumb/v6-m\libg.a(lib_a-abort.o)
                              c:/arm/gcc-arm-none-eabi-6_2-2016q4-20161216-win32/bin/../lib/gcc/arm-none-eabi/6.2.1/thumb/v6-m\libgcc.a(unwind-arm.o) (abort)
c:/arm/gcc-arm-none-eabi-6_2-2016q4-20161216-win32/bin/../lib/gcc/arm-none-eabi/6.2.1/../../../../arm-none-eabi/lib/thumb/v6-m\libg.a(lib_a-exit.o)
                              c:/arm/gcc-arm-none-eabi-6_2-2016q4-20161216-win32/bin/../lib/gcc/arm-none-eabi/6.2.1/../../../../arm-none-eabi/lib/thumb/v6-m/crt0.o (exit)
c:/arm/gcc-arm-none-eabi-6_2-2016q4-20161216-win32/bin/../lib/gcc/arm-none-eabi/6.2.1/../../../../arm-none-eabi/lib/thumb/v6-m\libg.a(lib_a-impure.o)
                              c:/arm/gcc-arm-none-eabi-6_2-2016q4-20161216-win32/bin/../lib/gcc/arm-none-eabi/6.2.1/../../../../arm-none-eabi/lib/thumb/v6-m\libg.a(lib_a-exit.o) (_global_impure_ptr)
c:/arm/gcc-arm-none-eabi-6_2-2016q4-20161216-win32/bin/../lib/gcc/arm-none-eabi/6.2.1/../../../../arm-none-eabi/lib/thumb/v6-m\libg.a(lib_a-init.o)
                              c:/arm/gcc-arm-none-eabi-6_2-2016q4-20161216-win32/bin/../lib/gcc/arm-none-eabi/6.2.1/../../../../arm-none-eabi/lib/thumb/v6-m/crt0.o (__libc_init_array)
c:/arm/gcc-arm-none-eabi-6_2-2016q4-20161216-win32/bin/../lib/gcc/arm-none-eabi/6.2.1/../../../../arm-none-eabi/lib/thumb/v6-m\libg.a(lib_a-memcpy-stub.o)
                              c:/arm/gcc-arm-none-eabi-6_2-2016q4-20161216-win32/bin/../lib/gcc/arm-none-eabi/6.2.1/thumb/v6-m\libgcc.a(unwind-arm.o) (memcpy)
c:/arm/gcc-arm-none-eabi-6_2-2016q4-20161216-win32/bin/../lib/gcc/arm-none-eabi/6.2.1/../../../../arm-none-eabi/lib/thumb/v6-m\libg.a(lib_a-memset.o)
                              c:/arm/gcc-arm-none-eabi-6_2-2016q4-20161216-win32/bin/../lib/gcc/arm-none-eabi/6.2.1/../../../../arm-none-eabi/lib/thumb/v6-m/crt0.o (memset)
c:/arm/gcc-arm-none-eabi-6_2-2016q4-20161216-win32/bin/../lib/gcc/arm-none-eabi/6.2.1/../../../../arm-none-eabi/lib/thumb/v6-m\libg.a(lib_a-signal.o)
                              c:/arm/gcc-arm-none-eabi-6_2-2016q4-20161216-win32/bin/../lib/gcc/arm-none-eabi/6.2.1/../../../../arm-none-eabi/lib/thumb/v6-m\libg.a(lib_a-abort.o) (raise)
c:/arm/gcc-arm-none-eabi-6_2-2016q4-20161216-win32/bin/../lib/gcc/arm-none-eabi/6.2.1/../../../../arm-none-eabi/lib/thumb/v6-m\libg.a(lib_a-signalr.o)
                              c:/arm/gcc-arm-none-eabi-6_2-2016q4-20161216-win32/bin/../lib/gcc/arm-none-eabi/6.2.1/../../../../arm-none-eabi/lib/thumb/v6-m\libg.a(lib_a-signal.o) (_kill_r)
c:/arm/gcc-arm-none-eabi-6_2-2016q4-20161216-win32/bin/../lib/gcc/arm-none-eabi/6.2.1/../../../../arm-none-eabi/lib/thumb/v6-m\libg.a(lib_a-__call_atexit.o)
                              c:/arm/gcc-arm-none-eabi-6_2-2016q4-20161216-win32/bin/../lib/gcc/arm-none-eabi/6.2.1/../../../../arm-none-eabi/lib/thumb/v6-m\libg.a(lib_a-exit.o) (__call_exitprocs)
c:/arm/gcc-arm-none-eabi-6_2-2016q4-20161216-win32/bin/../lib/gcc/arm-none-eabi/6.2.1/../../../../arm-none-eabi/lib/thumb/v6-m\libg.a(lib_a-atexit.o)
                              c:/arm/gcc-arm-none-eabi-6_2-2016q4-20161216-win32/bin/../lib/gcc/arm-none-eabi/6.2.1/../../../../arm-none-eabi/lib/thumb/v6-m\libg.a(lib_a-__call_atexit.o) (atexit)
c:/arm/gcc-arm-none-eabi-6_2-2016q4-20161216-win32/bin/../lib/gcc/arm-none-eabi/6.2.1/../../../../arm-none-eabi/lib/thumb/v6-m\libg.a(lib_a-fini.o)
                              c:/arm/gcc-arm-none-eabi-6_2-2016q4-20161216-win32/bin/../lib/gcc/arm-none-eabi/6.2.1/../../../../arm-none-eabi/lib/thumb/v6-m\libg.a(lib_a-__call_atexit.o) (__libc_fini_array)
c:/arm/gcc-arm-none-eabi-6_2-2016q4-20161216-win32/bin/../lib/gcc/arm-none-eabi/6.2.1/../../../../arm-none-eabi/lib/thumb/v6-m\libg.a(lib_a-mallocr.o)
                              c:/arm/gcc-arm-none-eabi-6_2-2016q4-20161216-win32/bin/../lib/gcc/arm-none-eabi/6.2.1/../../../../arm-none-eabi/lib/thumb/v6-m\libg.a(lib_a-signal.o) (_malloc_r)
c:/arm/gcc-arm-none-eabi-6_2-2016q4-20161216-win32/bin/../lib/gcc/arm-none-eabi/6.2.1/../../../../arm-none-eabi/lib/thumb/v6-m\libg.a(lib_a-mlock.o)
                              c:/arm/gcc-arm-none-eabi-6_2-2016q4-20161216-win32/bin/../lib/gcc/arm-none-eabi/6.2.1/../../../../arm-none-eabi/lib/thumb/v6-m\libg.a(lib_a-mallocr.o) (__malloc_lock)
c:/arm/gcc-arm-none-eabi-6_2-2016q4-20161216-win32/bin/../lib/gcc/arm-none-eabi/6.2.1/../../../../arm-none-eabi/lib/thumb/v6-m\libg.a(lib_a-reent.o)
                              c:/arm/gcc-arm-none-eabi-6_2-2016q4-20161216-win32/bin/../lib/gcc/arm-none-eabi/6.2.1/../../../../arm-none-eabi/lib/thumb/v6-m\libg.a(lib_a-signalr.o) (errno)
c:/arm/gcc-arm-none-eabi-6_2-2016q4-20161216-win32/bin/../lib/gcc/arm-none-eabi/6.2.1/../../../../arm-none-eabi/lib/thumb/v6-m\libg.a(lib_a-sbrkr.o)
                              c:/arm/gcc-arm-none-eabi-6_2-2016q4-20161216-win32/bin/../lib/gcc/arm-none-eabi/6.2.1/../../../../arm-none-eabi/lib/thumb/v6-m\libg.a(lib_a-mallocr.o) (_sbrk_r)
c:/arm/gcc-arm-none-eabi-6_2-2016q4-20161216-win32/bin/../lib/gcc/arm-none-eabi/6.2.1/../../../../arm-none-eabi/lib/thumb/v6-m\libg.a(lib_a-__atexit.o)
                              c:/arm/gcc-arm-none-eabi-6_2-2016q4-20161216-win32/bin/../lib/gcc/arm-none-eabi/6.2.1/../../../../arm-none-eabi/lib/thumb/v6-m\libg.a(lib_a-atexit.o) (__register_exitproc)
c:/arm/gcc-arm-none-eabi-6_2-2016q4-20161216-win32/bin/../lib/gcc/arm-none-eabi/6.2.1/../../../../arm-none-eabi/lib/thumb/v6-m\libg.a(lib_a-freer.o)
                              c:/arm/gcc-arm-none-eabi-6_2-2016q4-20161216-win32/bin/../lib/gcc/arm-none-eabi/6.2.1/../../../../arm-none-eabi/lib/thumb/v6-m\libg.a(lib_a-mallocr.o) (_free_r)
c:/arm/gcc-arm-none-eabi-6_2-2016q4-20161216-win32/bin/../lib/gcc/arm-none-eabi/6.2.1/../../../../arm-none-eabi/lib/thumb/v6-m\libnosys.a(getpid.o)
                              c:/arm/gcc-arm-none-eabi-6_2-2016q4-20161216-win32/bin/../lib/gcc/arm-none-eabi/6.2.1/../../../../arm-none-eabi/lib/thumb/v6-m\libg.a(lib_a-signalr.o) (_getpid)
c:/arm/gcc-arm-none-eabi-6_2-2016q4-20161216-win32/bin/../lib/gcc/arm-none-eabi/6.2.1/../../../../arm-none-eabi/lib/thumb/v6-m\libnosys.a(kill.o)
                              c:/arm/gcc-arm-none-eabi-6_2-2016q4-20161216-win32/bin/../lib/gcc/arm-none-eabi/6.2.1/../../../../arm-none-eabi/lib/thumb/v6-m\libg.a(lib_a-signalr.o) (_kill)
c:/arm/gcc-arm-none-eabi-6_2-2016q4-20161216-win32/bin/../lib/gcc/arm-none-eabi/6.2.1/../../../../arm-none-eabi/lib/thumb/v6-m\libnosys.a(sbrk.o)
                              c:/arm/gcc-arm-none-eabi-6_2-2016q4-20161216-win32/bin/../lib/gcc/arm-none-eabi/6.2.1/../../../../arm-none-eabi/lib/thumb/v6-m\libg.a(lib_a-sbrkr.o) (_sbrk)
c:/arm/gcc-arm-none-eabi-6_2-2016q4-20161216-win32/bin/../lib/gcc/arm-none-eabi/6.2.1/../../../../arm-none-eabi/lib/thumb/v6-m\libnosys.a(_exit.o)
                              c:/arm/gcc-arm-none-eabi-6_2-2016q4-20161216-win32/bin/../lib/gcc/arm-none-eabi/6.2.1/../../../../arm-none-eabi/lib/thumb/v6-m\libg.a(lib_a-abort.o) (_exit)
c:/arm/gcc-arm-none-eabi-6_2-2016q4-20161216-win32/bin/../lib/gcc/arm-none-eabi/6.2.1/thumb/v6-m\libgcc.a(_thumb1_case_uqi.o)
                              C:\Users\paul\AppData\Local\Temp\ccKkt1EM.ltrans0.ltrans.o (__gnu_thumb1_case_uqi)
c:/arm/gcc-arm-none-eabi-6_2-2016q4-20161216-win32/bin/../lib/gcc/arm-none-eabi/6.2.1/thumb/v6-m\libgcc.a(_thumb1_case_shi.o)
                              C:\Users\paul\AppData\Local\Temp\ccKkt1EM.ltrans1.ltrans.o (__gnu_thumb1_case_shi)
c:/arm/gcc-arm-none-eabi-6_2-2016q4-20161216-win32/bin/../lib/gcc/arm-none-eabi/6.2.1/thumb/v6-m\libgcc.a(_thumb1_case_uhi.o)
                              C:\Users\paul\AppData\Local\Temp\ccKkt1EM.ltrans0.ltrans.o (__gnu_thumb1_case_uhi)

Allocating common symbols
Common symbol       size              file

errno               0x4               c:/arm/gcc-arm-none-eabi-6_2-2016q4-20161216-win32/bin/../lib/gcc/arm-none-eabi/6.2.1/../../../../arm-none-eabi/lib/thumb/v6-m\libg.a(lib_a-reent.o)
addrh               0x4               source/bootload.o (symbol from plugin)
incoming_bytes_remain
                    0x1               source/buffer.o (symbol from plugin)
pbje_cmd_update_flag
                    0x1               source/jtag.o (symbol from plugin)
raw_bank_status     0x10              source/buffer.o (symbol from plugin)
raw_buffer16        0x200             source/buffer.o (symbol from plugin)
cur_usb_load_buff   0x4               source/buffer.o (symbol from plugin)

Discarded input sections

 .text          0x00000000        0x0 c:/arm/gcc-arm-none-eabi-6_2-2016q4-20161216-win32/bin/../lib/gcc/arm-none-eabi/6.2.1/thumb/v6-m/crti.o
 .data          0x00000000        0x0 c:/arm/gcc-arm-none-eabi-6_2-2016q4-20161216-win32/bin/../lib/gcc/arm-none-eabi/6.2.1/thumb/v6-m/crti.o
 .bss           0x00000000        0x0 c:/arm/gcc-arm-none-eabi-6_2-2016q4-20161216-win32/bin/../lib/gcc/arm-none-eabi/6.2.1/thumb/v6-m/crti.o
 .text          0x00000000       0x60 c:/arm/gcc-arm-none-eabi-6_2-2016q4-20161216-win32/bin/../lib/gcc/arm-none-eabi/6.2.1/thumb/v6-m/crtbegin.o
 .data          0x00000000        0x4 c:/arm/gcc-arm-none-eabi-6_2-2016q4-20161216-win32/bin/../lib/gcc/arm-none-eabi/6.2.1/thumb/v6-m/crtbegin.o
 .bss           0x00000000       0x1c c:/arm/gcc-arm-none-eabi-6_2-2016q4-20161216-win32/bin/../lib/gcc/arm-none-eabi/6.2.1/thumb/v6-m/crtbegin.o
 .init_array    0x00000000        0x4 c:/arm/gcc-arm-none-eabi-6_2-2016q4-20161216-win32/bin/../lib/gcc/arm-none-eabi/6.2.1/thumb/v6-m/crtbegin.o
 .fini_array    0x00000000        0x4 c:/arm/gcc-arm-none-eabi-6_2-2016q4-20161216-win32/bin/../lib/gcc/arm-none-eabi/6.2.1/thumb/v6-m/crtbegin.o
 .eh_frame      0x00000000        0x0 c:/arm/gcc-arm-none-eabi-6_2-2016q4-20161216-win32/bin/../lib/gcc/arm-none-eabi/6.2.1/thumb/v6-m/crtbegin.o
 .jcr           0x00000000        0x0 c:/arm/gcc-arm-none-eabi-6_2-2016q4-20161216-win32/bin/../lib/gcc/arm-none-eabi/6.2.1/thumb/v6-m/crtbegin.o
 .ARM.attributes
                0x00000000       0x2c c:/arm/gcc-arm-none-eabi-6_2-2016q4-20161216-win32/bin/../lib/gcc/arm-none-eabi/6.2.1/thumb/v6-m/crtbegin.o
 .text          0x00000000       0x78 c:/arm/gcc-arm-none-eabi-6_2-2016q4-20161216-win32/bin/../lib/gcc/arm-none-eabi/6.2.1/../../../../arm-none-eabi/lib/thumb/v6-m/crt0.o
 .data          0x00000000        0x0 c:/arm/gcc-arm-none-eabi-6_2-2016q4-20161216-win32/bin/../lib/gcc/arm-none-eabi/6.2.1/../../../../arm-none-eabi/lib/thumb/v6-m/crt0.o
 .bss           0x00000000        0x0 c:/arm/gcc-arm-none-eabi-6_2-2016q4-20161216-win32/bin/../lib/gcc/arm-none-eabi/6.2.1/../../../../arm-none-eabi/lib/thumb/v6-m/crt0.o
 .ARM.extab     0x00000000        0x0 c:/arm/gcc-arm-none-eabi-6_2-2016q4-20161216-win32/bin/../lib/gcc/arm-none-eabi/6.2.1/../../../../arm-none-eabi/lib/thumb/v6-m/crt0.o
 .ARM.exidx     0x00000000        0x8 c:/arm/gcc-arm-none-eabi-6_2-2016q4-20161216-win32/bin/../lib/gcc/arm-none-eabi/6.2.1/../../../../arm-none-eabi/lib/thumb/v6-m/crt0.o
 .ARM.attributes
                0x00000000       0x1b c:/arm/gcc-arm-none-eabi-6_2-2016q4-20161216-win32/bin/../lib/gcc/arm-none-eabi/6.2.1/../../../../arm-none-eabi/lib/thumb/v6-m/crt0.o
 .data          0x00000000        0x0 C:\Users\paul\AppData\Local\Temp\cc6pRmhD.o
 .bss           0x00000000        0x0 C:\Users\paul\AppData\Local\Temp\cc6pRmhD.o
 .text          0x00000000        0x0 source/bootload.o (symbol from plugin)
 .text          0x00000000        0x0 C:\Users\paul\AppData\Local\Temp\ccKkt1EM.ltrans0.ltrans.o
 .data          0x00000000        0x0 C:\Users\paul\AppData\Local\Temp\ccKkt1EM.ltrans0.ltrans.o
 .bss           0x00000000        0x0 C:\Users\paul\AppData\Local\Temp\ccKkt1EM.ltrans0.ltrans.o
 .rodata.oper_info
                0x00000000        0x4 C:\Users\paul\AppData\Local\Temp\ccKkt1EM.ltrans0.ltrans.o
 .text          0x00000000        0x0 C:\Users\paul\AppData\Local\Temp\ccKkt1EM.ltrans1.ltrans.o
 .data          0x00000000        0x0 C:\Users\paul\AppData\Local\Temp\ccKkt1EM.ltrans1.ltrans.o
 .bss           0x00000000        0x0 C:\Users\paul\AppData\Local\Temp\ccKkt1EM.ltrans1.ltrans.o
 .text          0x00000000        0x0 C:\Users\paul\AppData\Local\Temp\ccKkt1EM.ltrans2.ltrans.o
 .data          0x00000000        0x0 C:\Users\paul\AppData\Local\Temp\ccKkt1EM.ltrans2.ltrans.o
 .bss           0x00000000        0x0 C:\Users\paul\AppData\Local\Temp\ccKkt1EM.ltrans2.ltrans.o
 .text          0x00000000        0x0 C:\Users\paul\AppData\Local\Temp\ccKkt1EM.ltrans3.ltrans.o
 .data          0x00000000        0x0 C:\Users\paul\AppData\Local\Temp\ccKkt1EM.ltrans3.ltrans.o
 .bss           0x00000000        0x0 C:\Users\paul\AppData\Local\Temp\ccKkt1EM.ltrans3.ltrans.o
 .text          0x00000000        0x0 source/buffer.o (symbol from plugin)
 .text          0x00000000        0x0 source/ciccom.o (symbol from plugin)
 .text          0x00000000        0x0 source/dump.o (symbol from plugin)
 .text          0x00000000        0x0 source/flash.o (symbol from plugin)
 .text          0x00000000        0x0 source/gameboy.o (symbol from plugin)
 .text          0x00000000        0x0 source/gba.o (symbol from plugin)
 .text          0x00000000        0x0 source/io.o (symbol from plugin)
 .text          0x00000000        0x0 source/jtag.o (symbol from plugin)
 .text          0x00000000        0x0 source/main.o (symbol from plugin)
 .text          0x00000000        0x0 source/n64.o (symbol from plugin)
 .text          0x00000000        0x0 source/nes.o (symbol from plugin)
 .text          0x00000000        0x0 source/operation.o (symbol from plugin)
 .text          0x00000000        0x0 source/pinport.o (symbol from plugin)
 .text          0x00000000        0x0 source/sega.o (symbol from plugin)
 .text          0x00000000        0x0 source/snes.o (symbol from plugin)
 .text          0x00000000        0x0 source/swim.o (symbol from plugin)
 .text          0x00000000        0x0 source/usb.o (symbol from plugin)
 .text          0x00000000        0x0 source_stm_only/stm_init.o (symbol from plugin)
 .text          0x00000000        0x0 source_stm_only/usbstm.o (symbol from plugin)
 .data          0x00000000        0x0 C:\Users\paul\AppData\Local\Temp\ccSIjLzW.o
 .bss           0x00000000        0x0 C:\Users\paul\AppData\Local\Temp\ccSIjLzW.o
 .ARM.extab     0x00000000        0x0 C:\Users\paul\AppData\Local\Temp\ccSIjLzW.o
 .data          0x00000000        0x0 C:\Users\paul\AppData\Local\Temp\cc2herkl.o
 .bss           0x00000000        0x0 C:\Users\paul\AppData\Local\Temp\cc2herkl.o
 .ARM.extab     0x00000000        0x0 C:\Users\paul\AppData\Local\Temp\cc2herkl.o
 .data          0x00000000        0x0 c:/arm/gcc-arm-none-eabi-6_2-2016q4-20161216-win32/bin/../lib/gcc/arm-none-eabi/6.2.1/thumb/v6-m\libgcc.a(unwind-arm.o)
 .bss           0x00000000        0x0 c:/arm/gcc-arm-none-eabi-6_2-2016q4-20161216-win32/bin/../lib/gcc/arm-none-eabi/6.2.1/thumb/v6-m\libgcc.a(unwind-arm.o)
 .debug_frame   0x00000000      0x2c4 c:/arm/gcc-arm-none-eabi-6_2-2016q4-20161216-win32/bin/../lib/gcc/arm-none-eabi/6.2.1/thumb/v6-m\libgcc.a(unwind-arm.o)
 .ARM.attributes
                0x00000000       0x2c c:/arm/gcc-arm-none-eabi-6_2-2016q4-20161216-win32/bin/../lib/gcc/arm-none-eabi/6.2.1/thumb/v6-m\libgcc.a(unwind-arm.o)
 .data          0x00000000        0x0 c:/arm/gcc-arm-none-eabi-6_2-2016q4-20161216-win32/bin/../lib/gcc/arm-none-eabi/6.2.1/thumb/v6-m\libgcc.a(libunwind.o)
 .bss           0x00000000        0x0 c:/arm/gcc-arm-none-eabi-6_2-2016q4-20161216-win32/bin/../lib/gcc/arm-none-eabi/6.2.1/thumb/v6-m\libgcc.a(libunwind.o)
 .ARM.attributes
                0x00000000       0x1e c:/arm/gcc-arm-none-eabi-6_2-2016q4-20161216-win32/bin/../lib/gcc/arm-none-eabi/6.2.1/thumb/v6-m\libgcc.a(libunwind.o)
 .data          0x00000000        0x0 c:/arm/gcc-arm-none-eabi-6_2-2016q4-20161216-win32/bin/../lib/gcc/arm-none-eabi/6.2.1/thumb/v6-m\libgcc.a(pr-support.o)
 .bss           0x00000000        0x0 c:/arm/gcc-arm-none-eabi-6_2-2016q4-20161216-win32/bin/../lib/gcc/arm-none-eabi/6.2.1/thumb/v6-m\libgcc.a(pr-support.o)
 .debug_frame   0x00000000       0xf4 c:/arm/gcc-arm-none-eabi-6_2-2016q4-20161216-win32/bin/../lib/gcc/arm-none-eabi/6.2.1/thumb/v6-m\libgcc.a(pr-support.o)
 .ARM.attributes
                0x00000000       0x2c c:/arm/gcc-arm-none-eabi-6_2-2016q4-20161216-win32/bin/../lib/gcc/arm-none-eabi/6.2.1/thumb/v6-m\libgcc.a(pr-support.o)
 .text          0x00000000        0x0 c:/arm/gcc-arm-none-eabi-6_2-2016q4-20161216-win32/bin/../lib/gcc/arm-none-eabi/6.2.1/../../../../arm-none-eabi/lib/thumb/v6-m\libg.a(lib_a-abort.o)
 .data          0x00000000        0x0 c:/arm/gcc-arm-none-eabi-6_2-2016q4-20161216-win32/bin/../lib/gcc/arm-none-eabi/6.2.1/../../../../arm-none-eabi/lib/thumb/v6-m\libg.a(lib_a-abort.o)
 .bss           0x00000000        0x0 c:/arm/gcc-arm-none-eabi-6_2-2016q4-20161216-win32/bin/../lib/gcc/arm-none-eabi/6.2.1/../../../../arm-none-eabi/lib/thumb/v6-m\libg.a(lib_a-abort.o)
 .debug_frame   0x00000000       0x28 c:/arm/gcc-arm-none-eabi-6_2-2016q4-20161216-win32/bin/../lib/gcc/arm-none-eabi/6.2.1/../../../../arm-none-eabi/lib/thumb/v6-m\libg.a(lib_a-abort.o)
 .ARM.attributes
                0x00000000       0x2c c:/arm/gcc-arm-none-eabi-6_2-2016q4-20161216-win32/bin/../lib/gcc/arm-none-eabi/6.2.1/../../../../arm-none-eabi/lib/thumb/v6-m\libg.a(lib_a-abort.o)
 .text          0x00000000        0x0 c:/arm/gcc-arm-none-eabi-6_2-2016q4-20161216-win32/bin/../lib/gcc/arm-none-eabi/6.2.1/../../../../arm-none-eabi/lib/thumb/v6-m\libg.a(lib_a-exit.o)
 .data          0x00000000        0x0 c:/arm/gcc-arm-none-eabi-6_2-2016q4-20161216-win32/bin/../lib/gcc/arm-none-eabi/6.2.1/../../../../arm-none-eabi/lib/thumb/v6-m\libg.a(lib_a-exit.o)
 .bss           0x00000000        0x0 c:/arm/gcc-arm-none-eabi-6_2-2016q4-20161216-win32/bin/../lib/gcc/arm-none-eabi/6.2.1/../../../../arm-none-eabi/lib/thumb/v6-m\libg.a(lib_a-exit.o)
 .text.exit     0x00000000       0x20 c:/arm/gcc-arm-none-eabi-6_2-2016q4-20161216-win32/bin/../lib/gcc/arm-none-eabi/6.2.1/../../../../arm-none-eabi/lib/thumb/v6-m\libg.a(lib_a-exit.o)
 .debug_frame   0x00000000       0x28 c:/arm/gcc-arm-none-eabi-6_2-2016q4-20161216-win32/bin/../lib/gcc/arm-none-eabi/6.2.1/../../../../arm-none-eabi/lib/thumb/v6-m\libg.a(lib_a-exit.o)
 .ARM.attributes
                0x00000000       0x2c c:/arm/gcc-arm-none-eabi-6_2-2016q4-20161216-win32/bin/../lib/gcc/arm-none-eabi/6.2.1/../../../../arm-none-eabi/lib/thumb/v6-m\libg.a(lib_a-exit.o)
 .text          0x00000000        0x0 c:/arm/gcc-arm-none-eabi-6_2-2016q4-20161216-win32/bin/../lib/gcc/arm-none-eabi/6.2.1/../../../../arm-none-eabi/lib/thumb/v6-m\libg.a(lib_a-impure.o)
 .data          0x00000000        0x0 c:/arm/gcc-arm-none-eabi-6_2-2016q4-20161216-win32/bin/../lib/gcc/arm-none-eabi/6.2.1/../../../../arm-none-eabi/lib/thumb/v6-m\libg.a(lib_a-impure.o)
 .bss           0x00000000        0x0 c:/arm/gcc-arm-none-eabi-6_2-2016q4-20161216-win32/bin/../lib/gcc/arm-none-eabi/6.2.1/../../../../arm-none-eabi/lib/thumb/v6-m\libg.a(lib_a-impure.o)
 .rodata._global_impure_ptr
                0x00000000        0x4 c:/arm/gcc-arm-none-eabi-6_2-2016q4-20161216-win32/bin/../lib/gcc/arm-none-eabi/6.2.1/../../../../arm-none-eabi/lib/thumb/v6-m\libg.a(lib_a-impure.o)
 .ARM.attributes
                0x00000000       0x2c c:/arm/gcc-arm-none-eabi-6_2-2016q4-20161216-win32/bin/../lib/gcc/arm-none-eabi/6.2.1/../../../../arm-none-eabi/lib/thumb/v6-m\libg.a(lib_a-impure.o)
 .text          0x00000000        0x0 c:/arm/gcc-arm-none-eabi-6_2-2016q4-20161216-win32/bin/../lib/gcc/arm-none-eabi/6.2.1/../../../../arm-none-eabi/lib/thumb/v6-m\libg.a(lib_a-init.o)
 .data          0x00000000        0x0 c:/arm/gcc-arm-none-eabi-6_2-2016q4-20161216-win32/bin/../lib/gcc/arm-none-eabi/6.2.1/../../../../arm-none-eabi/lib/thumb/v6-m\libg.a(lib_a-init.o)
 .bss           0x00000000        0x0 c:/arm/gcc-arm-none-eabi-6_2-2016q4-20161216-win32/bin/../lib/gcc/arm-none-eabi/6.2.1/../../../../arm-none-eabi/lib/thumb/v6-m\libg.a(lib_a-init.o)
 .text.__libc_init_array
                0x00000000       0x48 c:/arm/gcc-arm-none-eabi-6_2-2016q4-20161216-win32/bin/../lib/gcc/arm-none-eabi/6.2.1/../../../../arm-none-eabi/lib/thumb/v6-m\libg.a(lib_a-init.o)
 .debug_frame   0x00000000       0x2c c:/arm/gcc-arm-none-eabi-6_2-2016q4-20161216-win32/bin/../lib/gcc/arm-none-eabi/6.2.1/../../../../arm-none-eabi/lib/thumb/v6-m\libg.a(lib_a-init.o)
 .ARM.attributes
                0x00000000       0x2c c:/arm/gcc-arm-none-eabi-6_2-2016q4-20161216-win32/bin/../lib/gcc/arm-none-eabi/6.2.1/../../../../arm-none-eabi/lib/thumb/v6-m\libg.a(lib_a-init.o)
 .text          0x00000000        0x0 c:/arm/gcc-arm-none-eabi-6_2-2016q4-20161216-win32/bin/../lib/gcc/arm-none-eabi/6.2.1/../../../../arm-none-eabi/lib/thumb/v6-m\libg.a(lib_a-memcpy-stub.o)
 .data          0x00000000        0x0 c:/arm/gcc-arm-none-eabi-6_2-2016q4-20161216-win32/bin/../lib/gcc/arm-none-eabi/6.2.1/../../../../arm-none-eabi/lib/thumb/v6-m\libg.a(lib_a-memcpy-stub.o)
 .bss           0x00000000        0x0 c:/arm/gcc-arm-none-eabi-6_2-2016q4-20161216-win32/bin/../lib/gcc/arm-none-eabi/6.2.1/../../../../arm-none-eabi/lib/thumb/v6-m\libg.a(lib_a-memcpy-stub.o)
 .debug_frame   0x00000000       0x30 c:/arm/gcc-arm-none-eabi-6_2-2016q4-20161216-win32/bin/../lib/gcc/arm-none-eabi/6.2.1/../../../../arm-none-eabi/lib/thumb/v6-m\libg.a(lib_a-memcpy-stub.o)
 .ARM.attributes
                0x00000000       0x2c c:/arm/gcc-arm-none-eabi-6_2-2016q4-20161216-win32/bin/../lib/gcc/arm-none-eabi/6.2.1/../../../../arm-none-eabi/lib/thumb/v6-m\libg.a(lib_a-memcpy-stub.o)
 .text          0x00000000        0x0 c:/arm/gcc-arm-none-eabi-6_2-2016q4-20161216-win32/bin/../lib/gcc/arm-none-eabi/6.2.1/../../../../arm-none-eabi/lib/thumb/v6-m\libg.a(lib_a-memset.o)
 .data          0x00000000        0x0 c:/arm/gcc-arm-none-eabi-6_2-2016q4-20161216-win32/bin/../lib/gcc/arm-none-eabi/6.2.1/../../../../arm-none-eabi/lib/thumb/v6-m\libg.a(lib_a-memset.o)
 .bss           0x00000000        0x0 c:/arm/gcc-arm-none-eabi-6_2-2016q4-20161216-win32/bin/../lib/gcc/arm-none-eabi/6.2.1/../../../../arm-none-eabi/lib/thumb/v6-m\libg.a(lib_a-memset.o)
 .text.memset   0x00000000       0x94 c:/arm/gcc-arm-none-eabi-6_2-2016q4-20161216-win32/bin/../lib/gcc/arm-none-eabi/6.2.1/../../../../arm-none-eabi/lib/thumb/v6-m\libg.a(lib_a-memset.o)
 .debug_frame   0x00000000       0x30 c:/arm/gcc-arm-none-eabi-6_2-2016q4-20161216-win32/bin/../lib/gcc/arm-none-eabi/6.2.1/../../../../arm-none-eabi/lib/thumb/v6-m\libg.a(lib_a-memset.o)
 .ARM.attributes
                0x00000000       0x2c c:/arm/gcc-arm-none-eabi-6_2-2016q4-20161216-win32/bin/../lib/gcc/arm-none-eabi/6.2.1/../../../../arm-none-eabi/lib/thumb/v6-m\libg.a(lib_a-memset.o)
 .text          0x00000000        0x0 c:/arm/gcc-arm-none-eabi-6_2-2016q4-20161216-win32/bin/../lib/gcc/arm-none-eabi/6.2.1/../../../../arm-none-eabi/lib/thumb/v6-m\libg.a(lib_a-signal.o)
 .data          0x00000000        0x0 c:/arm/gcc-arm-none-eabi-6_2-2016q4-20161216-win32/bin/../lib/gcc/arm-none-eabi/6.2.1/../../../../arm-none-eabi/lib/thumb/v6-m\libg.a(lib_a-signal.o)
 .bss           0x00000000        0x0 c:/arm/gcc-arm-none-eabi-6_2-2016q4-20161216-win32/bin/../lib/gcc/arm-none-eabi/6.2.1/../../../../arm-none-eabi/lib/thumb/v6-m\libg.a(lib_a-signal.o)
 .text._init_signal_r.part.0
                0x00000000       0x2c c:/arm/gcc-arm-none-eabi-6_2-2016q4-20161216-win32/bin/../lib/gcc/arm-none-eabi/6.2.1/../../../../arm-none-eabi/lib/thumb/v6-m\libg.a(lib_a-signal.o)
 .text._init_signal_r
                0x00000000       0x1c c:/arm/gcc-arm-none-eabi-6_2-2016q4-20161216-win32/bin/../lib/gcc/arm-none-eabi/6.2.1/../../../../arm-none-eabi/lib/thumb/v6-m\libg.a(lib_a-signal.o)
 .text._signal_r
                0x00000000       0x3c c:/arm/gcc-arm-none-eabi-6_2-2016q4-20161216-win32/bin/../lib/gcc/arm-none-eabi/6.2.1/../../../../arm-none-eabi/lib/thumb/v6-m\libg.a(lib_a-signal.o)
 .text.__sigtramp_r
                0x00000000       0x50 c:/arm/gcc-arm-none-eabi-6_2-2016q4-20161216-win32/bin/../lib/gcc/arm-none-eabi/6.2.1/../../../../arm-none-eabi/lib/thumb/v6-m\libg.a(lib_a-signal.o)
 .text.signal   0x00000000       0x18 c:/arm/gcc-arm-none-eabi-6_2-2016q4-20161216-win32/bin/../lib/gcc/arm-none-eabi/6.2.1/../../../../arm-none-eabi/lib/thumb/v6-m\libg.a(lib_a-signal.o)
 .text._init_signal
                0x00000000       0x20 c:/arm/gcc-arm-none-eabi-6_2-2016q4-20161216-win32/bin/../lib/gcc/arm-none-eabi/6.2.1/../../../../arm-none-eabi/lib/thumb/v6-m\libg.a(lib_a-signal.o)
 .text.__sigtramp
                0x00000000       0x14 c:/arm/gcc-arm-none-eabi-6_2-2016q4-20161216-win32/bin/../lib/gcc/arm-none-eabi/6.2.1/../../../../arm-none-eabi/lib/thumb/v6-m\libg.a(lib_a-signal.o)
 .debug_frame   0x00000000       0xf8 c:/arm/gcc-arm-none-eabi-6_2-2016q4-20161216-win32/bin/../lib/gcc/arm-none-eabi/6.2.1/../../../../arm-none-eabi/lib/thumb/v6-m\libg.a(lib_a-signal.o)
 .ARM.attributes
                0x00000000       0x2c c:/arm/gcc-arm-none-eabi-6_2-2016q4-20161216-win32/bin/../lib/gcc/arm-none-eabi/6.2.1/../../../../arm-none-eabi/lib/thumb/v6-m\libg.a(lib_a-signal.o)
 .text          0x00000000        0x0 c:/arm/gcc-arm-none-eabi-6_2-2016q4-20161216-win32/bin/../lib/gcc/arm-none-eabi/6.2.1/../../../../arm-none-eabi/lib/thumb/v6-m\libg.a(lib_a-signalr.o)
 .data          0x00000000        0x0 c:/arm/gcc-arm-none-eabi-6_2-2016q4-20161216-win32/bin/../lib/gcc/arm-none-eabi/6.2.1/../../../../arm-none-eabi/lib/thumb/v6-m\libg.a(lib_a-signalr.o)
 .bss           0x00000000        0x0 c:/arm/gcc-arm-none-eabi-6_2-2016q4-20161216-win32/bin/../lib/gcc/arm-none-eabi/6.2.1/../../../../arm-none-eabi/lib/thumb/v6-m\libg.a(lib_a-signalr.o)
 .debug_frame   0x00000000       0x44 c:/arm/gcc-arm-none-eabi-6_2-2016q4-20161216-win32/bin/../lib/gcc/arm-none-eabi/6.2.1/../../../../arm-none-eabi/lib/thumb/v6-m\libg.a(lib_a-signalr.o)
 .ARM.attributes
                0x00000000       0x2c c:/arm/gcc-arm-none-eabi-6_2-2016q4-20161216-win32/bin/../lib/gcc/arm-none-eabi/6.2.1/../../../../arm-none-eabi/lib/thumb/v6-m\libg.a(lib_a-signalr.o)
 .text          0x00000000        0x0 c:/arm/gcc-arm-none-eabi-6_2-2016q4-20161216-win32/bin/../lib/gcc/arm-none-eabi/6.2.1/../../../../arm-none-eabi/lib/thumb/v6-m\libg.a(lib_a-__call_atexit.o)
 .data          0x00000000        0x0 c:/arm/gcc-arm-none-eabi-6_2-2016q4-20161216-win32/bin/../lib/gcc/arm-none-eabi/6.2.1/../../../../arm-none-eabi/lib/thumb/v6-m\libg.a(lib_a-__call_atexit.o)
 .bss           0x00000000        0x0 c:/arm/gcc-arm-none-eabi-6_2-2016q4-20161216-win32/bin/../lib/gcc/arm-none-eabi/6.2.1/../../../../arm-none-eabi/lib/thumb/v6-m\libg.a(lib_a-__call_atexit.o)
 .text.startup.register_fini
                0x00000000       0x18 c:/arm/gcc-arm-none-eabi-6_2-2016q4-20161216-win32/bin/../lib/gcc/arm-none-eabi/6.2.1/../../../../arm-none-eabi/lib/thumb/v6-m\libg.a(lib_a-__call_atexit.o)
 .init_array.00000
                0x00000000        0x4 c:/arm/gcc-arm-none-eabi-6_2-2016q4-20161216-win32/bin/../lib/gcc/arm-none-eabi/6.2.1/../../../../arm-none-eabi/lib/thumb/v6-m\libg.a(lib_a-__call_atexit.o)
 .text.__call_exitprocs
                0x00000000       0xf8 c:/arm/gcc-arm-none-eabi-6_2-2016q4-20161216-win32/bin/../lib/gcc/arm-none-eabi/6.2.1/../../../../arm-none-eabi/lib/thumb/v6-m\libg.a(lib_a-__call_atexit.o)
 .debug_frame   0x00000000       0x54 c:/arm/gcc-arm-none-eabi-6_2-2016q4-20161216-win32/bin/../lib/gcc/arm-none-eabi/6.2.1/../../../../arm-none-eabi/lib/thumb/v6-m\libg.a(lib_a-__call_atexit.o)
 .ARM.attributes
                0x00000000       0x2c c:/arm/gcc-arm-none-eabi-6_2-2016q4-20161216-win32/bin/../lib/gcc/arm-none-eabi/6.2.1/../../../../arm-none-eabi/lib/thumb/v6-m\libg.a(lib_a-__call_atexit.o)
 .text          0x00000000        0x0 c:/arm/gcc-arm-none-eabi-6_2-2016q4-20161216-win32/bin/../lib/gcc/arm-none-eabi/6.2.1/../../../../arm-none-eabi/lib/thumb/v6-m\libg.a(lib_a-atexit.o)
 .data          0x00000000        0x0 c:/arm/gcc-arm-none-eabi-6_2-2016q4-20161216-win32/bin/../lib/gcc/arm-none-eabi/6.2.1/../../../../arm-none-eabi/lib/thumb/v6-m\libg.a(lib_a-atexit.o)
 .bss           0x00000000        0x0 c:/arm/gcc-arm-none-eabi-6_2-2016q4-20161216-win32/bin/../lib/gcc/arm-none-eabi/6.2.1/../../../../arm-none-eabi/lib/thumb/v6-m\libg.a(lib_a-atexit.o)
 .text.atexit   0x00000000       0x10 c:/arm/gcc-arm-none-eabi-6_2-2016q4-20161216-win32/bin/../lib/gcc/arm-none-eabi/6.2.1/../../../../arm-none-eabi/lib/thumb/v6-m\libg.a(lib_a-atexit.o)
 .debug_frame   0x00000000       0x28 c:/arm/gcc-arm-none-eabi-6_2-2016q4-20161216-win32/bin/../lib/gcc/arm-none-eabi/6.2.1/../../../../arm-none-eabi/lib/thumb/v6-m\libg.a(lib_a-atexit.o)
 .ARM.attributes
                0x00000000       0x2c c:/arm/gcc-arm-none-eabi-6_2-2016q4-20161216-win32/bin/../lib/gcc/arm-none-eabi/6.2.1/../../../../arm-none-eabi/lib/thumb/v6-m\libg.a(lib_a-atexit.o)
 .text          0x00000000        0x0 c:/arm/gcc-arm-none-eabi-6_2-2016q4-20161216-win32/bin/../lib/gcc/arm-none-eabi/6.2.1/../../../../arm-none-eabi/lib/thumb/v6-m\libg.a(lib_a-fini.o)
 .data          0x00000000        0x0 c:/arm/gcc-arm-none-eabi-6_2-2016q4-20161216-win32/bin/../lib/gcc/arm-none-eabi/6.2.1/../../../../arm-none-eabi/lib/thumb/v6-m\libg.a(lib_a-fini.o)
 .bss           0x00000000        0x0 c:/arm/gcc-arm-none-eabi-6_2-2016q4-20161216-win32/bin/../lib/gcc/arm-none-eabi/6.2.1/../../../../arm-none-eabi/lib/thumb/v6-m\libg.a(lib_a-fini.o)
 .text.__libc_fini_array
                0x00000000       0x34 c:/arm/gcc-arm-none-eabi-6_2-2016q4-20161216-win32/bin/../lib/gcc/arm-none-eabi/6.2.1/../../../../arm-none-eabi/lib/thumb/v6-m\libg.a(lib_a-fini.o)
 .debug_frame   0x00000000       0x2c c:/arm/gcc-arm-none-eabi-6_2-2016q4-20161216-win32/bin/../lib/gcc/arm-none-eabi/6.2.1/../../../../arm-none-eabi/lib/thumb/v6-m\libg.a(lib_a-fini.o)
 .ARM.attributes
                0x00000000       0x2c c:/arm/gcc-arm-none-eabi-6_2-2016q4-20161216-win32/bin/../lib/gcc/arm-none-eabi/6.2.1/../../../../arm-none-eabi/lib/thumb/v6-m\libg.a(lib_a-fini.o)
 .text          0x00000000        0x0 c:/arm/gcc-arm-none-eabi-6_2-2016q4-20161216-win32/bin/../lib/gcc/arm-none-eabi/6.2.1/../../../../arm-none-eabi/lib/thumb/v6-m\libg.a(lib_a-mallocr.o)
 .data          0x00000000        0x0 c:/arm/gcc-arm-none-eabi-6_2-2016q4-20161216-win32/bin/../lib/gcc/arm-none-eabi/6.2.1/../../../../arm-none-eabi/lib/thumb/v6-m\libg.a(lib_a-mallocr.o)
 .bss           0x00000000        0x0 c:/arm/gcc-arm-none-eabi-6_2-2016q4-20161216-win32/bin/../lib/gcc/arm-none-eabi/6.2.1/../../../../arm-none-eabi/lib/thumb/v6-m\libg.a(lib_a-mallocr.o)
 .text._malloc_r
                0x00000000      0x568 c:/arm/gcc-arm-none-eabi-6_2-2016q4-20161216-win32/bin/../lib/gcc/arm-none-eabi/6.2.1/../../../../arm-none-eabi/lib/thumb/v6-m\libg.a(lib_a-mallocr.o)
 .bss.__malloc_current_mallinfo
                0x00000000       0x28 c:/arm/gcc-arm-none-eabi-6_2-2016q4-20161216-win32/bin/../lib/gcc/arm-none-eabi/6.2.1/../../../../arm-none-eabi/lib/thumb/v6-m\libg.a(lib_a-mallocr.o)
 .bss.__malloc_max_sbrked_mem
                0x00000000        0x4 c:/arm/gcc-arm-none-eabi-6_2-2016q4-20161216-win32/bin/../lib/gcc/arm-none-eabi/6.2.1/../../../../arm-none-eabi/lib/thumb/v6-m\libg.a(lib_a-mallocr.o)
 .bss.__malloc_max_total_mem
                0x00000000        0x4 c:/arm/gcc-arm-none-eabi-6_2-2016q4-20161216-win32/bin/../lib/gcc/arm-none-eabi/6.2.1/../../../../arm-none-eabi/lib/thumb/v6-m\libg.a(lib_a-mallocr.o)
 .bss.__malloc_top_pad
                0x00000000        0x4 c:/arm/gcc-arm-none-eabi-6_2-2016q4-20161216-win32/bin/../lib/gcc/arm-none-eabi/6.2.1/../../../../arm-none-eabi/lib/thumb/v6-m\libg.a(lib_a-mallocr.o)
 .data.__malloc_av_
                0x00000000      0x408 c:/arm/gcc-arm-none-eabi-6_2-2016q4-20161216-win32/bin/../lib/gcc/arm-none-eabi/6.2.1/../../../../arm-none-eabi/lib/thumb/v6-m\libg.a(lib_a-mallocr.o)
 .data.__malloc_sbrk_base
                0x00000000        0x4 c:/arm/gcc-arm-none-eabi-6_2-2016q4-20161216-win32/bin/../lib/gcc/arm-none-eabi/6.2.1/../../../../arm-none-eabi/lib/thumb/v6-m\libg.a(lib_a-mallocr.o)
 .data.__malloc_trim_threshold
                0x00000000        0x4 c:/arm/gcc-arm-none-eabi-6_2-2016q4-20161216-win32/bin/../lib/gcc/arm-none-eabi/6.2.1/../../../../arm-none-eabi/lib/thumb/v6-m\libg.a(lib_a-mallocr.o)
 .debug_frame   0x00000000       0x3c c:/arm/gcc-arm-none-eabi-6_2-2016q4-20161216-win32/bin/../lib/gcc/arm-none-eabi/6.2.1/../../../../arm-none-eabi/lib/thumb/v6-m\libg.a(lib_a-mallocr.o)
 .ARM.attributes
                0x00000000       0x2c c:/arm/gcc-arm-none-eabi-6_2-2016q4-20161216-win32/bin/../lib/gcc/arm-none-eabi/6.2.1/../../../../arm-none-eabi/lib/thumb/v6-m\libg.a(lib_a-mallocr.o)
 .text          0x00000000        0x0 c:/arm/gcc-arm-none-eabi-6_2-2016q4-20161216-win32/bin/../lib/gcc/arm-none-eabi/6.2.1/../../../../arm-none-eabi/lib/thumb/v6-m\libg.a(lib_a-mlock.o)
 .data          0x00000000        0x0 c:/arm/gcc-arm-none-eabi-6_2-2016q4-20161216-win32/bin/../lib/gcc/arm-none-eabi/6.2.1/../../../../arm-none-eabi/lib/thumb/v6-m\libg.a(lib_a-mlock.o)
 .bss           0x00000000        0x0 c:/arm/gcc-arm-none-eabi-6_2-2016q4-20161216-win32/bin/../lib/gcc/arm-none-eabi/6.2.1/../../../../arm-none-eabi/lib/thumb/v6-m\libg.a(lib_a-mlock.o)
 .text.__malloc_lock
                0x00000000        0x4 c:/arm/gcc-arm-none-eabi-6_2-2016q4-20161216-win32/bin/../lib/gcc/arm-none-eabi/6.2.1/../../../../arm-none-eabi/lib/thumb/v6-m\libg.a(lib_a-mlock.o)
 .text.__malloc_unlock
                0x00000000        0x4 c:/arm/gcc-arm-none-eabi-6_2-2016q4-20161216-win32/bin/../lib/gcc/arm-none-eabi/6.2.1/../../../../arm-none-eabi/lib/thumb/v6-m\libg.a(lib_a-mlock.o)
 .debug_frame   0x00000000       0x30 c:/arm/gcc-arm-none-eabi-6_2-2016q4-20161216-win32/bin/../lib/gcc/arm-none-eabi/6.2.1/../../../../arm-none-eabi/lib/thumb/v6-m\libg.a(lib_a-mlock.o)
 .ARM.attributes
                0x00000000       0x2c c:/arm/gcc-arm-none-eabi-6_2-2016q4-20161216-win32/bin/../lib/gcc/arm-none-eabi/6.2.1/../../../../arm-none-eabi/lib/thumb/v6-m\libg.a(lib_a-mlock.o)
 .text          0x00000000        0x0 c:/arm/gcc-arm-none-eabi-6_2-2016q4-20161216-win32/bin/../lib/gcc/arm-none-eabi/6.2.1/../../../../arm-none-eabi/lib/thumb/v6-m\libg.a(lib_a-reent.o)
 .data          0x00000000        0x0 c:/arm/gcc-arm-none-eabi-6_2-2016q4-20161216-win32/bin/../lib/gcc/arm-none-eabi/6.2.1/../../../../arm-none-eabi/lib/thumb/v6-m\libg.a(lib_a-reent.o)
 .bss           0x00000000        0x0 c:/arm/gcc-arm-none-eabi-6_2-2016q4-20161216-win32/bin/../lib/gcc/arm-none-eabi/6.2.1/../../../../arm-none-eabi/lib/thumb/v6-m\libg.a(lib_a-reent.o)
 .text.cleanup_glue
                0x00000000       0x1c c:/arm/gcc-arm-none-eabi-6_2-2016q4-20161216-win32/bin/../lib/gcc/arm-none-eabi/6.2.1/../../../../arm-none-eabi/lib/thumb/v6-m\libg.a(lib_a-reent.o)
 .text._reclaim_reent
                0x00000000       0x94 c:/arm/gcc-arm-none-eabi-6_2-2016q4-20161216-win32/bin/../lib/gcc/arm-none-eabi/6.2.1/../../../../arm-none-eabi/lib/thumb/v6-m\libg.a(lib_a-reent.o)
 .debug_frame   0x00000000       0x48 c:/arm/gcc-arm-none-eabi-6_2-2016q4-20161216-win32/bin/../lib/gcc/arm-none-eabi/6.2.1/../../../../arm-none-eabi/lib/thumb/v6-m\libg.a(lib_a-reent.o)
 .ARM.attributes
                0x00000000       0x2c c:/arm/gcc-arm-none-eabi-6_2-2016q4-20161216-win32/bin/../lib/gcc/arm-none-eabi/6.2.1/../../../../arm-none-eabi/lib/thumb/v6-m\libg.a(lib_a-reent.o)
 .text          0x00000000        0x0 c:/arm/gcc-arm-none-eabi-6_2-2016q4-20161216-win32/bin/../lib/gcc/arm-none-eabi/6.2.1/../../../../arm-none-eabi/lib/thumb/v6-m\libg.a(lib_a-sbrkr.o)
 .data          0x00000000        0x0 c:/arm/gcc-arm-none-eabi-6_2-2016q4-20161216-win32/bin/../lib/gcc/arm-none-eabi/6.2.1/../../../../arm-none-eabi/lib/thumb/v6-m\libg.a(lib_a-sbrkr.o)
 .bss           0x00000000        0x0 c:/arm/gcc-arm-none-eabi-6_2-2016q4-20161216-win32/bin/../lib/gcc/arm-none-eabi/6.2.1/../../../../arm-none-eabi/lib/thumb/v6-m\libg.a(lib_a-sbrkr.o)
 .text._sbrk_r  0x00000000       0x24 c:/arm/gcc-arm-none-eabi-6_2-2016q4-20161216-win32/bin/../lib/gcc/arm-none-eabi/6.2.1/../../../../arm-none-eabi/lib/thumb/v6-m\libg.a(lib_a-sbrkr.o)
 .debug_frame   0x00000000       0x2c c:/arm/gcc-arm-none-eabi-6_2-2016q4-20161216-win32/bin/../lib/gcc/arm-none-eabi/6.2.1/../../../../arm-none-eabi/lib/thumb/v6-m\libg.a(lib_a-sbrkr.o)
 .ARM.attributes
                0x00000000       0x2c c:/arm/gcc-arm-none-eabi-6_2-2016q4-20161216-win32/bin/../lib/gcc/arm-none-eabi/6.2.1/../../../../arm-none-eabi/lib/thumb/v6-m\libg.a(lib_a-sbrkr.o)
 .text          0x00000000        0x0 c:/arm/gcc-arm-none-eabi-6_2-2016q4-20161216-win32/bin/../lib/gcc/arm-none-eabi/6.2.1/../../../../arm-none-eabi/lib/thumb/v6-m\libg.a(lib_a-__atexit.o)
 .data          0x00000000        0x0 c:/arm/gcc-arm-none-eabi-6_2-2016q4-20161216-win32/bin/../lib/gcc/arm-none-eabi/6.2.1/../../../../arm-none-eabi/lib/thumb/v6-m\libg.a(lib_a-__atexit.o)
 .bss           0x00000000        0x0 c:/arm/gcc-arm-none-eabi-6_2-2016q4-20161216-win32/bin/../lib/gcc/arm-none-eabi/6.2.1/../../../../arm-none-eabi/lib/thumb/v6-m\libg.a(lib_a-__atexit.o)
 .text.__register_exitproc
                0x00000000       0xd4 c:/arm/gcc-arm-none-eabi-6_2-2016q4-20161216-win32/bin/../lib/gcc/arm-none-eabi/6.2.1/../../../../arm-none-eabi/lib/thumb/v6-m\libg.a(lib_a-__atexit.o)
 .debug_frame   0x00000000       0x3c c:/arm/gcc-arm-none-eabi-6_2-2016q4-20161216-win32/bin/../lib/gcc/arm-none-eabi/6.2.1/../../../../arm-none-eabi/lib/thumb/v6-m\libg.a(lib_a-__atexit.o)
 .ARM.attributes
                0x00000000       0x2c c:/arm/gcc-arm-none-eabi-6_2-2016q4-20161216-win32/bin/../lib/gcc/arm-none-eabi/6.2.1/../../../../arm-none-eabi/lib/thumb/v6-m\libg.a(lib_a-__atexit.o)
 .text          0x00000000        0x0 c:/arm/gcc-arm-none-eabi-6_2-2016q4-20161216-win32/bin/../lib/gcc/arm-none-eabi/6.2.1/../../../../arm-none-eabi/lib/thumb/v6-m\libg.a(lib_a-freer.o)
 .data          0x00000000        0x0 c:/arm/gcc-arm-none-eabi-6_2-2016q4-20161216-win32/bin/../lib/gcc/arm-none-eabi/6.2.1/../../../../arm-none-eabi/lib/thumb/v6-m\libg.a(lib_a-freer.o)
 .bss           0x00000000        0x0 c:/arm/gcc-arm-none-eabi-6_2-2016q4-20161216-win32/bin/../lib/gcc/arm-none-eabi/6.2.1/../../../../arm-none-eabi/lib/thumb/v6-m\libg.a(lib_a-freer.o)
 .text._malloc_trim_r
                0x00000000       0xa0 c:/arm/gcc-arm-none-eabi-6_2-2016q4-20161216-win32/bin/../lib/gcc/arm-none-eabi/6.2.1/../../../../arm-none-eabi/lib/thumb/v6-m\libg.a(lib_a-freer.o)
 .text._free_r  0x00000000      0x1bc c:/arm/gcc-arm-none-eabi-6_2-2016q4-20161216-win32/bin/../lib/gcc/arm-none-eabi/6.2.1/../../../../arm-none-eabi/lib/thumb/v6-m\libg.a(lib_a-freer.o)
 .debug_frame   0x00000000       0x50 c:/arm/gcc-arm-none-eabi-6_2-2016q4-20161216-win32/bin/../lib/gcc/arm-none-eabi/6.2.1/../../../../arm-none-eabi/lib/thumb/v6-m\libg.a(lib_a-freer.o)
 .ARM.attributes
                0x00000000       0x2c c:/arm/gcc-arm-none-eabi-6_2-2016q4-20161216-win32/bin/../lib/gcc/arm-none-eabi/6.2.1/../../../../arm-none-eabi/lib/thumb/v6-m\libg.a(lib_a-freer.o)
 .text          0x00000000        0x0 c:/arm/gcc-arm-none-eabi-6_2-2016q4-20161216-win32/bin/../lib/gcc/arm-none-eabi/6.2.1/../../../../arm-none-eabi/lib/thumb/v6-m\libnosys.a(getpid.o)
 .data          0x00000000        0x0 c:/arm/gcc-arm-none-eabi-6_2-2016q4-20161216-win32/bin/../lib/gcc/arm-none-eabi/6.2.1/../../../../arm-none-eabi/lib/thumb/v6-m\libnosys.a(getpid.o)
 .bss           0x00000000        0x0 c:/arm/gcc-arm-none-eabi-6_2-2016q4-20161216-win32/bin/../lib/gcc/arm-none-eabi/6.2.1/../../../../arm-none-eabi/lib/thumb/v6-m\libnosys.a(getpid.o)
 .stab          0x00000000       0x24 c:/arm/gcc-arm-none-eabi-6_2-2016q4-20161216-win32/bin/../lib/gcc/arm-none-eabi/6.2.1/../../../../arm-none-eabi/lib/thumb/v6-m\libnosys.a(getpid.o)
 .debug_frame   0x00000000       0x20 c:/arm/gcc-arm-none-eabi-6_2-2016q4-20161216-win32/bin/../lib/gcc/arm-none-eabi/6.2.1/../../../../arm-none-eabi/lib/thumb/v6-m\libnosys.a(getpid.o)
 .ARM.attributes
                0x00000000       0x2c c:/arm/gcc-arm-none-eabi-6_2-2016q4-20161216-win32/bin/../lib/gcc/arm-none-eabi/6.2.1/../../../../arm-none-eabi/lib/thumb/v6-m\libnosys.a(getpid.o)
 .text          0x00000000        0x0 c:/arm/gcc-arm-none-eabi-6_2-2016q4-20161216-win32/bin/../lib/gcc/arm-none-eabi/6.2.1/../../../../arm-none-eabi/lib/thumb/v6-m\libnosys.a(kill.o)
 .data          0x00000000        0x0 c:/arm/gcc-arm-none-eabi-6_2-2016q4-20161216-win32/bin/../lib/gcc/arm-none-eabi/6.2.1/../../../../arm-none-eabi/lib/thumb/v6-m\libnosys.a(kill.o)
 .bss           0x00000000        0x0 c:/arm/gcc-arm-none-eabi-6_2-2016q4-20161216-win32/bin/../lib/gcc/arm-none-eabi/6.2.1/../../../../arm-none-eabi/lib/thumb/v6-m\libnosys.a(kill.o)
 .stab          0x00000000       0x18 c:/arm/gcc-arm-none-eabi-6_2-2016q4-20161216-win32/bin/../lib/gcc/arm-none-eabi/6.2.1/../../../../arm-none-eabi/lib/thumb/v6-m\libnosys.a(kill.o)
                                 0x24 (size before relaxing)
 .debug_frame   0x00000000       0x20 c:/arm/gcc-arm-none-eabi-6_2-2016q4-20161216-win32/bin/../lib/gcc/arm-none-eabi/6.2.1/../../../../arm-none-eabi/lib/thumb/v6-m\libnosys.a(kill.o)
 .ARM.attributes
                0x00000000       0x2c c:/arm/gcc-arm-none-eabi-6_2-2016q4-20161216-win32/bin/../lib/gcc/arm-none-eabi/6.2.1/../../../../arm-none-eabi/lib/thumb/v6-m\libnosys.a(kill.o)
 .text          0x00000000        0x0 c:/arm/gcc-arm-none-eabi-6_2-2016q4-20161216-win32/bin/../lib/gcc/arm-none-eabi/6.2.1/../../../../arm-none-eabi/lib/thumb/v6-m\libnosys.a(sbrk.o)
 .data          0x00000000        0x0 c:/arm/gcc-arm-none-eabi-6_2-2016q4-20161216-win32/bin/../lib/gcc/arm-none-eabi/6.2.1/../../../../arm-none-eabi/lib/thumb/v6-m\libnosys.a(sbrk.o)
 .bss           0x00000000        0x0 c:/arm/gcc-arm-none-eabi-6_2-2016q4-20161216-win32/bin/../lib/gcc/arm-none-eabi/6.2.1/../../../../arm-none-eabi/lib/thumb/v6-m\libnosys.a(sbrk.o)
 .text._sbrk    0x00000000       0x1c c:/arm/gcc-arm-none-eabi-6_2-2016q4-20161216-win32/bin/../lib/gcc/arm-none-eabi/6.2.1/../../../../arm-none-eabi/lib/thumb/v6-m\libnosys.a(sbrk.o)
 .bss.heap_end.4116
                0x00000000        0x4 c:/arm/gcc-arm-none-eabi-6_2-2016q4-20161216-win32/bin/../lib/gcc/arm-none-eabi/6.2.1/../../../../arm-none-eabi/lib/thumb/v6-m\libnosys.a(sbrk.o)
 .debug_frame   0x00000000       0x20 c:/arm/gcc-arm-none-eabi-6_2-2016q4-20161216-win32/bin/../lib/gcc/arm-none-eabi/6.2.1/../../../../arm-none-eabi/lib/thumb/v6-m\libnosys.a(sbrk.o)
 .ARM.attributes
                0x00000000       0x2c c:/arm/gcc-arm-none-eabi-6_2-2016q4-20161216-win32/bin/../lib/gcc/arm-none-eabi/6.2.1/../../../../arm-none-eabi/lib/thumb/v6-m\libnosys.a(sbrk.o)
 .text          0x00000000        0x0 c:/arm/gcc-arm-none-eabi-6_2-2016q4-20161216-win32/bin/../lib/gcc/arm-none-eabi/6.2.1/../../../../arm-none-eabi/lib/thumb/v6-m\libnosys.a(_exit.o)
 .data          0x00000000        0x0 c:/arm/gcc-arm-none-eabi-6_2-2016q4-20161216-win32/bin/../lib/gcc/arm-none-eabi/6.2.1/../../../../arm-none-eabi/lib/thumb/v6-m\libnosys.a(_exit.o)
 .bss           0x00000000        0x0 c:/arm/gcc-arm-none-eabi-6_2-2016q4-20161216-win32/bin/../lib/gcc/arm-none-eabi/6.2.1/../../../../arm-none-eabi/lib/thumb/v6-m\libnosys.a(_exit.o)
 .debug_frame   0x00000000       0x20 c:/arm/gcc-arm-none-eabi-6_2-2016q4-20161216-win32/bin/../lib/gcc/arm-none-eabi/6.2.1/../../../../arm-none-eabi/lib/thumb/v6-m\libnosys.a(_exit.o)
 .ARM.attributes
                0x00000000       0x2c c:/arm/gcc-arm-none-eabi-6_2-2016q4-20161216-win32/bin/../lib/gcc/arm-none-eabi/6.2.1/../../../../arm-none-eabi/lib/thumb/v6-m\libnosys.a(_exit.o)
 .text          0x00000000        0x0 c:/arm/gcc-arm-none-eabi-6_2-2016q4-20161216-win32/bin/../lib/gcc/arm-none-eabi/6.2.1/thumb/v6-m/crtend.o
 .data          0x00000000        0x0 c:/arm/gcc-arm-none-eabi-6_2-2016q4-20161216-win32/bin/../lib/gcc/arm-none-eabi/6.2.1/thumb/v6-m/crtend.o
 .bss           0x00000000        0x0 c:/arm/gcc-arm-none-eabi-6_2-2016q4-20161216-win32/bin/../lib/gcc/arm-none-eabi/6.2.1/thumb/v6-m/crtend.o
 .eh_frame      0x00000000        0x4 c:/arm/gcc-arm-none-eabi-6_2-2016q4-20161216-win32/bin/../lib/gcc/arm-none-eabi/6.2.1/thumb/v6-m/crtend.o
 .jcr           0x00000000        0x4 c:/arm/gcc-arm-none-eabi-6_2-2016q4-20161216-win32/bin/../lib/gcc/arm-none-eabi/6.2.1/thumb/v6-m/crtend.o
 .ARM.attributes
                0x00000000       0x2c c:/arm/gcc-arm-none-eabi-6_2-2016q4-20161216-win32/bin/../lib/gcc/arm-none-eabi/6.2.1/thumb/v6-m/crtend.o
 .text          0x00000000        0x0 c:/arm/gcc-arm-none-eabi-6_2-2016q4-20161216-win32/bin/../lib/gcc/arm-none-eabi/6.2.1/thumb/v6-m/crtn.o
 .data          0x00000000        0x0 c:/arm/gcc-arm-none-eabi-6_2-2016q4-20161216-win32/bin/../lib/gcc/arm-none-eabi/6.2.1/thumb/v6-m/crtn.o
 .bss           0x00000000        0x0 c:/arm/gcc-arm-none-eabi-6_2-2016q4-20161216-win32/bin/../lib/gcc/arm-none-eabi/6.2.1/thumb/v6-m/crtn.o
 .init          0x00000000        0x8 c:/arm/gcc-arm-none-eabi-6_2-2016q4-20161216-win32/bin/../lib/gcc/arm-none-eabi/6.2.1/thumb/v6-m/crtn.o
 .fini          0x00000000        0x8 c:/arm/gcc-arm-none-eabi-6_2-2016q4-20161216-win32/bin/../lib/gcc/arm-none-eabi/6.2.1/thumb/v6-m/crtn.o
 .ARM.attributes
                0x00000000       0x1e c:/arm/gcc-arm-none-eabi-6_2-2016q4-20161216-win32/bin/../lib/gcc/arm-none-eabi/6.2.1/thumb/v6-m/crtn.o
 .data          0x00000000        0x0 c:/arm/gcc-arm-none-eabi-6_2-2016q4-20161216-win32/bin/../lib/gcc/arm-none-eabi/6.2.1/thumb/v6-m\libgcc.a(_thumb1_case_uqi.o)
 .bss           0x00000000        0x0 c:/arm/gcc-arm-none-eabi-6_2-2016q4-20161216-win32/bin/../lib/gcc/arm-none-eabi/6.2.1/thumb/v6-m\libgcc.a(_thumb1_case_uqi.o)
 .data          0x00000000        0x0 c:/arm/gcc-arm-none-eabi-6_2-2016q4-20161216-win32/bin/../lib/gcc/arm-none-eabi/6.2.1/thumb/v6-m\libgcc.a(_thumb1_case_shi.o)
 .bss           0x00000000        0x0 c:/arm/gcc-arm-none-eabi-6_2-2016q4-20161216-win32/bin/../lib/gcc/arm-none-eabi/6.2.1/thumb/v6-m\libgcc.a(_thumb1_case_shi.o)
 .data          0x00000000        0x0 c:/arm/gcc-arm-none-eabi-6_2-2016q4-20161216-win32/bin/../lib/gcc/arm-none-eabi/6.2.1/thumb/v6-m\libgcc.a(_thumb1_case_uhi.o)
 .bss           0x00000000        0x0 c:/arm/gcc-arm-none-eabi-6_2-2016q4-20161216-win32/bin/../lib/gcc/arm-none-eabi/6.2.1/thumb/v6-m\libgcc.a(_thumb1_case_uhi.o)

Memory Configuration

Name             Origin             Length             Attributes
FLASH            0x08000000         0x00008000         xr
RAM              0x20000000         0x00001800         xrw
*default*        0x00000000         0xffffffff

Linker script and memory map

LOAD c:/arm/gcc-arm-none-eabi-6_2-2016q4-20161216-win32/bin/../lib/gcc/arm-none-eabi/6.2.1/thumb/v6-m/crti.o
LOAD c:/arm/gcc-arm-none-eabi-6_2-2016q4-20161216-win32/bin/../lib/gcc/arm-none-eabi/6.2.1/thumb/v6-m/crtbegin.o
LOAD c:/arm/gcc-arm-none-eabi-6_2-2016q4-20161216-win32/bin/../lib/gcc/arm-none-eabi/6.2.1/../../../../arm-none-eabi/lib/thumb/v6-m/crt0.o
LOAD C:\Users\paul\AppData\Local\Temp\cc6pRmhD.o
LOAD source/bootload.o
LOAD C:\Users\paul\AppData\Local\Temp\ccKkt1EM.ltrans0.ltrans.o
LOAD C:\Users\paul\AppData\Local\Temp\ccKkt1EM.ltrans1.ltrans.o
LOAD C:\Users\paul\AppData\Local\Temp\ccKkt1EM.ltrans2.ltrans.o
LOAD C:\Users\paul\AppData\Local\Temp\ccKkt1EM.ltrans3.ltrans.o
LOAD source/buffer.o
LOAD source/ciccom.o
LOAD source/dump.o
LOAD source/flash.o
LOAD source/gameboy.o
LOAD source/gba.o
LOAD source/io.o
LOAD source/jtag.o
LOAD source/main.o
LOAD source/n64.o
LOAD source/nes.o
LOAD source/operation.o
LOAD source/pinport.o
LOAD source/sega.o
LOAD source/snes.o
LOAD source/swim.o
LOAD source/usb.o
LOAD source_stm_only/stm_init.o
LOAD source_stm_only/usbstm.o
LOAD C:\Users\paul\AppData\Local\Temp\ccSIjLzW.o
LOAD C:\Users\paul\AppData\Local\Temp\cc2herkl.o
START GROUP
LOAD c:/arm/gcc-arm-none-eabi-6_2-2016q4-20161216-win32/bin/../lib/gcc/arm-none-eabi/6.2.1/thumb/v6-m\libgcc.a
LOAD c:/arm/gcc-arm-none-eabi-6_2-2016q4-20161216-win32/bin/../lib/gcc/arm-none-eabi/6.2.1/../../../../arm-none-eabi/lib/thumb/v6-m\libg.a
LOAD c:/arm/gcc-arm-none-eabi-6_2-2016q4-20161216-win32/bin/../lib/gcc/arm-none-eabi/6.2.1/../../../../arm-none-eabi/lib/thumb/v6-m\libc.a
END GROUP
START GROUP
LOAD c:/arm/gcc-arm-none-eabi-6_2-2016q4-20161216-win32/bin/../lib/gcc/arm-none-eabi/6.2.1/thumb/v6-m\libgcc.a
LOAD c:/arm/gcc-arm-none-eabi-6_2-2016q4-20161216-win32/bin/../lib/gcc/arm-none-eabi/6.2.1/../../../../arm-none-eabi/lib/thumb/v6-m\libc.a
LOAD c:/arm/gcc-arm-none-eabi-6_2-2016q4-20161216-win32/bin/../lib/gcc/arm-none-eabi/6.2.1/../../../../arm-none-eabi/lib/thumb/v6-m\libnosys.a
END GROUP
LOAD c:/arm/gcc-arm-none-eabi-6_2-2016q4-20161216-win32/bin/../lib/gcc/arm-none-eabi/6.2.1/thumb/v6-m/crtend.o
LOAD c:/arm/gcc-arm-none-eabi-6_2-2016q4-20161216-win32/bin/../lib/gcc/arm-none-eabi/6.2.1/thumb/v6-m/crtn.o

.text           0x08000000     0x4c9c
 *(.isr_vector)
 .isr_vector    0x08000000       0xc0 C:\Users\paul\AppData\Local\Temp\cc6pRmhD.o
                0x08000000                __isr_vector
 *(.text*)
 .text          0x080000c0       0x40 C:\Users\paul\AppData\Local\Temp\cc6pRmhD.o
                0x080000c0                Reset_Handler
                0x080000fc                TSC_IRQHandler
                0x080000fc                ADC1_COMP_IRQHandler
                0x080000fc                SysTick_Handler
                0x080000fc                PendSV_Handler
                0x080000fc                NMI_Handler
                0x080000fc                I2C1_IRQHandler
                0x080000fc                RCC_CRS_IRQHandler
                0x080000fc                SPI1_IRQHandler
                0x080000fc                TIM6_DAC_IRQHandler
                0x080000fc                USART3_4_IRQHandler
                0x080000fc                EXTI2_3_IRQHandler
                0x080000fc                I2C2_IRQHandler
                0x080000fc                TIM17_IRQHandler
                0x080000fc                CEC_CAN_IRQHandler
                0x080000fc                PVD_VDDIO2_IRQHandler
                0x080000fc                TIM1_CC_IRQHandler
                0x080000fc                DMA1_Channel4_5_6_7_IRQHandler
                0x080000fc                TIM16_IRQHandler
                0x080000fc                TIM3_IRQHandler
                0x080000fc                EXTI4_15_IRQHandler
                0x080000fc                DMA1_Channel1_IRQHandler
                0x080000fc                Default_Handler
                0x080000fc                TIM14_IRQHandler
                0x080000fc                TIM7_IRQHandler
                0x080000fc                TIM15_IRQHandler
                0x080000fc                EXTI0_1_IRQHandler
                0x080000fc                SPI2_IRQHandler
                0x080000fc                SVC_Handler
                0x080000fc                RTC_IRQHand
                0x080000fc                WWDG_IRQHandler
                0x080000fc                TIM2_IRQHandler
                0x080000fc                DEF_IRQHandler
                0x080000fc                DMA1_Channel2_3_IRQHandler
                0x080000fc                USART2_IRQHandler
                0x080000fc                FLASH_IRQHandler
                0x080000fc                USART1_IRQHandler
                0x080000fc                TIM1_BRK_UP_TRG_COM_IRQHandler
 .text.USB_IRQHandler
                0x08000100     0x1ac0 C:\Users\paul\AppData\Local\Temp\ccKkt1EM.ltrans0.ltrans.o
                0x08000100                USB_IRQHandler
 .text.nes_cpu_wr
                0x08001bc0       0x6c C:\Users\paul\AppData\Local\Temp\ccKkt1EM.ltrans1.ltrans.o
                0x08001bc0                nes_cpu_wr
 .text.nes_cpu_rd
                0x08001c2c       0x40 C:\Users\paul\AppData\Local\Temp\ccKkt1EM.ltrans1.ltrans.o
                0x08001c2c                nes_cpu_rd
 .text.disc_push_exp0_prgrom_wr
                0x08001c6c       0x48 C:\Users\paul\AppData\Local\Temp\ccKkt1EM.ltrans1.ltrans.o
                0x08001c6c                disc_push_exp0_prgrom_wr
 .text.pbje_scan
                0x08001cb4      0x12c C:\Users\paul\AppData\Local\Temp\ccKkt1EM.ltrans1.ltrans.o
 .text.pbje_state_change
                0x08001de0       0x98 C:\Users\paul\AppData\Local\Temp\ccKkt1EM.ltrans1.ltrans.o
 .text.write_page
                0x08001e78       0x34 C:\Users\paul\AppData\Local\Temp\ccKkt1EM.ltrans1.ltrans.o
 .text.get_next_buff
                0x08001eac       0x54 C:\Users\paul\AppData\Local\Temp\ccKkt1EM.ltrans1.ltrans.o
 .text.nes_ppu_wr
                0x08001f00       0x50 C:\Users\paul\AppData\Local\Temp\ccKkt1EM.ltrans1.ltrans.o
                0x08001f00                nes_ppu_wr
 .text.nes_ppu_rd
                0x08001f50       0x38 C:\Users\paul\AppData\Local\Temp\ccKkt1EM.ltrans1.ltrans.o
                0x08001f50                nes_ppu_rd
 .text.discrete_exp0_prgrom_wr
                0x08001f88       0x58 C:\Users\paul\AppData\Local\Temp\ccKkt1EM.ltrans1.ltrans.o
                0x08001f88                discrete_exp0_prgrom_wr
 .text.jtag_init_pbje
                0x08001fe0       0xe0 C:\Users\paul\AppData\Local\Temp\ccKkt1EM.ltrans1.ltrans.o
                0x08001fe0                jtag_init_pbje
 .text.jtag_run_pbje.part.0
                0x080020c0       0xd8 C:\Users\paul\AppData\Local\Temp\ccKkt1EM.ltrans1.ltrans.o
                0x080020c0                jtag_run_pbje.part.0
 .text.io_reset
                0x08002198      0x154 C:\Users\paul\AppData\Local\Temp\ccKkt1EM.ltrans1.ltrans.o
                0x08002198                io_reset
 .text.startup.main
                0x080022ec      0xb8c C:\Users\paul\AppData\Local\Temp\ccKkt1EM.ltrans1.ltrans.o
                0x080022ec                main
 .text.append_pairity
                0x08002e78       0x1e C:\Users\paul\AppData\Local\Temp\ccKkt1EM.ltrans2.ltrans.o
 *fill*         0x08002e96        0x2 
 .text.snes_wr  0x08002e98       0x60 C:\Users\paul\AppData\Local\Temp\ccKkt1EM.ltrans2.ltrans.o
                0x08002e98                snes_wr
 .text.snes_rd  0x08002ef8       0x48 C:\Users\paul\AppData\Local\Temp\ccKkt1EM.ltrans2.ltrans.o
                0x08002ef8                snes_rd
 .text.snes_3v_flash_wr
                0x08002f40       0x50 C:\Users\paul\AppData\Local\Temp\ccKkt1EM.ltrans2.ltrans.o
                0x08002f40                snes_3v_flash_wr
 .text.snes_5v_flash_wr
                0x08002f90       0x50 C:\Users\paul\AppData\Local\Temp\ccKkt1EM.ltrans2.ltrans.o
                0x08002f90                snes_5v_flash_wr
 .text.mmc3_chrrom_flash_wr
                0x08002fe0       0x44 C:\Users\paul\AppData\Local\Temp\ccKkt1EM.ltrans2.ltrans.o
                0x08002fe0                mmc3_chrrom_flash_wr
 .text.nrom_chrrom_flash_wr
                0x08003024       0x44 C:\Users\paul\AppData\Local\Temp\ccKkt1EM.ltrans2.ltrans.o
                0x08003024                nrom_chrrom_flash_wr
 .text.cdream_chrrom_flash_wr
                0x08003068       0x88 C:\Users\paul\AppData\Local\Temp\ccKkt1EM.ltrans2.ltrans.o
                0x08003068                cdream_chrrom_flash_wr
 .text.mmc4_chrrom_flash_wr
                0x080030f0       0x74 C:\Users\paul\AppData\Local\Temp\ccKkt1EM.ltrans2.ltrans.o
                0x080030f0                mmc4_chrrom_flash_wr
 .text.cnrom_chrrom_flash_wr
                0x08003164       0x80 C:\Users\paul\AppData\Local\Temp\ccKkt1EM.ltrans2.ltrans.o
                0x08003164                cnrom_chrrom_flash_wr
 .text.mmc4_prgrom_sop_flash_wr
                0x080031e4       0x54 C:\Users\paul\AppData\Local\Temp\ccKkt1EM.ltrans2.ltrans.o
                0x080031e4                mmc4_prgrom_sop_flash_wr
 .text.mmc3_prgrom_flash_wr
                0x08003238       0x50 C:\Users\paul\AppData\Local\Temp\ccKkt1EM.ltrans2.ltrans.o
                0x08003238                mmc3_prgrom_flash_wr
 .text.unrom_prgrom_flash_wr
                0x08003288       0x64 C:\Users\paul\AppData\Local\Temp\ccKkt1EM.ltrans2.ltrans.o
                0x08003288                unrom_prgrom_flash_wr
 .text.mmc1_chrrom_flash_wr
                0x080032ec       0x60 C:\Users\paul\AppData\Local\Temp\ccKkt1EM.ltrans2.ltrans.o
                0x080032ec                mmc1_chrrom_flash_wr
 .text.mmc1_prgrom_flash_wr
                0x0800334c       0x50 C:\Users\paul\AppData\Local\Temp\ccKkt1EM.ltrans2.ltrans.o
                0x0800334c                mmc1_prgrom_flash_wr
 .text.control_xfr_in.lto_priv.38
                0x0800339c       0xd8 C:\Users\paul\AppData\Local\Temp\ccKkt1EM.ltrans2.ltrans.o
                0x0800339c                control_xfr_in.lto_priv.38
 .text.HardFault_Handler
                0x08003474        0x2 C:\Users\paul\AppData\Local\Temp\ccKkt1EM.ltrans2.ltrans.o
                0x08003474                HardFault_Handler
 *fill*         0x08003476        0x2 
 .text.swim_wotf
                0x08003478       0xb4 C:\Users\paul\AppData\Local\Temp\ccKkt1EM.ltrans2.ltrans.o
                0x08003478                swim_wotf
 .text.swim_rotf
                0x0800352c       0xac C:\Users\paul\AppData\Local\Temp\ccKkt1EM.ltrans2.ltrans.o
                0x0800352c                swim_rotf
 .text.delay_us
                0x080035d8       0x16 C:\Users\paul\AppData\Local\Temp\ccKkt1EM.ltrans2.ltrans.o
                0x080035d8                delay_us
 *fill*         0x080035ee        0x2 
 .text.nrom_prgrom_flash_wr
                0x080035f0       0x44 C:\Users\paul\AppData\Local\Temp\ccKkt1EM.ltrans2.ltrans.o
                0x080035f0                nrom_prgrom_flash_wr
 .text.nes_dualport_wr
                0x08003634       0x50 C:\Users\paul\AppData\Local\Temp\ccKkt1EM.ltrans2.ltrans.o
                0x08003634                nes_dualport_wr
 .text.nes_dualport_rd
                0x08003684       0x38 C:\Users\paul\AppData\Local\Temp\ccKkt1EM.ltrans2.ltrans.o
                0x08003684                nes_dualport_rd
 .text.write_page_snes.constprop.33
                0x080036bc      0x194 C:\Users\paul\AppData\Local\Temp\ccKkt1EM.ltrans3.ltrans.o
                0x080036bc                write_page_snes.constprop.33
 .text.snes_page_rd_poll.constprop.24
                0x08003850       0x7c C:\Users\paul\AppData\Local\Temp\ccKkt1EM.ltrans3.ltrans.o
                0x08003850                snes_page_rd_poll.constprop.24
 .text.nes_cpu_page_rd_poll.constprop.23
                0x080038cc       0x6c C:\Users\paul\AppData\Local\Temp\ccKkt1EM.ltrans3.ltrans.o
                0x080038cc                nes_cpu_page_rd_poll.constprop.23
 .text.nes_ppu_page_rd_poll.constprop.21
                0x08003938       0x68 C:\Users\paul\AppData\Local\Temp\ccKkt1EM.ltrans3.ltrans.o
                0x08003938                nes_ppu_page_rd_poll.constprop.21
 .text.mmc1_wr.constprop.12
                0x080039a0       0x22 C:\Users\paul\AppData\Local\Temp\ccKkt1EM.ltrans3.ltrans.o
                0x080039a0                mmc1_wr.constprop.12
 *fill*         0x080039c2        0x2 
 .text          0x080039c4        0x4 C:\Users\paul\AppData\Local\Temp\ccSIjLzW.o
                0x080039c4                jump2addr
 *fill*         0x080039c8        0x8 
 .text          0x080039d0      0x154 C:\Users\paul\AppData\Local\Temp\cc2herkl.o
                0x080039d0                swim_xfr
 .text          0x08003b24      0xa38 c:/arm/gcc-arm-none-eabi-6_2-2016q4-20161216-win32/bin/../lib/gcc/arm-none-eabi/6.2.1/thumb/v6-m\libgcc.a(unwind-arm.o)
                0x08003df4                _Unwind_GetCFA
                0x08003df8                __gnu_Unwind_RaiseException
                0x08003e4c                __gnu_Unwind_ForcedUnwind
                0x08003e60                __gnu_Unwind_Resume
                0x08003ea8                __gnu_Unwind_Resume_or_Rethrow
                0x08003ec4                _Unwind_Complete
                0x08003ec8                _Unwind_DeleteException
                0x08003ed8                _Unwind_VRS_Get
                0x08003f24                _Unwind_VRS_Set
                0x08003f70                __gnu_Unwind_Backtrace
                0x080042d0                __aeabi_unwind_cpp_pr0
                0x080042dc                __aeabi_unwind_cpp_pr1
                0x080042e8                __aeabi_unwind_cpp_pr2
                0x080042f4                _Unwind_VRS_Pop
 .text          0x0800455c      0x144 c:/arm/gcc-arm-none-eabi-6_2-2016q4-20161216-win32/bin/../lib/gcc/arm-none-eabi/6.2.1/thumb/v6-m\libgcc.a(libunwind.o)
                0x0800455c                __restore_core_regs
                0x0800455c                restore_core_regs
                0x08004588                __gnu_Unwind_Restore_VFP
                0x0800458c                __gnu_Unwind_Save_VFP
                0x08004590                __gnu_Unwind_Restore_VFP_D
                0x08004594                __gnu_Unwind_Save_VFP_D
                0x08004598                __gnu_Unwind_Restore_VFP_D_16_to_31
                0x0800459c                __gnu_Unwind_Save_VFP_D_16_to_31
                0x080045a0                __gnu_Unwind_Restore_WMMXD
                0x080045a4                __gnu_Unwind_Save_WMMXD
                0x080045a8                __gnu_Unwind_Restore_WMMXC
                0x080045ac                __gnu_Unwind_Save_WMMXC
                0x080045b0                ___Unwind_RaiseException
                0x080045b0                _Unwind_RaiseException
                0x080045e0                _Unwind_Resume
                0x080045e0                ___Unwind_Resume
                0x08004610                _Unwind_Resume_or_Rethrow
                0x08004610                ___Unwind_Resume_or_Rethrow
                0x08004640                _Unwind_ForcedUnwind
                0x08004640                ___Unwind_ForcedUnwind
                0x08004670                ___Unwind_Backtrace
                0x08004670                _Unwind_Backtrace
 .text          0x080046a0      0x3a8 c:/arm/gcc-arm-none-eabi-6_2-2016q4-20161216-win32/bin/../lib/gcc/arm-none-eabi/6.2.1/thumb/v6-m\libgcc.a(pr-support.o)
                0x080046f4                __gnu_unwind_execute
                0x080049f0                __gnu_unwind_frame
                0x08004a18                _Unwind_GetRegionStart
                0x08004a24                _Unwind_GetLanguageSpecificData
                0x08004a38                _Unwind_GetTextRelBase
                0x08004a40                _Unwind_GetDataRelBase
 .text.abort    0x08004a48       0x10 c:/arm/gcc-arm-none-eabi-6_2-2016q4-20161216-win32/bin/../lib/gcc/arm-none-eabi/6.2.1/../../../../arm-none-eabi/lib/thumb/v6-m\libg.a(lib_a-abort.o)
                0x08004a48                abort
 .text.memcpy   0x08004a58       0x84 c:/arm/gcc-arm-none-eabi-6_2-2016q4-20161216-win32/bin/../lib/gcc/arm-none-eabi/6.2.1/../../../../arm-none-eabi/lib/thumb/v6-m\libg.a(lib_a-memcpy-stub.o)
                0x08004a58                memcpy
 .text._raise_r
                0x08004adc       0x5c c:/arm/gcc-arm-none-eabi-6_2-2016q4-20161216-win32/bin/../lib/gcc/arm-none-eabi/6.2.1/../../../../arm-none-eabi/lib/thumb/v6-m\libg.a(lib_a-signal.o)
                0x08004adc                _raise_r
 .text.raise    0x08004b38       0x14 c:/arm/gcc-arm-none-eabi-6_2-2016q4-20161216-win32/bin/../lib/gcc/arm-none-eabi/6.2.1/../../../../arm-none-eabi/lib/thumb/v6-m\libg.a(lib_a-signal.o)
                0x08004b38                raise
 .text._kill_r  0x08004b4c       0x28 c:/arm/gcc-arm-none-eabi-6_2-2016q4-20161216-win32/bin/../lib/gcc/arm-none-eabi/6.2.1/../../../../arm-none-eabi/lib/thumb/v6-m\libg.a(lib_a-signalr.o)
                0x08004b4c                _kill_r
 .text._getpid_r
                0x08004b74        0x8 c:/arm/gcc-arm-none-eabi-6_2-2016q4-20161216-win32/bin/../lib/gcc/arm-none-eabi/6.2.1/../../../../arm-none-eabi/lib/thumb/v6-m\libg.a(lib_a-signalr.o)
                0x08004b74                _getpid_r
 .text._getpid  0x08004b7c       0x10 c:/arm/gcc-arm-none-eabi-6_2-2016q4-20161216-win32/bin/../lib/gcc/arm-none-eabi/6.2.1/../../../../arm-none-eabi/lib/thumb/v6-m\libnosys.a(getpid.o)
                0x08004b7c                _getpid
 .text._kill    0x08004b8c       0x10 c:/arm/gcc-arm-none-eabi-6_2-2016q4-20161216-win32/bin/../lib/gcc/arm-none-eabi/6.2.1/../../../../arm-none-eabi/lib/thumb/v6-m\libnosys.a(kill.o)
                0x08004b8c                _kill
 .text._exit    0x08004b9c        0x4 c:/arm/gcc-arm-none-eabi-6_2-2016q4-20161216-win32/bin/../lib/gcc/arm-none-eabi/6.2.1/../../../../arm-none-eabi/lib/thumb/v6-m\libnosys.a(_exit.o)
                0x08004b9c                _exit
 .text          0x08004ba0       0x14 c:/arm/gcc-arm-none-eabi-6_2-2016q4-20161216-win32/bin/../lib/gcc/arm-none-eabi/6.2.1/thumb/v6-m\libgcc.a(_thumb1_case_uqi.o)
                0x08004ba0                __gnu_thumb1_case_uqi
 .text          0x08004bb4       0x14 c:/arm/gcc-arm-none-eabi-6_2-2016q4-20161216-win32/bin/../lib/gcc/arm-none-eabi/6.2.1/thumb/v6-m\libgcc.a(_thumb1_case_shi.o)
                0x08004bb4                __gnu_thumb1_case_shi
 .text          0x08004bc8       0x14 c:/arm/gcc-arm-none-eabi-6_2-2016q4-20161216-win32/bin/../lib/gcc/arm-none-eabi/6.2.1/thumb/v6-m\libgcc.a(_thumb1_case_uhi.o)
                0x08004bc8                __gnu_thumb1_case_uhi
 *(.init)
 .init          0x08004bdc        0x4 c:/arm/gcc-arm-none-eabi-6_2-2016q4-20161216-win32/bin/../lib/gcc/arm-none-eabi/6.2.1/thumb/v6-m/crti.o
                0x08004bdc                _init
 *(.fini)
 .fini          0x08004be0        0x4 c:/arm/gcc-arm-none-eabi-6_2-2016q4-20161216-win32/bin/../lib/gcc/arm-none-eabi/6.2.1/thumb/v6-m/crti.o
                0x08004be0                _fini
 *crtbegin.o(.ctors)
 *crtbegin?.o(.ctors)
 *(EXCLUDE_FILE(*crtend.o *crtend?.o) .ctors)
 *(SORT(.ctors.*))
 *(.ctors)
 *crtbegin.o(.dtors)
 *crtbegin?.o(.dtors)
 *(EXCLUDE_FILE(*crtend.o *crtend?.o) .dtors)
 *(SORT(.dtors.*))
 *(.dtors)
 *(.rodata*)
 .rodata.config_desc
                0x08004be4       0x12 C:\Users\paul\AppData\Local\Temp\ccKkt1EM.ltrans0.ltrans.o
 .rodata.device_desc
                0x08004bf6       0x12 C:\Users\paul\AppData\Local\Temp\ccKkt1EM.ltrans0.ltrans.o
 .rodata.string0_desc
                0x08004c08        0x4 C:\Users\paul\AppData\Local\Temp\ccKkt1EM.ltrans0.ltrans.o
 .rodata.string1_desc
                0x08004c0c       0x54 C:\Users\paul\AppData\Local\Temp\ccKkt1EM.ltrans0.ltrans.o
 .rodata.string2_desc
                0x08004c60       0x3c C:\Users\paul\AppData\Local\Temp\ccKkt1EM.ltrans0.ltrans.o
 *(.eh_frame*)

.glue_7         0x08004c9c        0x0
 .glue_7        0x08004c9c        0x0 linker stubs

.glue_7t        0x08004c9c        0x0
 .glue_7t       0x08004c9c        0x0 linker stubs

.vfp11_veneer   0x08004c9c        0x0
 .vfp11_veneer  0x08004c9c        0x0 linker stubs

.v4_bx          0x08004c9c        0x0
 .v4_bx         0x08004c9c        0x0 linker stubs

.iplt           0x08004c9c        0x0
 .iplt          0x08004c9c        0x0 c:/arm/gcc-arm-none-eabi-6_2-2016q4-20161216-win32/bin/../lib/gcc/arm-none-eabi/6.2.1/thumb/v6-m/crtbegin.o

.ARM.extab      0x08004c9c       0x30
 *(.ARM.extab* .gnu.linkonce.armextab.*)
 .ARM.extab     0x08004c9c       0x24 c:/arm/gcc-arm-none-eabi-6_2-2016q4-20161216-win32/bin/../lib/gcc/arm-none-eabi/6.2.1/thumb/v6-m\libgcc.a(unwind-arm.o)
 .ARM.extab     0x08004cc0        0xc c:/arm/gcc-arm-none-eabi-6_2-2016q4-20161216-win32/bin/../lib/gcc/arm-none-eabi/6.2.1/thumb/v6-m\libgcc.a(pr-support.o)
                0x08004ccc                __exidx_start = .

.ARM.exidx      0x08004ccc       0xd0
 *(.ARM.exidx* .gnu.linkonce.armexidx.*)
 .ARM.exidx     0x08004ccc        0x8 C:\Users\paul\AppData\Local\Temp\ccSIjLzW.o
 .ARM.exidx     0x08004cd4        0x0 C:\Users\paul\AppData\Local\Temp\cc2herkl.o
                                 0x10 (size before relaxing)
 .ARM.exidx     0x08004cd4       0x98 c:/arm/gcc-arm-none-eabi-6_2-2016q4-20161216-win32/bin/../lib/gcc/arm-none-eabi/6.2.1/thumb/v6-m\libgcc.a(unwind-arm.o)
                                 0xd8 (size before relaxing)
 .ARM.exidx     0x08004d6c       0x30 c:/arm/gcc-arm-none-eabi-6_2-2016q4-20161216-win32/bin/../lib/gcc/arm-none-eabi/6.2.1/thumb/v6-m\libgcc.a(pr-support.o)
                                 0x48 (size before relaxing)
                0x08004d9c                __exidx_end = .
                0x08004d9c                __etext = ALIGN (0x4)

.rel.dyn        0x08004d9c        0x0
 .rel.iplt      0x08004d9c        0x0 c:/arm/gcc-arm-none-eabi-6_2-2016q4-20161216-win32/bin/../lib/gcc/arm-none-eabi/6.2.1/thumb/v6-m/crtbegin.o

.data           0x20000000      0x430 load address 0x08004d9c
                0x20000000                __data_start__ = .
 *(vtable)
 *(.data*)
 .data._impure_ptr
                0x20000000        0x4 c:/arm/gcc-arm-none-eabi-6_2-2016q4-20161216-win32/bin/../lib/gcc/arm-none-eabi/6.2.1/../../../../arm-none-eabi/lib/thumb/v6-m\libg.a(lib_a-impure.o)
                0x20000000                _impure_ptr
 *fill*         0x20000004        0x4 
 .data.impure_data
                0x20000008      0x428 c:/arm/gcc-arm-none-eabi-6_2-2016q4-20161216-win32/bin/../lib/gcc/arm-none-eabi/6.2.1/../../../../arm-none-eabi/lib/thumb/v6-m\libg.a(lib_a-impure.o)
                0x20000430                . = ALIGN (0x4)
                0x20000430                PROVIDE (__preinit_array_start, .)
 *(.preinit_array)
                0x20000430                PROVIDE (__preinit_array_end, .)
                0x20000430                . = ALIGN (0x4)
                0x20000430                PROVIDE (__init_array_start, .)
 *(SORT(.init_array.*))
 *(.init_array)
                0x20000430                PROVIDE (__init_array_end, .)
                0x20000430                . = ALIGN (0x4)
                0x20000430                PROVIDE (__fini_array_start, .)
 *(SORT(.fini_array.*))
 *(.fini_array)
                0x20000430                PROVIDE (__fini_array_end, .)
 *(.jcr)
                0x20000430                . = ALIGN (0x4)
                0x20000430                __data_end__ = .

.igot.plt       0x20000430        0x0 load address 0x080051cc
 .igot.plt      0x20000430        0x0 c:/arm/gcc-arm-none-eabi-6_2-2016q4-20161216-win32/bin/../lib/gcc/arm-none-eabi/6.2.1/thumb/v6-m/crtbegin.o

.bss            0x20000430      0x2f0 load address 0x080051cc
                0x20000430                . = ALIGN (0x4)
                0x20000430                __bss_start__ = .
 *(.bss*)
 .bss.addrh     0x20000430        0x4 C:\Users\paul\AppData\Local\Temp\ccKkt1EM.ltrans0.ltrans.o
 .bss.bank_table
                0x20000434        0x2 C:\Users\paul\AppData\Local\Temp\ccKkt1EM.ltrans0.ltrans.o
                0x20000434                bank_table
 *fill*         0x20000436        0x2 
 .bss.buff0     0x20000438       0x14 C:\Users\paul\AppData\Local\Temp\ccKkt1EM.ltrans0.ltrans.o
                0x20000438                buff0
 .bss.buff1     0x2000044c       0x14 C:\Users\paul\AppData\Local\Temp\ccKkt1EM.ltrans0.ltrans.o
                0x2000044c                buff1
 .bss.buff2     0x20000460       0x14 C:\Users\paul\AppData\Local\Temp\ccKkt1EM.ltrans0.ltrans.o
                0x20000460                buff2
 .bss.buff3     0x20000474       0x14 C:\Users\paul\AppData\Local\Temp\ccKkt1EM.ltrans0.ltrans.o
                0x20000474                buff3
 .bss.cur_bank  0x20000488        0x1 C:\Users\paul\AppData\Local\Temp\ccKkt1EM.ltrans0.ltrans.o
                0x20000488                cur_bank
 *fill*         0x20000489        0x3 
 .bss.cur_buff  0x2000048c        0x4 C:\Users\paul\AppData\Local\Temp\ccKkt1EM.ltrans0.ltrans.o
                0x2000048c                cur_buff
 .bss.cur_usb_load_buff
                0x20000490        0x4 C:\Users\paul\AppData\Local\Temp\ccKkt1EM.ltrans0.ltrans.o
 .bss.incoming_bytes_remain
                0x20000494        0x1 C:\Users\paul\AppData\Local\Temp\ccKkt1EM.ltrans0.ltrans.o
 *fill*         0x20000495        0x3 
 .bss.oper_info_struct
                0x20000498       0x20 C:\Users\paul\AppData\Local\Temp\ccKkt1EM.ltrans0.ltrans.o
                0x20000498                oper_info_struct
 .bss.pbje_command
                0x200004b8        0x1 C:\Users\paul\AppData\Local\Temp\ccKkt1EM.ltrans0.ltrans.o
                0x200004b8                pbje_command
 .bss.pbje_data
                0x200004b9       0x20 C:\Users\paul\AppData\Local\Temp\ccKkt1EM.ltrans0.ltrans.o
                0x200004b9                pbje_data
 .bss.pbje_numclk
                0x200004d9        0x1 C:\Users\paul\AppData\Local\Temp\ccKkt1EM.ltrans0.ltrans.o
                0x200004d9                pbje_numclk
 .bss.pbje_status
                0x200004da        0x1 C:\Users\paul\AppData\Local\Temp\ccKkt1EM.ltrans0.ltrans.o
                0x200004da                pbje_status
 .bss.raw_bank_status
                0x200004db       0x10 C:\Users\paul\AppData\Local\Temp\ccKkt1EM.ltrans0.ltrans.o
 *fill*         0x200004eb        0x1 
 .bss.raw_buffer16
                0x200004ec      0x200 C:\Users\paul\AppData\Local\Temp\ccKkt1EM.ltrans0.ltrans.o
 .bss.rv16.4995
                0x200006ec        0x8 C:\Users\paul\AppData\Local\Temp\ccKkt1EM.ltrans0.ltrans.o
 .bss.swim_base
                0x200006f4        0x4 C:\Users\paul\AppData\Local\Temp\ccKkt1EM.ltrans0.ltrans.o
                0x200006f4                swim_base
 .bss.swim_pin  0x200006f8        0x1 C:\Users\paul\AppData\Local\Temp\ccKkt1EM.ltrans0.ltrans.o
                0x200006f8                swim_pin
 *fill*         0x200006f9        0x3 
 .bss.tck_base  0x200006fc        0x4 C:\Users\paul\AppData\Local\Temp\ccKkt1EM.ltrans0.ltrans.o
                0x200006fc                tck_base
 .bss.tck_pin   0x20000700        0x1 C:\Users\paul\AppData\Local\Temp\ccKkt1EM.ltrans0.ltrans.o
                0x20000700                tck_pin
 *fill*         0x20000701        0x3 
 .bss.tdi_base  0x20000704        0x4 C:\Users\paul\AppData\Local\Temp\ccKkt1EM.ltrans0.ltrans.o
                0x20000704                tdi_base
 .bss.tdi_pin   0x20000708        0x1 C:\Users\paul\AppData\Local\Temp\ccKkt1EM.ltrans0.ltrans.o
                0x20000708                tdi_pin
 *fill*         0x20000709        0x3 
 .bss.tdo_base  0x2000070c        0x4 C:\Users\paul\AppData\Local\Temp\ccKkt1EM.ltrans0.ltrans.o
                0x2000070c                tdo_base
 .bss.tdo_pin   0x20000710        0x1 C:\Users\paul\AppData\Local\Temp\ccKkt1EM.ltrans0.ltrans.o
                0x20000710                tdo_pin
 *fill*         0x20000711        0x3 
 .bss.tms_base  0x20000714        0x4 C:\Users\paul\AppData\Local\Temp\ccKkt1EM.ltrans0.ltrans.o
                0x20000714                tms_base
 .bss.tms_pin   0x20000718        0x1 C:\Users\paul\AppData\Local\Temp\ccKkt1EM.ltrans0.ltrans.o
                0x20000718                tms_pin
 .bss.num_buff.5075
                0x20000719        0x1 C:\Users\paul\AppData\Local\Temp\ccKkt1EM.ltrans1.ltrans.o
 *(COMMON)
 *fill*         0x2000071a        0x2 
 COMMON         0x2000071c        0x4 c:/arm/gcc-arm-none-eabi-6_2-2016q4-20161216-win32/bin/../lib/gcc/arm-none-eabi/6.2.1/../../../../arm-none-eabi/lib/thumb/v6-m\libg.a(lib_a-reent.o)
                0x2000071c                errno
                0x20000720                . = ALIGN (0x4)
                0x20000720                __bss_end__ = .

.heap           0x20000720        0x0
                0x20000720                __end__ = .
                0x20000720                PROVIDE (end, .)
 *(.heap*)
 .heap          0x20000720        0x0 C:\Users\paul\AppData\Local\Temp\cc6pRmhD.o
                0x20000720                __HeapLimit = .

.stack_dummy    0x20000720      0xc00
 *(.stack*)
 .stack         0x20000720      0xc00 C:\Users\paul\AppData\Local\Temp\cc6pRmhD.o
                0x20001800                __StackTop = (ORIGIN (RAM) + LENGTH (RAM))
                0x20000c00                __StackLimit = (__StackTop - SIZEOF (.stack_dummy))
                0x20001800                PROVIDE (__stack, __StackTop)
                0x00000001                ASSERT ((__StackLimit >= __HeapLimit), region RAM overflowed with stack)
OUTPUT(build_stm/inlretro_stm.elf elf32-littlearm)

.ARM.attributes
                0x00000000       0x28
 .ARM.attributes
                0x00000000       0x1e c:/arm/gcc-arm-none-eabi-6_2-2016q4-20161216-win32/bin/../lib/gcc/arm-none-eabi/6.2.1/thumb/v6-m/crti.o
 .ARM.attributes
                0x0000001e       0x1b C:\Users\paul\AppData\Local\Temp\cc6pRmhD.o
 .ARM.attributes
                0x00000039       0x2f C:\Users\paul\AppData\Local\Temp\ccKkt1EM.ltrans0.ltrans.o
 .ARM.attributes
                0x00000068       0x2f C:\Users\paul\AppData\Local\Temp\ccKkt1EM.ltrans1.ltrans.o
 .ARM.attributes
                0x00000097       0x2f C:\Users\paul\AppData\Local\Temp\ccKkt1EM.ltrans2.ltrans.o
 .ARM.attributes
                0x000000c6       0x2f C:\Users\paul\AppData\Local\Temp\ccKkt1EM.ltrans3.ltrans.o
 .ARM.attributes
                0x000000f5       0x21 C:\Users\paul\AppData\Local\Temp\ccSIjLzW.o
 .ARM.attributes
                0x00000116       0x21 C:\Users\paul\AppData\Local\Temp\cc2herkl.o
 .ARM.attributes
                0x00000137       0x1e c:/arm/gcc-arm-none-eabi-6_2-2016q4-20161216-win32/bin/../lib/gcc/arm-none-eabi/6.2.1/thumb/v6-m\libgcc.a(_thumb1_case_uqi.o)
 .ARM.attributes
                0x00000155       0x1e c:/arm/gcc-arm-none-eabi-6_2-2016q4-20161216-win32/bin/../lib/gcc/arm-none-eabi/6.2.1/thumb/v6-m\libgcc.a(_thumb1_case_shi.o)
 .ARM.attributes
                0x00000173       0x1e c:/arm/gcc-arm-none-eabi-6_2-2016q4-20161216-win32/bin/../lib/gcc/arm-none-eabi/6.2.1/thumb/v6-m\libgcc.a(_thumb1_case_uhi.o)

.comment        0x00000000       0x6e
 .comment       0x00000000       0x6e C:\Users\paul\AppData\Local\Temp\ccKkt1EM.ltrans0.ltrans.o
                                 0x6f (size before relaxing)
 .comment       0x0000006e       0x6f C:\Users\paul\AppData\Local\Temp\ccKkt1EM.ltrans1.ltrans.o
 .comment       0x0000006e       0x6f C:\Users\paul\AppData\Local\Temp\ccKkt1EM.ltrans2.ltrans.o
 .comment       0x0000006e       0x6f C:\Users\paul\AppData\Local\Temp\ccKkt1EM.ltrans3.ltrans.o

.debug_line     0x00000000     0x1b68
 .debug_line    0x00000000       0x6f C:\Users\paul\AppData\Local\Temp\cc6pRmhD.o
 .debug_line    0x0000006f      0xaf7 C:\Users\paul\AppData\Local\Temp\ccKkt1EM.ltrans0.ltrans.o
 .debug_line    0x00000b66      0x816 C:\Users\paul\AppData\Local\Temp\ccKkt1EM.ltrans1.ltrans.o
 .debug_line    0x0000137c      0x44d C:\Users\paul\AppData\Local\Temp\ccKkt1EM.ltrans2.ltrans.o
 .debug_line    0x000017c9      0x263 C:\Users\paul\AppData\Local\Temp\ccKkt1EM.ltrans3.ltrans.o
 .debug_line    0x00001a2c       0x49 C:\Users\paul\AppData\Local\Temp\ccSIjLzW.o
 .debug_line    0x00001a75       0xf3 C:\Users\paul\AppData\Local\Temp\cc2herkl.o

.debug_info     0x00000000     0x46d7
 .debug_info    0x00000000       0x9b C:\Users\paul\AppData\Local\Temp\cc6pRmhD.o
 .debug_info    0x0000009b     0x17a1 C:\Users\paul\AppData\Local\Temp\ccKkt1EM.ltrans0.ltrans.o
 .debug_info    0x0000183c     0x175a C:\Users\paul\AppData\Local\Temp\ccKkt1EM.ltrans1.ltrans.o
 .debug_info    0x00002f96      0xffb C:\Users\paul\AppData\Local\Temp\ccKkt1EM.ltrans2.ltrans.o
 .debug_info    0x00003f91      0x61a C:\Users\paul\AppData\Local\Temp\ccKkt1EM.ltrans3.ltrans.o
 .debug_info    0x000045ab       0x98 C:\Users\paul\AppData\Local\Temp\ccSIjLzW.o
 .debug_info    0x00004643       0x94 C:\Users\paul\AppData\Local\Temp\cc2herkl.o

.debug_abbrev   0x00000000      0xb18
 .debug_abbrev  0x00000000       0x14 C:\Users\paul\AppData\Local\Temp\cc6pRmhD.o
 .debug_abbrev  0x00000014      0x35d C:\Users\paul\AppData\Local\Temp\ccKkt1EM.ltrans0.ltrans.o
 .debug_abbrev  0x00000371      0x40f C:\Users\paul\AppData\Local\Temp\ccKkt1EM.ltrans1.ltrans.o
 .debug_abbrev  0x00000780      0x1ce C:\Users\paul\AppData\Local\Temp\ccKkt1EM.ltrans2.ltrans.o
 .debug_abbrev  0x0000094e      0x1a2 C:\Users\paul\AppData\Local\Temp\ccKkt1EM.ltrans3.ltrans.o
 .debug_abbrev  0x00000af0       0x14 C:\Users\paul\AppData\Local\Temp\ccSIjLzW.o
 .debug_abbrev  0x00000b04       0x14 C:\Users\paul\AppData\Local\Temp\cc2herkl.o

.debug_aranges  0x00000000      0x218
 .debug_aranges
                0x00000000       0x20 C:\Users\paul\AppData\Local\Temp\cc6pRmhD.o
 .debug_aranges
                0x00000020       0x20 C:\Users\paul\AppData\Local\Temp\ccKkt1EM.ltrans0.ltrans.o
 .debug_aranges
                0x00000040       0x88 C:\Users\paul\AppData\Local\Temp\ccKkt1EM.ltrans1.ltrans.o
 .debug_aranges
                0x000000c8       0xd0 C:\Users\paul\AppData\Local\Temp\ccKkt1EM.ltrans2.ltrans.o
 .debug_aranges
                0x00000198       0x40 C:\Users\paul\AppData\Local\Temp\ccKkt1EM.ltrans3.ltrans.o
 .debug_aranges
                0x000001d8       0x20 C:\Users\paul\AppData\Local\Temp\ccSIjLzW.o
 .debug_aranges
                0x000001f8       0x20 C:\Users\paul\AppData\Local\Temp\cc2herkl.o

.debug_loc      0x00000000     0x45b6
 .debug_loc     0x00000000     0x27eb C:\Users\paul\AppData\Local\Temp\ccKkt1EM.ltrans0.ltrans.o
 .debug_loc     0x000027eb     0x1095 C:\Users\paul\AppData\Local\Temp\ccKkt1EM.ltrans1.ltrans.o
 .debug_loc     0x00003880      0x922 C:\Users\paul\AppData\Local\Temp\ccKkt1EM.ltrans2.ltrans.o
 .debug_loc     0x000041a2      0x414 C:\Users\paul\AppData\Local\Temp\ccKkt1EM.ltrans3.ltrans.o

.debug_ranges   0x00000000     0x1748
 .debug_ranges  0x00000000     0x13c8 C:\Users\paul\AppData\Local\Temp\ccKkt1EM.ltrans0.ltrans.o
 .debug_ranges  0x000013c8      0x270 C:\Users\paul\AppData\Local\Temp\ccKkt1EM.ltrans1.ltrans.o
 .debug_ranges  0x00001638       0xc0 C:\Users\paul\AppData\Local\Temp\ccKkt1EM.ltrans2.ltrans.o
 .debug_ranges  0x000016f8       0x50 C:\Users\paul\AppData\Local\Temp\ccKkt1EM.ltrans3.ltrans.o

.debug_str      0x00000000      0xdcb
 .debug_str     0x00000000      0x872 C:\Users\paul\AppData\Local\Temp\ccKkt1EM.ltrans0.ltrans.o
                                0x8d7 (size before relaxing)
 .debug_str     0x00000872      0x268 C:\Users\paul\AppData\Local\Temp\ccKkt1EM.ltrans1.ltrans.o
                                0x52b (size before relaxing)
 .debug_str     0x00000ada      0x1d2 C:\Users\paul\AppData\Local\Temp\ccKkt1EM.ltrans2.ltrans.o
                                0x3e8 (size before relaxing)
 .debug_str     0x00000cac      0x11f C:\Users\paul\AppData\Local\Temp\ccKkt1EM.ltrans3.ltrans.o
                                0x39d (size before relaxing)

.debug_frame    0x00000000      0x4c0
 .debug_frame   0x00000000       0x30 C:\Users\paul\AppData\Local\Temp\ccKkt1EM.ltrans0.ltrans.o
 .debug_frame   0x00000030      0x174 C:\Users\paul\AppData\Local\Temp\ccKkt1EM.ltrans1.ltrans.o
 .debug_frame   0x000001a4      0x26c C:\Users\paul\AppData\Local\Temp\ccKkt1EM.ltrans2.ltrans.o
 .debug_frame   0x00000410       0xb0 C:\Users\paul\AppData\Local\Temp\ccKkt1EM.ltrans3.ltrans.o

.stabstr        0x00000000       0x76
 .stabstr       0x00000000       0x76 c:/arm/gcc-arm-none-eabi-6_2-2016q4-20161216-win32/bin/../lib/gcc/arm-none-eabi/6.2.1/../../../../arm-none-eabi/lib/thumb/v6-m\libnosys.a(getpid.o)
