Archive member included to satisfy reference by file (symbol)

c:/program files (x86)/gnu tools arm embedded/6.2 2016q4/bin/../lib/gcc/arm-none-eabi/6.2.1/../../../../arm-none-eabi/lib/thumb/v6-m\libg.a(lib_a-exit.o)
                              c:/program files (x86)/gnu tools arm embedded/6.2 2016q4/bin/../lib/gcc/arm-none-eabi/6.2.1/../../../../arm-none-eabi/lib/thumb/v6-m/crt0.o (exit)
c:/program files (x86)/gnu tools arm embedded/6.2 2016q4/bin/../lib/gcc/arm-none-eabi/6.2.1/../../../../arm-none-eabi/lib/thumb/v6-m\libg.a(lib_a-impure.o)
                              c:/program files (x86)/gnu tools arm embedded/6.2 2016q4/bin/../lib/gcc/arm-none-eabi/6.2.1/../../../../arm-none-eabi/lib/thumb/v6-m\libg.a(lib_a-exit.o) (_global_impure_ptr)
c:/program files (x86)/gnu tools arm embedded/6.2 2016q4/bin/../lib/gcc/arm-none-eabi/6.2.1/../../../../arm-none-eabi/lib/thumb/v6-m\libg.a(lib_a-init.o)
                              c:/program files (x86)/gnu tools arm embedded/6.2 2016q4/bin/../lib/gcc/arm-none-eabi/6.2.1/../../../../arm-none-eabi/lib/thumb/v6-m/crt0.o (__libc_init_array)
c:/program files (x86)/gnu tools arm embedded/6.2 2016q4/bin/../lib/gcc/arm-none-eabi/6.2.1/../../../../arm-none-eabi/lib/thumb/v6-m\libg.a(lib_a-memset.o)
                              c:/program files (x86)/gnu tools arm embedded/6.2 2016q4/bin/../lib/gcc/arm-none-eabi/6.2.1/../../../../arm-none-eabi/lib/thumb/v6-m/crt0.o (memset)
c:/program files (x86)/gnu tools arm embedded/6.2 2016q4/bin/../lib/gcc/arm-none-eabi/6.2.1/../../../../arm-none-eabi/lib/thumb/v6-m\libg.a(lib_a-__call_atexit.o)
                              c:/program files (x86)/gnu tools arm embedded/6.2 2016q4/bin/../lib/gcc/arm-none-eabi/6.2.1/../../../../arm-none-eabi/lib/thumb/v6-m\libg.a(lib_a-exit.o) (__call_exitprocs)
c:/program files (x86)/gnu tools arm embedded/6.2 2016q4/bin/../lib/gcc/arm-none-eabi/6.2.1/../../../../arm-none-eabi/lib/thumb/v6-m\libg.a(lib_a-atexit.o)
                              c:/program files (x86)/gnu tools arm embedded/6.2 2016q4/bin/../lib/gcc/arm-none-eabi/6.2.1/../../../../arm-none-eabi/lib/thumb/v6-m\libg.a(lib_a-__call_atexit.o) (atexit)
c:/program files (x86)/gnu tools arm embedded/6.2 2016q4/bin/../lib/gcc/arm-none-eabi/6.2.1/../../../../arm-none-eabi/lib/thumb/v6-m\libg.a(lib_a-fini.o)
                              c:/program files (x86)/gnu tools arm embedded/6.2 2016q4/bin/../lib/gcc/arm-none-eabi/6.2.1/../../../../arm-none-eabi/lib/thumb/v6-m\libg.a(lib_a-__call_atexit.o) (__libc_fini_array)
c:/program files (x86)/gnu tools arm embedded/6.2 2016q4/bin/../lib/gcc/arm-none-eabi/6.2.1/../../../../arm-none-eabi/lib/thumb/v6-m\libg.a(lib_a-__atexit.o)
                              c:/program files (x86)/gnu tools arm embedded/6.2 2016q4/bin/../lib/gcc/arm-none-eabi/6.2.1/../../../../arm-none-eabi/lib/thumb/v6-m\libg.a(lib_a-atexit.o) (__register_exitproc)
c:/program files (x86)/gnu tools arm embedded/6.2 2016q4/bin/../lib/gcc/arm-none-eabi/6.2.1/../../../../arm-none-eabi/lib/thumb/v6-m\libnosys.a(_exit.o)
                              c:/program files (x86)/gnu tools arm embedded/6.2 2016q4/bin/../lib/gcc/arm-none-eabi/6.2.1/../../../../arm-none-eabi/lib/thumb/v6-m\libg.a(lib_a-exit.o) (_exit)
c:/program files (x86)/gnu tools arm embedded/6.2 2016q4/bin/../lib/gcc/arm-none-eabi/6.2.1/thumb/v6-m\libgcc.a(_thumb1_case_sqi.o)
                              C:\Users\Paul\AppData\Local\Temp\cc1DOxdP.ltrans1.ltrans.o (__gnu_thumb1_case_sqi)
c:/program files (x86)/gnu tools arm embedded/6.2 2016q4/bin/../lib/gcc/arm-none-eabi/6.2.1/thumb/v6-m\libgcc.a(_thumb1_case_uqi.o)
                              C:\Users\Paul\AppData\Local\Temp\cc1DOxdP.ltrans0.ltrans.o (__gnu_thumb1_case_uqi)
c:/program files (x86)/gnu tools arm embedded/6.2 2016q4/bin/../lib/gcc/arm-none-eabi/6.2.1/thumb/v6-m\libgcc.a(_thumb1_case_uhi.o)
                              C:\Users\Paul\AppData\Local\Temp\cc1DOxdP.ltrans0.ltrans.o (__gnu_thumb1_case_uhi)

Allocating common symbols
Common symbol       size              file

incoming_bytes_remain
                    0x1               source/buffer.o (symbol from plugin)
raw_bank_status     0x10              source/buffer.o (symbol from plugin)
raw_buffer16        0x200             source/buffer.o (symbol from plugin)
cur_usb_load_buff   0x4               source/buffer.o (symbol from plugin)

Discarded input sections

 .text          0x00000000        0x0 c:/program files (x86)/gnu tools arm embedded/6.2 2016q4/bin/../lib/gcc/arm-none-eabi/6.2.1/thumb/v6-m/crti.o
 .data          0x00000000        0x0 c:/program files (x86)/gnu tools arm embedded/6.2 2016q4/bin/../lib/gcc/arm-none-eabi/6.2.1/thumb/v6-m/crti.o
 .bss           0x00000000        0x0 c:/program files (x86)/gnu tools arm embedded/6.2 2016q4/bin/../lib/gcc/arm-none-eabi/6.2.1/thumb/v6-m/crti.o
 .text          0x00000000       0x60 c:/program files (x86)/gnu tools arm embedded/6.2 2016q4/bin/../lib/gcc/arm-none-eabi/6.2.1/thumb/v6-m/crtbegin.o
 .data          0x00000000        0x4 c:/program files (x86)/gnu tools arm embedded/6.2 2016q4/bin/../lib/gcc/arm-none-eabi/6.2.1/thumb/v6-m/crtbegin.o
 .bss           0x00000000       0x1c c:/program files (x86)/gnu tools arm embedded/6.2 2016q4/bin/../lib/gcc/arm-none-eabi/6.2.1/thumb/v6-m/crtbegin.o
 .init_array    0x00000000        0x4 c:/program files (x86)/gnu tools arm embedded/6.2 2016q4/bin/../lib/gcc/arm-none-eabi/6.2.1/thumb/v6-m/crtbegin.o
 .fini_array    0x00000000        0x4 c:/program files (x86)/gnu tools arm embedded/6.2 2016q4/bin/../lib/gcc/arm-none-eabi/6.2.1/thumb/v6-m/crtbegin.o
 .eh_frame      0x00000000        0x0 c:/program files (x86)/gnu tools arm embedded/6.2 2016q4/bin/../lib/gcc/arm-none-eabi/6.2.1/thumb/v6-m/crtbegin.o
 .jcr           0x00000000        0x0 c:/program files (x86)/gnu tools arm embedded/6.2 2016q4/bin/../lib/gcc/arm-none-eabi/6.2.1/thumb/v6-m/crtbegin.o
 .ARM.attributes
                0x00000000       0x2c c:/program files (x86)/gnu tools arm embedded/6.2 2016q4/bin/../lib/gcc/arm-none-eabi/6.2.1/thumb/v6-m/crtbegin.o
 .text          0x00000000       0x78 c:/program files (x86)/gnu tools arm embedded/6.2 2016q4/bin/../lib/gcc/arm-none-eabi/6.2.1/../../../../arm-none-eabi/lib/thumb/v6-m/crt0.o
 .data          0x00000000        0x0 c:/program files (x86)/gnu tools arm embedded/6.2 2016q4/bin/../lib/gcc/arm-none-eabi/6.2.1/../../../../arm-none-eabi/lib/thumb/v6-m/crt0.o
 .bss           0x00000000        0x0 c:/program files (x86)/gnu tools arm embedded/6.2 2016q4/bin/../lib/gcc/arm-none-eabi/6.2.1/../../../../arm-none-eabi/lib/thumb/v6-m/crt0.o
 .ARM.extab     0x00000000        0x0 c:/program files (x86)/gnu tools arm embedded/6.2 2016q4/bin/../lib/gcc/arm-none-eabi/6.2.1/../../../../arm-none-eabi/lib/thumb/v6-m/crt0.o
 .ARM.exidx     0x00000000        0x8 c:/program files (x86)/gnu tools arm embedded/6.2 2016q4/bin/../lib/gcc/arm-none-eabi/6.2.1/../../../../arm-none-eabi/lib/thumb/v6-m/crt0.o
 .ARM.attributes
                0x00000000       0x1b c:/program files (x86)/gnu tools arm embedded/6.2 2016q4/bin/../lib/gcc/arm-none-eabi/6.2.1/../../../../arm-none-eabi/lib/thumb/v6-m/crt0.o
 .data          0x00000000        0x0 C:\Users\Paul\AppData\Local\Temp\ccU2RJ15.o
 .bss           0x00000000        0x0 C:\Users\Paul\AppData\Local\Temp\ccU2RJ15.o
 .text          0x00000000        0x0 source/buffer.o (symbol from plugin)
 .text          0x00000000        0x0 C:\Users\Paul\AppData\Local\Temp\cc1DOxdP.ltrans0.ltrans.o
 .data          0x00000000        0x0 C:\Users\Paul\AppData\Local\Temp\cc1DOxdP.ltrans0.ltrans.o
 .bss           0x00000000        0x0 C:\Users\Paul\AppData\Local\Temp\cc1DOxdP.ltrans0.ltrans.o
 .rodata.oper_info
                0x00000000        0x4 C:\Users\Paul\AppData\Local\Temp\cc1DOxdP.ltrans0.ltrans.o
 .text          0x00000000        0x0 C:\Users\Paul\AppData\Local\Temp\cc1DOxdP.ltrans1.ltrans.o
 .data          0x00000000        0x0 C:\Users\Paul\AppData\Local\Temp\cc1DOxdP.ltrans1.ltrans.o
 .bss           0x00000000        0x0 C:\Users\Paul\AppData\Local\Temp\cc1DOxdP.ltrans1.ltrans.o
 .text          0x00000000        0x0 C:\Users\Paul\AppData\Local\Temp\cc1DOxdP.ltrans2.ltrans.o
 .data          0x00000000        0x0 C:\Users\Paul\AppData\Local\Temp\cc1DOxdP.ltrans2.ltrans.o
 .bss           0x00000000        0x0 C:\Users\Paul\AppData\Local\Temp\cc1DOxdP.ltrans2.ltrans.o
 .text          0x00000000        0x0 source/dump.o (symbol from plugin)
 .text          0x00000000        0x0 source/flash.o (symbol from plugin)
 .text          0x00000000        0x0 source/io.o (symbol from plugin)
 .text          0x00000000        0x0 source/main.o (symbol from plugin)
 .text          0x00000000        0x0 source/nes.o (symbol from plugin)
 .text          0x00000000        0x0 source/operation.o (symbol from plugin)
 .text          0x00000000        0x0 source/pinport.o (symbol from plugin)
 .text          0x00000000        0x0 source/usb.o (symbol from plugin)
 .text          0x00000000        0x0 source_stm_only/stm_init.o (symbol from plugin)
 .text          0x00000000        0x0 source_stm_only/usbstm.o (symbol from plugin)
 .text          0x00000000        0x0 c:/program files (x86)/gnu tools arm embedded/6.2 2016q4/bin/../lib/gcc/arm-none-eabi/6.2.1/../../../../arm-none-eabi/lib/thumb/v6-m\libg.a(lib_a-exit.o)
 .data          0x00000000        0x0 c:/program files (x86)/gnu tools arm embedded/6.2 2016q4/bin/../lib/gcc/arm-none-eabi/6.2.1/../../../../arm-none-eabi/lib/thumb/v6-m\libg.a(lib_a-exit.o)
 .bss           0x00000000        0x0 c:/program files (x86)/gnu tools arm embedded/6.2 2016q4/bin/../lib/gcc/arm-none-eabi/6.2.1/../../../../arm-none-eabi/lib/thumb/v6-m\libg.a(lib_a-exit.o)
 .text.exit     0x00000000       0x20 c:/program files (x86)/gnu tools arm embedded/6.2 2016q4/bin/../lib/gcc/arm-none-eabi/6.2.1/../../../../arm-none-eabi/lib/thumb/v6-m\libg.a(lib_a-exit.o)
 .debug_frame   0x00000000       0x28 c:/program files (x86)/gnu tools arm embedded/6.2 2016q4/bin/../lib/gcc/arm-none-eabi/6.2.1/../../../../arm-none-eabi/lib/thumb/v6-m\libg.a(lib_a-exit.o)
 .ARM.attributes
                0x00000000       0x2c c:/program files (x86)/gnu tools arm embedded/6.2 2016q4/bin/../lib/gcc/arm-none-eabi/6.2.1/../../../../arm-none-eabi/lib/thumb/v6-m\libg.a(lib_a-exit.o)
 .text          0x00000000        0x0 c:/program files (x86)/gnu tools arm embedded/6.2 2016q4/bin/../lib/gcc/arm-none-eabi/6.2.1/../../../../arm-none-eabi/lib/thumb/v6-m\libg.a(lib_a-impure.o)
 .data          0x00000000        0x0 c:/program files (x86)/gnu tools arm embedded/6.2 2016q4/bin/../lib/gcc/arm-none-eabi/6.2.1/../../../../arm-none-eabi/lib/thumb/v6-m\libg.a(lib_a-impure.o)
 .bss           0x00000000        0x0 c:/program files (x86)/gnu tools arm embedded/6.2 2016q4/bin/../lib/gcc/arm-none-eabi/6.2.1/../../../../arm-none-eabi/lib/thumb/v6-m\libg.a(lib_a-impure.o)
 .data._impure_ptr
                0x00000000        0x4 c:/program files (x86)/gnu tools arm embedded/6.2 2016q4/bin/../lib/gcc/arm-none-eabi/6.2.1/../../../../arm-none-eabi/lib/thumb/v6-m\libg.a(lib_a-impure.o)
 .data.impure_data
                0x00000000      0x428 c:/program files (x86)/gnu tools arm embedded/6.2 2016q4/bin/../lib/gcc/arm-none-eabi/6.2.1/../../../../arm-none-eabi/lib/thumb/v6-m\libg.a(lib_a-impure.o)
 .rodata._global_impure_ptr
                0x00000000        0x4 c:/program files (x86)/gnu tools arm embedded/6.2 2016q4/bin/../lib/gcc/arm-none-eabi/6.2.1/../../../../arm-none-eabi/lib/thumb/v6-m\libg.a(lib_a-impure.o)
 .ARM.attributes
                0x00000000       0x2c c:/program files (x86)/gnu tools arm embedded/6.2 2016q4/bin/../lib/gcc/arm-none-eabi/6.2.1/../../../../arm-none-eabi/lib/thumb/v6-m\libg.a(lib_a-impure.o)
 .text          0x00000000        0x0 c:/program files (x86)/gnu tools arm embedded/6.2 2016q4/bin/../lib/gcc/arm-none-eabi/6.2.1/../../../../arm-none-eabi/lib/thumb/v6-m\libg.a(lib_a-init.o)
 .data          0x00000000        0x0 c:/program files (x86)/gnu tools arm embedded/6.2 2016q4/bin/../lib/gcc/arm-none-eabi/6.2.1/../../../../arm-none-eabi/lib/thumb/v6-m\libg.a(lib_a-init.o)
 .bss           0x00000000        0x0 c:/program files (x86)/gnu tools arm embedded/6.2 2016q4/bin/../lib/gcc/arm-none-eabi/6.2.1/../../../../arm-none-eabi/lib/thumb/v6-m\libg.a(lib_a-init.o)
 .text.__libc_init_array
                0x00000000       0x48 c:/program files (x86)/gnu tools arm embedded/6.2 2016q4/bin/../lib/gcc/arm-none-eabi/6.2.1/../../../../arm-none-eabi/lib/thumb/v6-m\libg.a(lib_a-init.o)
 .debug_frame   0x00000000       0x2c c:/program files (x86)/gnu tools arm embedded/6.2 2016q4/bin/../lib/gcc/arm-none-eabi/6.2.1/../../../../arm-none-eabi/lib/thumb/v6-m\libg.a(lib_a-init.o)
 .ARM.attributes
                0x00000000       0x2c c:/program files (x86)/gnu tools arm embedded/6.2 2016q4/bin/../lib/gcc/arm-none-eabi/6.2.1/../../../../arm-none-eabi/lib/thumb/v6-m\libg.a(lib_a-init.o)
 .text          0x00000000        0x0 c:/program files (x86)/gnu tools arm embedded/6.2 2016q4/bin/../lib/gcc/arm-none-eabi/6.2.1/../../../../arm-none-eabi/lib/thumb/v6-m\libg.a(lib_a-memset.o)
 .data          0x00000000        0x0 c:/program files (x86)/gnu tools arm embedded/6.2 2016q4/bin/../lib/gcc/arm-none-eabi/6.2.1/../../../../arm-none-eabi/lib/thumb/v6-m\libg.a(lib_a-memset.o)
 .bss           0x00000000        0x0 c:/program files (x86)/gnu tools arm embedded/6.2 2016q4/bin/../lib/gcc/arm-none-eabi/6.2.1/../../../../arm-none-eabi/lib/thumb/v6-m\libg.a(lib_a-memset.o)
 .text.memset   0x00000000       0x94 c:/program files (x86)/gnu tools arm embedded/6.2 2016q4/bin/../lib/gcc/arm-none-eabi/6.2.1/../../../../arm-none-eabi/lib/thumb/v6-m\libg.a(lib_a-memset.o)
 .debug_frame   0x00000000       0x30 c:/program files (x86)/gnu tools arm embedded/6.2 2016q4/bin/../lib/gcc/arm-none-eabi/6.2.1/../../../../arm-none-eabi/lib/thumb/v6-m\libg.a(lib_a-memset.o)
 .ARM.attributes
                0x00000000       0x2c c:/program files (x86)/gnu tools arm embedded/6.2 2016q4/bin/../lib/gcc/arm-none-eabi/6.2.1/../../../../arm-none-eabi/lib/thumb/v6-m\libg.a(lib_a-memset.o)
 .text          0x00000000        0x0 c:/program files (x86)/gnu tools arm embedded/6.2 2016q4/bin/../lib/gcc/arm-none-eabi/6.2.1/../../../../arm-none-eabi/lib/thumb/v6-m\libg.a(lib_a-__call_atexit.o)
 .data          0x00000000        0x0 c:/program files (x86)/gnu tools arm embedded/6.2 2016q4/bin/../lib/gcc/arm-none-eabi/6.2.1/../../../../arm-none-eabi/lib/thumb/v6-m\libg.a(lib_a-__call_atexit.o)
 .bss           0x00000000        0x0 c:/program files (x86)/gnu tools arm embedded/6.2 2016q4/bin/../lib/gcc/arm-none-eabi/6.2.1/../../../../arm-none-eabi/lib/thumb/v6-m\libg.a(lib_a-__call_atexit.o)
 .text.startup.register_fini
                0x00000000       0x18 c:/program files (x86)/gnu tools arm embedded/6.2 2016q4/bin/../lib/gcc/arm-none-eabi/6.2.1/../../../../arm-none-eabi/lib/thumb/v6-m\libg.a(lib_a-__call_atexit.o)
 .init_array.00000
                0x00000000        0x4 c:/program files (x86)/gnu tools arm embedded/6.2 2016q4/bin/../lib/gcc/arm-none-eabi/6.2.1/../../../../arm-none-eabi/lib/thumb/v6-m\libg.a(lib_a-__call_atexit.o)
 .text.__call_exitprocs
                0x00000000       0xf8 c:/program files (x86)/gnu tools arm embedded/6.2 2016q4/bin/../lib/gcc/arm-none-eabi/6.2.1/../../../../arm-none-eabi/lib/thumb/v6-m\libg.a(lib_a-__call_atexit.o)
 .debug_frame   0x00000000       0x54 c:/program files (x86)/gnu tools arm embedded/6.2 2016q4/bin/../lib/gcc/arm-none-eabi/6.2.1/../../../../arm-none-eabi/lib/thumb/v6-m\libg.a(lib_a-__call_atexit.o)
 .ARM.attributes
                0x00000000       0x2c c:/program files (x86)/gnu tools arm embedded/6.2 2016q4/bin/../lib/gcc/arm-none-eabi/6.2.1/../../../../arm-none-eabi/lib/thumb/v6-m\libg.a(lib_a-__call_atexit.o)
 .text          0x00000000        0x0 c:/program files (x86)/gnu tools arm embedded/6.2 2016q4/bin/../lib/gcc/arm-none-eabi/6.2.1/../../../../arm-none-eabi/lib/thumb/v6-m\libg.a(lib_a-atexit.o)
 .data          0x00000000        0x0 c:/program files (x86)/gnu tools arm embedded/6.2 2016q4/bin/../lib/gcc/arm-none-eabi/6.2.1/../../../../arm-none-eabi/lib/thumb/v6-m\libg.a(lib_a-atexit.o)
 .bss           0x00000000        0x0 c:/program files (x86)/gnu tools arm embedded/6.2 2016q4/bin/../lib/gcc/arm-none-eabi/6.2.1/../../../../arm-none-eabi/lib/thumb/v6-m\libg.a(lib_a-atexit.o)
 .text.atexit   0x00000000       0x10 c:/program files (x86)/gnu tools arm embedded/6.2 2016q4/bin/../lib/gcc/arm-none-eabi/6.2.1/../../../../arm-none-eabi/lib/thumb/v6-m\libg.a(lib_a-atexit.o)
 .debug_frame   0x00000000       0x28 c:/program files (x86)/gnu tools arm embedded/6.2 2016q4/bin/../lib/gcc/arm-none-eabi/6.2.1/../../../../arm-none-eabi/lib/thumb/v6-m\libg.a(lib_a-atexit.o)
 .ARM.attributes
                0x00000000       0x2c c:/program files (x86)/gnu tools arm embedded/6.2 2016q4/bin/../lib/gcc/arm-none-eabi/6.2.1/../../../../arm-none-eabi/lib/thumb/v6-m\libg.a(lib_a-atexit.o)
 .text          0x00000000        0x0 c:/program files (x86)/gnu tools arm embedded/6.2 2016q4/bin/../lib/gcc/arm-none-eabi/6.2.1/../../../../arm-none-eabi/lib/thumb/v6-m\libg.a(lib_a-fini.o)
 .data          0x00000000        0x0 c:/program files (x86)/gnu tools arm embedded/6.2 2016q4/bin/../lib/gcc/arm-none-eabi/6.2.1/../../../../arm-none-eabi/lib/thumb/v6-m\libg.a(lib_a-fini.o)
 .bss           0x00000000        0x0 c:/program files (x86)/gnu tools arm embedded/6.2 2016q4/bin/../lib/gcc/arm-none-eabi/6.2.1/../../../../arm-none-eabi/lib/thumb/v6-m\libg.a(lib_a-fini.o)
 .text.__libc_fini_array
                0x00000000       0x34 c:/program files (x86)/gnu tools arm embedded/6.2 2016q4/bin/../lib/gcc/arm-none-eabi/6.2.1/../../../../arm-none-eabi/lib/thumb/v6-m\libg.a(lib_a-fini.o)
 .debug_frame   0x00000000       0x2c c:/program files (x86)/gnu tools arm embedded/6.2 2016q4/bin/../lib/gcc/arm-none-eabi/6.2.1/../../../../arm-none-eabi/lib/thumb/v6-m\libg.a(lib_a-fini.o)
 .ARM.attributes
                0x00000000       0x2c c:/program files (x86)/gnu tools arm embedded/6.2 2016q4/bin/../lib/gcc/arm-none-eabi/6.2.1/../../../../arm-none-eabi/lib/thumb/v6-m\libg.a(lib_a-fini.o)
 .text          0x00000000        0x0 c:/program files (x86)/gnu tools arm embedded/6.2 2016q4/bin/../lib/gcc/arm-none-eabi/6.2.1/../../../../arm-none-eabi/lib/thumb/v6-m\libg.a(lib_a-__atexit.o)
 .data          0x00000000        0x0 c:/program files (x86)/gnu tools arm embedded/6.2 2016q4/bin/../lib/gcc/arm-none-eabi/6.2.1/../../../../arm-none-eabi/lib/thumb/v6-m\libg.a(lib_a-__atexit.o)
 .bss           0x00000000        0x0 c:/program files (x86)/gnu tools arm embedded/6.2 2016q4/bin/../lib/gcc/arm-none-eabi/6.2.1/../../../../arm-none-eabi/lib/thumb/v6-m\libg.a(lib_a-__atexit.o)
 .text.__register_exitproc
                0x00000000       0xd4 c:/program files (x86)/gnu tools arm embedded/6.2 2016q4/bin/../lib/gcc/arm-none-eabi/6.2.1/../../../../arm-none-eabi/lib/thumb/v6-m\libg.a(lib_a-__atexit.o)
 .debug_frame   0x00000000       0x3c c:/program files (x86)/gnu tools arm embedded/6.2 2016q4/bin/../lib/gcc/arm-none-eabi/6.2.1/../../../../arm-none-eabi/lib/thumb/v6-m\libg.a(lib_a-__atexit.o)
 .ARM.attributes
                0x00000000       0x2c c:/program files (x86)/gnu tools arm embedded/6.2 2016q4/bin/../lib/gcc/arm-none-eabi/6.2.1/../../../../arm-none-eabi/lib/thumb/v6-m\libg.a(lib_a-__atexit.o)
 .text          0x00000000        0x0 c:/program files (x86)/gnu tools arm embedded/6.2 2016q4/bin/../lib/gcc/arm-none-eabi/6.2.1/../../../../arm-none-eabi/lib/thumb/v6-m\libnosys.a(_exit.o)
 .data          0x00000000        0x0 c:/program files (x86)/gnu tools arm embedded/6.2 2016q4/bin/../lib/gcc/arm-none-eabi/6.2.1/../../../../arm-none-eabi/lib/thumb/v6-m\libnosys.a(_exit.o)
 .bss           0x00000000        0x0 c:/program files (x86)/gnu tools arm embedded/6.2 2016q4/bin/../lib/gcc/arm-none-eabi/6.2.1/../../../../arm-none-eabi/lib/thumb/v6-m\libnosys.a(_exit.o)
 .text._exit    0x00000000        0x4 c:/program files (x86)/gnu tools arm embedded/6.2 2016q4/bin/../lib/gcc/arm-none-eabi/6.2.1/../../../../arm-none-eabi/lib/thumb/v6-m\libnosys.a(_exit.o)
 .debug_frame   0x00000000       0x20 c:/program files (x86)/gnu tools arm embedded/6.2 2016q4/bin/../lib/gcc/arm-none-eabi/6.2.1/../../../../arm-none-eabi/lib/thumb/v6-m\libnosys.a(_exit.o)
 .ARM.attributes
                0x00000000       0x2c c:/program files (x86)/gnu tools arm embedded/6.2 2016q4/bin/../lib/gcc/arm-none-eabi/6.2.1/../../../../arm-none-eabi/lib/thumb/v6-m\libnosys.a(_exit.o)
 .text          0x00000000        0x0 c:/program files (x86)/gnu tools arm embedded/6.2 2016q4/bin/../lib/gcc/arm-none-eabi/6.2.1/thumb/v6-m/crtend.o
 .data          0x00000000        0x0 c:/program files (x86)/gnu tools arm embedded/6.2 2016q4/bin/../lib/gcc/arm-none-eabi/6.2.1/thumb/v6-m/crtend.o
 .bss           0x00000000        0x0 c:/program files (x86)/gnu tools arm embedded/6.2 2016q4/bin/../lib/gcc/arm-none-eabi/6.2.1/thumb/v6-m/crtend.o
 .eh_frame      0x00000000        0x4 c:/program files (x86)/gnu tools arm embedded/6.2 2016q4/bin/../lib/gcc/arm-none-eabi/6.2.1/thumb/v6-m/crtend.o
 .jcr           0x00000000        0x4 c:/program files (x86)/gnu tools arm embedded/6.2 2016q4/bin/../lib/gcc/arm-none-eabi/6.2.1/thumb/v6-m/crtend.o
 .ARM.attributes
                0x00000000       0x2c c:/program files (x86)/gnu tools arm embedded/6.2 2016q4/bin/../lib/gcc/arm-none-eabi/6.2.1/thumb/v6-m/crtend.o
 .text          0x00000000        0x0 c:/program files (x86)/gnu tools arm embedded/6.2 2016q4/bin/../lib/gcc/arm-none-eabi/6.2.1/thumb/v6-m/crtn.o
 .data          0x00000000        0x0 c:/program files (x86)/gnu tools arm embedded/6.2 2016q4/bin/../lib/gcc/arm-none-eabi/6.2.1/thumb/v6-m/crtn.o
 .bss           0x00000000        0x0 c:/program files (x86)/gnu tools arm embedded/6.2 2016q4/bin/../lib/gcc/arm-none-eabi/6.2.1/thumb/v6-m/crtn.o
 .init          0x00000000        0x8 c:/program files (x86)/gnu tools arm embedded/6.2 2016q4/bin/../lib/gcc/arm-none-eabi/6.2.1/thumb/v6-m/crtn.o
 .fini          0x00000000        0x8 c:/program files (x86)/gnu tools arm embedded/6.2 2016q4/bin/../lib/gcc/arm-none-eabi/6.2.1/thumb/v6-m/crtn.o
 .ARM.attributes
                0x00000000       0x1e c:/program files (x86)/gnu tools arm embedded/6.2 2016q4/bin/../lib/gcc/arm-none-eabi/6.2.1/thumb/v6-m/crtn.o
 .data          0x00000000        0x0 c:/program files (x86)/gnu tools arm embedded/6.2 2016q4/bin/../lib/gcc/arm-none-eabi/6.2.1/thumb/v6-m\libgcc.a(_thumb1_case_sqi.o)
 .bss           0x00000000        0x0 c:/program files (x86)/gnu tools arm embedded/6.2 2016q4/bin/../lib/gcc/arm-none-eabi/6.2.1/thumb/v6-m\libgcc.a(_thumb1_case_sqi.o)
 .data          0x00000000        0x0 c:/program files (x86)/gnu tools arm embedded/6.2 2016q4/bin/../lib/gcc/arm-none-eabi/6.2.1/thumb/v6-m\libgcc.a(_thumb1_case_uqi.o)
 .bss           0x00000000        0x0 c:/program files (x86)/gnu tools arm embedded/6.2 2016q4/bin/../lib/gcc/arm-none-eabi/6.2.1/thumb/v6-m\libgcc.a(_thumb1_case_uqi.o)
 .data          0x00000000        0x0 c:/program files (x86)/gnu tools arm embedded/6.2 2016q4/bin/../lib/gcc/arm-none-eabi/6.2.1/thumb/v6-m\libgcc.a(_thumb1_case_uhi.o)
 .bss           0x00000000        0x0 c:/program files (x86)/gnu tools arm embedded/6.2 2016q4/bin/../lib/gcc/arm-none-eabi/6.2.1/thumb/v6-m\libgcc.a(_thumb1_case_uhi.o)

Memory Configuration

Name             Origin             Length             Attributes
FLASH            0x08000000         0x00008000         xr
RAM              0x20000000         0x00001800         xrw
*default*        0x00000000         0xffffffff

Linker script and memory map

LOAD c:/program files (x86)/gnu tools arm embedded/6.2 2016q4/bin/../lib/gcc/arm-none-eabi/6.2.1/thumb/v6-m/crti.o
LOAD c:/program files (x86)/gnu tools arm embedded/6.2 2016q4/bin/../lib/gcc/arm-none-eabi/6.2.1/thumb/v6-m/crtbegin.o
LOAD c:/program files (x86)/gnu tools arm embedded/6.2 2016q4/bin/../lib/gcc/arm-none-eabi/6.2.1/../../../../arm-none-eabi/lib/thumb/v6-m/crt0.o
LOAD C:\Users\Paul\AppData\Local\Temp\ccU2RJ15.o
LOAD source/buffer.o
LOAD C:\Users\Paul\AppData\Local\Temp\cc1DOxdP.ltrans0.ltrans.o
LOAD C:\Users\Paul\AppData\Local\Temp\cc1DOxdP.ltrans1.ltrans.o
LOAD C:\Users\Paul\AppData\Local\Temp\cc1DOxdP.ltrans2.ltrans.o
LOAD source/dump.o
LOAD source/flash.o
LOAD source/io.o
LOAD source/main.o
LOAD source/nes.o
LOAD source/operation.o
LOAD source/pinport.o
LOAD source/usb.o
LOAD source_stm_only/stm_init.o
LOAD source_stm_only/usbstm.o
START GROUP
LOAD c:/program files (x86)/gnu tools arm embedded/6.2 2016q4/bin/../lib/gcc/arm-none-eabi/6.2.1/thumb/v6-m\libgcc.a
LOAD c:/program files (x86)/gnu tools arm embedded/6.2 2016q4/bin/../lib/gcc/arm-none-eabi/6.2.1/../../../../arm-none-eabi/lib/thumb/v6-m\libg.a
LOAD c:/program files (x86)/gnu tools arm embedded/6.2 2016q4/bin/../lib/gcc/arm-none-eabi/6.2.1/../../../../arm-none-eabi/lib/thumb/v6-m\libc.a
END GROUP
START GROUP
LOAD c:/program files (x86)/gnu tools arm embedded/6.2 2016q4/bin/../lib/gcc/arm-none-eabi/6.2.1/thumb/v6-m\libgcc.a
LOAD c:/program files (x86)/gnu tools arm embedded/6.2 2016q4/bin/../lib/gcc/arm-none-eabi/6.2.1/../../../../arm-none-eabi/lib/thumb/v6-m\libc.a
LOAD c:/program files (x86)/gnu tools arm embedded/6.2 2016q4/bin/../lib/gcc/arm-none-eabi/6.2.1/../../../../arm-none-eabi/lib/thumb/v6-m\libnosys.a
END GROUP
LOAD c:/program files (x86)/gnu tools arm embedded/6.2 2016q4/bin/../lib/gcc/arm-none-eabi/6.2.1/thumb/v6-m/crtend.o
LOAD c:/program files (x86)/gnu tools arm embedded/6.2 2016q4/bin/../lib/gcc/arm-none-eabi/6.2.1/thumb/v6-m/crtn.o

.text           0x08000000     0x1e38
 *(.isr_vector)
 .isr_vector    0x08000000       0xc0 C:\Users\Paul\AppData\Local\Temp\ccU2RJ15.o
                0x08000000                __isr_vector
 *(.text*)
 .text          0x080000c0       0x40 C:\Users\Paul\AppData\Local\Temp\ccU2RJ15.o
                0x080000c0                Reset_Handler
                0x080000fc                TSC_IRQHandler
                0x080000fc                ADC1_COMP_IRQHandler
                0x080000fc                SysTick_Handler
                0x080000fc                PendSV_Handler
                0x080000fc                NMI_Handler
                0x080000fc                I2C1_IRQHandler
                0x080000fc                RCC_CRS_IRQHandler
                0x080000fc                SPI1_IRQHandler
                0x080000fc                TIM6_DAC_IRQHandler
                0x080000fc                USART3_4_IRQHandler
                0x080000fc                EXTI2_3_IRQHandler
                0x080000fc                I2C2_IRQHandler
                0x080000fc                TIM17_IRQHandler
                0x080000fc                CEC_CAN_IRQHandler
                0x080000fc                PVD_VDDIO2_IRQHandler
                0x080000fc                TIM1_CC_IRQHandler
                0x080000fc                DMA1_Channel4_5_6_7_IRQHandler
                0x080000fc                TIM16_IRQHandler
                0x080000fc                TIM3_IRQHandler
                0x080000fc                EXTI4_15_IRQHandler
                0x080000fc                DMA1_Channel1_IRQHandler
                0x080000fc                Default_Handler
                0x080000fc                TIM14_IRQHandler
                0x080000fc                TIM7_IRQHandler
                0x080000fc                TIM15_IRQHandler
                0x080000fc                EXTI0_1_IRQHandler
                0x080000fc                SPI2_IRQHandler
                0x080000fc                SVC_Handler
                0x080000fc                RTC_IRQHand
                0x080000fc                WWDG_IRQHandler
                0x080000fc                TIM2_IRQHandler
                0x080000fc                DEF_IRQHandler
                0x080000fc                DMA1_Channel2_3_IRQHandler
                0x080000fc                USART2_IRQHandler
                0x080000fc                FLASH_IRQHandler
                0x080000fc                USART1_IRQHandler
                0x080000fc                TIM1_BRK_UP_TRG_COM_IRQHandler
 .text.USB_IRQHandler
                0x08000100     0x12c8 C:\Users\Paul\AppData\Local\Temp\cc1DOxdP.ltrans0.ltrans.o
                0x08000100                USB_IRQHandler
 .text.nes_ppu_wr
                0x080013c8       0x90 C:\Users\Paul\AppData\Local\Temp\cc1DOxdP.ltrans1.ltrans.o
                0x080013c8                nes_ppu_wr
 .text.nes_ppu_rd
                0x08001458       0x84 C:\Users\Paul\AppData\Local\Temp\cc1DOxdP.ltrans1.ltrans.o
                0x08001458                nes_ppu_rd
 .text.nes_cpu_rd
                0x080014dc       0x88 C:\Users\Paul\AppData\Local\Temp\cc1DOxdP.ltrans1.ltrans.o
                0x080014dc                nes_cpu_rd
 .text.discrete_exp0_prgrom_wr
                0x08001564       0x8c C:\Users\Paul\AppData\Local\Temp\cc1DOxdP.ltrans1.ltrans.o
                0x08001564                discrete_exp0_prgrom_wr
 .text.get_next_buff
                0x080015f0       0x54 C:\Users\Paul\AppData\Local\Temp\cc1DOxdP.ltrans1.ltrans.o
 .text.control_xfr_in.lto_priv.20
                0x08001644       0xbc C:\Users\Paul\AppData\Local\Temp\cc1DOxdP.ltrans1.ltrans.o
                0x08001644                control_xfr_in.lto_priv.20
 .text.HardFault_Handler
                0x08001700        0x2 C:\Users\Paul\AppData\Local\Temp\cc1DOxdP.ltrans1.ltrans.o
                0x08001700                HardFault_Handler
 *fill*         0x08001702        0x2 
 .text.io_reset
                0x08001704      0x1a0 C:\Users\Paul\AppData\Local\Temp\cc1DOxdP.ltrans1.ltrans.o
                0x08001704                io_reset
 .text.startup.main
                0x080018a4      0x3d8 C:\Users\Paul\AppData\Local\Temp\cc1DOxdP.ltrans1.ltrans.o
                0x080018a4                main
 .text.nes_cpu_page_rd_poll.constprop.14
                0x08001c7c       0xc0 C:\Users\Paul\AppData\Local\Temp\cc1DOxdP.ltrans2.ltrans.o
                0x08001c7c                nes_cpu_page_rd_poll.constprop.14
 .text          0x08001d3c       0x14 c:/program files (x86)/gnu tools arm embedded/6.2 2016q4/bin/../lib/gcc/arm-none-eabi/6.2.1/thumb/v6-m\libgcc.a(_thumb1_case_sqi.o)
                0x08001d3c                __gnu_thumb1_case_sqi
 .text          0x08001d50       0x14 c:/program files (x86)/gnu tools arm embedded/6.2 2016q4/bin/../lib/gcc/arm-none-eabi/6.2.1/thumb/v6-m\libgcc.a(_thumb1_case_uqi.o)
                0x08001d50                __gnu_thumb1_case_uqi
 .text          0x08001d64       0x14 c:/program files (x86)/gnu tools arm embedded/6.2 2016q4/bin/../lib/gcc/arm-none-eabi/6.2.1/thumb/v6-m\libgcc.a(_thumb1_case_uhi.o)
                0x08001d64                __gnu_thumb1_case_uhi
 *(.init)
 .init          0x08001d78        0x4 c:/program files (x86)/gnu tools arm embedded/6.2 2016q4/bin/../lib/gcc/arm-none-eabi/6.2.1/thumb/v6-m/crti.o
                0x08001d78                _init
 *(.fini)
 .fini          0x08001d7c        0x4 c:/program files (x86)/gnu tools arm embedded/6.2 2016q4/bin/../lib/gcc/arm-none-eabi/6.2.1/thumb/v6-m/crti.o
                0x08001d7c                _fini
 *crtbegin.o(.ctors)
 *crtbegin?.o(.ctors)
 *(EXCLUDE_FILE(*crtend.o *crtend?.o) .ctors)
 *(SORT(.ctors.*))
 *(.ctors)
 *crtbegin.o(.dtors)
 *crtbegin?.o(.dtors)
 *(EXCLUDE_FILE(*crtend.o *crtend?.o) .dtors)
 *(SORT(.dtors.*))
 *(.dtors)
 *(.rodata*)
 .rodata.config_desc
                0x08001d80       0x12 C:\Users\Paul\AppData\Local\Temp\cc1DOxdP.ltrans0.ltrans.o
 .rodata.device_desc
                0x08001d92       0x12 C:\Users\Paul\AppData\Local\Temp\cc1DOxdP.ltrans0.ltrans.o
 .rodata.string0_desc
                0x08001da4        0x4 C:\Users\Paul\AppData\Local\Temp\cc1DOxdP.ltrans0.ltrans.o
 .rodata.string1_desc
                0x08001da8       0x54 C:\Users\Paul\AppData\Local\Temp\cc1DOxdP.ltrans0.ltrans.o
 .rodata.string2_desc
                0x08001dfc       0x3c C:\Users\Paul\AppData\Local\Temp\cc1DOxdP.ltrans0.ltrans.o
 *(.eh_frame*)

.glue_7         0x08001e38        0x0
 .glue_7        0x08001e38        0x0 linker stubs

.glue_7t        0x08001e38        0x0
 .glue_7t       0x08001e38        0x0 linker stubs

.vfp11_veneer   0x08001e38        0x0
 .vfp11_veneer  0x08001e38        0x0 linker stubs

.v4_bx          0x08001e38        0x0
 .v4_bx         0x08001e38        0x0 linker stubs

.iplt           0x08001e38        0x0
 .iplt          0x08001e38        0x0 c:/program files (x86)/gnu tools arm embedded/6.2 2016q4/bin/../lib/gcc/arm-none-eabi/6.2.1/thumb/v6-m/crtbegin.o

.rel.dyn        0x08001e38        0x0
 .rel.iplt      0x08001e38        0x0 c:/program files (x86)/gnu tools arm embedded/6.2 2016q4/bin/../lib/gcc/arm-none-eabi/6.2.1/thumb/v6-m/crtbegin.o

.ARM.extab
 *(.ARM.extab* .gnu.linkonce.armextab.*)
                0x08001e38                __exidx_start = .

.ARM.exidx
 *(.ARM.exidx* .gnu.linkonce.armexidx.*)
                0x08001e38                __exidx_end = .
                0x08001e38                __etext = ALIGN (0x4)

.data           0x20000000        0x0 load address 0x08001e38
                0x20000000                __data_start__ = .
 *(vtable)
 *(.data*)
                0x20000000                . = ALIGN (0x4)
                0x20000000                PROVIDE (__preinit_array_start, .)
 *(.preinit_array)
                0x20000000                PROVIDE (__preinit_array_end, .)
                0x20000000                . = ALIGN (0x4)
                0x20000000                PROVIDE (__init_array_start, .)
 *(SORT(.init_array.*))
 *(.init_array)
                0x20000000                PROVIDE (__init_array_end, .)
                0x20000000                . = ALIGN (0x4)
                0x20000000                PROVIDE (__fini_array_start, .)
 *(SORT(.fini_array.*))
 *(.fini_array)
                0x20000000                PROVIDE (__fini_array_end, .)
 *(.jcr)
                0x20000000                . = ALIGN (0x4)
                0x20000000                __data_end__ = .

.igot.plt       0x20000000        0x0
 .igot.plt      0x20000000        0x0 c:/program files (x86)/gnu tools arm embedded/6.2 2016q4/bin/../lib/gcc/arm-none-eabi/6.2.1/thumb/v6-m/crtbegin.o

.bss            0x20000000      0x2ac
                0x20000000                . = ALIGN (0x4)
                0x20000000                __bss_start__ = .
 *(.bss*)
 .bss.buff0     0x20000000       0x14 C:\Users\Paul\AppData\Local\Temp\cc1DOxdP.ltrans0.ltrans.o
                0x20000000                buff0
 .bss.buff1     0x20000014       0x14 C:\Users\Paul\AppData\Local\Temp\cc1DOxdP.ltrans0.ltrans.o
                0x20000014                buff1
 .bss.buff2     0x20000028       0x14 C:\Users\Paul\AppData\Local\Temp\cc1DOxdP.ltrans0.ltrans.o
                0x20000028                buff2
 .bss.buff3     0x2000003c       0x14 C:\Users\Paul\AppData\Local\Temp\cc1DOxdP.ltrans0.ltrans.o
                0x2000003c                buff3
 .bss.cur_buff  0x20000050        0x4 C:\Users\Paul\AppData\Local\Temp\cc1DOxdP.ltrans0.ltrans.o
                0x20000050                cur_buff
 .bss.cur_usb_load_buff
                0x20000054        0x4 C:\Users\Paul\AppData\Local\Temp\cc1DOxdP.ltrans0.ltrans.o
 .bss.incoming_bytes_remain
                0x20000058        0x1 C:\Users\Paul\AppData\Local\Temp\cc1DOxdP.ltrans0.ltrans.o
 *fill*         0x20000059        0x3 
 .bss.log       0x2000005c        0x4 C:\Users\Paul\AppData\Local\Temp\cc1DOxdP.ltrans0.ltrans.o
 .bss.new_address
                0x20000060        0x1 C:\Users\Paul\AppData\Local\Temp\cc1DOxdP.ltrans0.ltrans.o
 *fill*         0x20000061        0x1 
 .bss.num_bytes_req.lto_priv.23
                0x20000062        0x2 C:\Users\Paul\AppData\Local\Temp\cc1DOxdP.ltrans0.ltrans.o
                0x20000062                num_bytes_req.lto_priv.23
 .bss.num_bytes_sending.lto_priv.22
                0x20000064        0x2 C:\Users\Paul\AppData\Local\Temp\cc1DOxdP.ltrans0.ltrans.o
                0x20000064                num_bytes_sending.lto_priv.22
 .bss.num_bytes_xfrd.lto_priv.21
                0x20000066        0x2 C:\Users\Paul\AppData\Local\Temp\cc1DOxdP.ltrans0.ltrans.o
                0x20000066                num_bytes_xfrd.lto_priv.21
 .bss.oper_info_struct
                0x20000068       0x20 C:\Users\Paul\AppData\Local\Temp\cc1DOxdP.ltrans0.ltrans.o
                0x20000068                oper_info_struct
 .bss.raw_bank_status
                0x20000088       0x10 C:\Users\Paul\AppData\Local\Temp\cc1DOxdP.ltrans0.ltrans.o
 .bss.raw_buffer16
                0x20000098      0x200 C:\Users\Paul\AppData\Local\Temp\cc1DOxdP.ltrans0.ltrans.o
 .bss.req_dir   0x20000298        0x1 C:\Users\Paul\AppData\Local\Temp\cc1DOxdP.ltrans0.ltrans.o
 .bss.reqdir    0x20000299        0x1 C:\Users\Paul\AppData\Local\Temp\cc1DOxdP.ltrans0.ltrans.o
 .bss.reqtype   0x2000029a        0x1 C:\Users\Paul\AppData\Local\Temp\cc1DOxdP.ltrans0.ltrans.o
 *fill*         0x2000029b        0x1 
 .bss.rv16.4797
                0x2000029c        0x8 C:\Users\Paul\AppData\Local\Temp\cc1DOxdP.ltrans0.ltrans.o
 .bss.usbMsgPtr
                0x200002a4        0x4 C:\Users\Paul\AppData\Local\Temp\cc1DOxdP.ltrans0.ltrans.o
                0x200002a4                usbMsgPtr
 .bss.num_buff.4877
                0x200002a8        0x1 C:\Users\Paul\AppData\Local\Temp\cc1DOxdP.ltrans1.ltrans.o
 *(COMMON)
                0x200002ac                . = ALIGN (0x4)
 *fill*         0x200002a9        0x3 
                0x200002ac                __bss_end__ = .

.heap           0x200002b0        0x0
                0x200002b0                __end__ = .
                [!provide]                PROVIDE (end, .)
 *(.heap*)
 .heap          0x200002b0        0x0 C:\Users\Paul\AppData\Local\Temp\ccU2RJ15.o
                0x200002b0                __HeapLimit = .

.stack_dummy    0x200002b0      0xc00
 *(.stack*)
 .stack         0x200002b0      0xc00 C:\Users\Paul\AppData\Local\Temp\ccU2RJ15.o
                0x20001800                __StackTop = (ORIGIN (RAM) + LENGTH (RAM))
                0x20000c00                __StackLimit = (__StackTop - SIZEOF (.stack_dummy))
                0x20001800                PROVIDE (__stack, __StackTop)
                0x00000001                ASSERT ((__StackLimit >= __HeapLimit), region RAM overflowed with stack)
OUTPUT(build_stm/inlretro_stm.elf elf32-littlearm)

.ARM.attributes
                0x00000000       0x28
 .ARM.attributes
                0x00000000       0x1e c:/program files (x86)/gnu tools arm embedded/6.2 2016q4/bin/../lib/gcc/arm-none-eabi/6.2.1/thumb/v6-m/crti.o
 .ARM.attributes
                0x0000001e       0x1b C:\Users\Paul\AppData\Local\Temp\ccU2RJ15.o
 .ARM.attributes
                0x00000039       0x2f C:\Users\Paul\AppData\Local\Temp\cc1DOxdP.ltrans0.ltrans.o
 .ARM.attributes
                0x00000068       0x2f C:\Users\Paul\AppData\Local\Temp\cc1DOxdP.ltrans1.ltrans.o
 .ARM.attributes
                0x00000097       0x2f C:\Users\Paul\AppData\Local\Temp\cc1DOxdP.ltrans2.ltrans.o
 .ARM.attributes
                0x000000c6       0x1e c:/program files (x86)/gnu tools arm embedded/6.2 2016q4/bin/../lib/gcc/arm-none-eabi/6.2.1/thumb/v6-m\libgcc.a(_thumb1_case_sqi.o)
 .ARM.attributes
                0x000000e4       0x1e c:/program files (x86)/gnu tools arm embedded/6.2 2016q4/bin/../lib/gcc/arm-none-eabi/6.2.1/thumb/v6-m\libgcc.a(_thumb1_case_uqi.o)
 .ARM.attributes
                0x00000102       0x1e c:/program files (x86)/gnu tools arm embedded/6.2 2016q4/bin/../lib/gcc/arm-none-eabi/6.2.1/thumb/v6-m\libgcc.a(_thumb1_case_uhi.o)

.comment        0x00000000       0x6e
 .comment       0x00000000       0x6e C:\Users\Paul\AppData\Local\Temp\cc1DOxdP.ltrans0.ltrans.o
                                 0x6f (size before relaxing)
 .comment       0x0000006e       0x6f C:\Users\Paul\AppData\Local\Temp\cc1DOxdP.ltrans1.ltrans.o
 .comment       0x0000006e       0x6f C:\Users\Paul\AppData\Local\Temp\cc1DOxdP.ltrans2.ltrans.o

.debug_line     0x00000000      0xe28
 .debug_line    0x00000000       0x6f C:\Users\Paul\AppData\Local\Temp\ccU2RJ15.o
 .debug_line    0x0000006f      0x7e1 C:\Users\Paul\AppData\Local\Temp\cc1DOxdP.ltrans0.ltrans.o
 .debug_line    0x00000850      0x497 C:\Users\Paul\AppData\Local\Temp\cc1DOxdP.ltrans1.ltrans.o
 .debug_line    0x00000ce7      0x141 C:\Users\Paul\AppData\Local\Temp\cc1DOxdP.ltrans2.ltrans.o

.debug_info     0x00000000     0x1a15
 .debug_info    0x00000000       0x83 C:\Users\Paul\AppData\Local\Temp\ccU2RJ15.o
 .debug_info    0x00000083      0xf8f C:\Users\Paul\AppData\Local\Temp\cc1DOxdP.ltrans0.ltrans.o
 .debug_info    0x00001012      0x90d C:\Users\Paul\AppData\Local\Temp\cc1DOxdP.ltrans1.ltrans.o
 .debug_info    0x0000191f       0xf6 C:\Users\Paul\AppData\Local\Temp\cc1DOxdP.ltrans2.ltrans.o

.debug_abbrev   0x00000000      0x7ba
 .debug_abbrev  0x00000000       0x14 C:\Users\Paul\AppData\Local\Temp\ccU2RJ15.o
 .debug_abbrev  0x00000014      0x330 C:\Users\Paul\AppData\Local\Temp\cc1DOxdP.ltrans0.ltrans.o
 .debug_abbrev  0x00000344      0x3da C:\Users\Paul\AppData\Local\Temp\cc1DOxdP.ltrans1.ltrans.o
 .debug_abbrev  0x0000071e       0x9c C:\Users\Paul\AppData\Local\Temp\cc1DOxdP.ltrans2.ltrans.o

.debug_aranges  0x00000000       0xc0
 .debug_aranges
                0x00000000       0x20 C:\Users\Paul\AppData\Local\Temp\ccU2RJ15.o
 .debug_aranges
                0x00000020       0x20 C:\Users\Paul\AppData\Local\Temp\cc1DOxdP.ltrans0.ltrans.o
 .debug_aranges
                0x00000040       0x60 C:\Users\Paul\AppData\Local\Temp\cc1DOxdP.ltrans1.ltrans.o
 .debug_aranges
                0x000000a0       0x20 C:\Users\Paul\AppData\Local\Temp\cc1DOxdP.ltrans2.ltrans.o

.debug_loc      0x00000000     0x21de
 .debug_loc     0x00000000     0x1ac6 C:\Users\Paul\AppData\Local\Temp\cc1DOxdP.ltrans0.ltrans.o
 .debug_loc     0x00001ac6      0x663 C:\Users\Paul\AppData\Local\Temp\cc1DOxdP.ltrans1.ltrans.o
 .debug_loc     0x00002129       0xb5 C:\Users\Paul\AppData\Local\Temp\cc1DOxdP.ltrans2.ltrans.o

.debug_ranges   0x00000000     0x1138
 .debug_ranges  0x00000000      0xfa8 C:\Users\Paul\AppData\Local\Temp\cc1DOxdP.ltrans0.ltrans.o
 .debug_ranges  0x00000fa8      0x180 C:\Users\Paul\AppData\Local\Temp\cc1DOxdP.ltrans1.ltrans.o
 .debug_ranges  0x00001128       0x10 C:\Users\Paul\AppData\Local\Temp\cc1DOxdP.ltrans2.ltrans.o

.debug_str      0x00000000      0x8dd
 .debug_str     0x00000000      0x72f C:\Users\Paul\AppData\Local\Temp\cc1DOxdP.ltrans0.ltrans.o
                                0x76f (size before relaxing)
 .debug_str     0x0000072f      0x177 C:\Users\Paul\AppData\Local\Temp\cc1DOxdP.ltrans1.ltrans.o
                                0x3fb (size before relaxing)
 .debug_str     0x000008a6       0x37 C:\Users\Paul\AppData\Local\Temp\cc1DOxdP.ltrans2.ltrans.o
                                0x1d1 (size before relaxing)

.debug_frame    0x00000000      0x158
 .debug_frame   0x00000000       0x30 C:\Users\Paul\AppData\Local\Temp\cc1DOxdP.ltrans0.ltrans.o
 .debug_frame   0x00000030       0xf8 C:\Users\Paul\AppData\Local\Temp\cc1DOxdP.ltrans1.ltrans.o
 .debug_frame   0x00000128       0x30 C:\Users\Paul\AppData\Local\Temp\cc1DOxdP.ltrans2.ltrans.o
